interactions:
- request:
    body: !!python/unicode '{"name": "TestCopy.test_posix_to_existing_dx.2312d8e0"}'
    headers:
      Content-Type: [application/json]
      DNAnexus-API: [1.0.0]
      User-Agent: [dxpy/0.275.0 (Darwin-18.2.0-x86_64-i386-64bit)]
    method: POST
    uri: https://api.dnanexus.com/project/new
  response:
    body: {string: !!python/unicode '{"id":"project-FVbp5kQ0pV26KPjvBG6V1j63"}'}
    headers:
      connection: [keep-alive]
      content-length: ['41']
      content-type: [application/json; charset=utf-8]
      date: ['Tue, 19 Feb 2019 06:32:06 GMT']
      server: [nginx]
      x-content-type-options: [nosniff]
      x-powered-by: [Express]
      x-request-id: [1550557926558-114667]
      x-upgrade-info: ['A recommended update (v0.276.0) is available for your client/SDK.
          You can download it from https://wiki.dnanexus.com/Downloads#Install']
    status: {code: 200, message: OK}
- request:
    body: !!python/unicode '{}'
    headers:
      Content-Type: [application/json]
      DNAnexus-API: [1.0.0]
      User-Agent: [dxpy/0.275.0 (Darwin-18.2.0-x86_64-i386-64bit)]
    method: POST
    uri: https://api.dnanexus.com/project-FVbp5kQ0pV26KPjvBG6V1j63/describe
  response:
    body: {string: !!python/unicode '{"id":"project-FVbp5kQ0pV26KPjvBG6V1j63","name":"TestCopy.test_posix_to_existing_dx.2312d8e0","class":"project","created":1550557926000,"modified":1550557926000,"billTo":"org-counsyl","level":"ADMINISTER","dataUsage":0,"sponsoredDataUsage":0,"region":"aws:us-east-1","summary":"","description":"","protected":false,"restricted":false,"downloadRestricted":false,"containsPHI":false,"createdBy":{"user":"user-akumar_counsyl"},"version":0,"storageCost":0,"pendingTransfer":null,"tags":[],"defaultInstanceType":"mem2_hdd2_x2","archivalState":"live","archivalProgress":null,"totalSponsoredEgressBytes":0,"consumedSponsoredEgressBytes":0,"atSpendingLimit":false}'}
    headers:
      connection: [keep-alive]
      content-length: ['656']
      content-type: [application/json; charset=utf-8]
      date: ['Tue, 19 Feb 2019 06:32:06 GMT']
      server: [nginx]
      x-content-type-options: [nosniff]
      x-powered-by: [Express]
      x-request-id: [1550557926715-540919]
      x-upgrade-info: ['A recommended update (v0.276.0) is available for your client/SDK.
          You can download it from https://wiki.dnanexus.com/Downloads#Install']
    status: {code: 200, message: OK}
- request:
    body: !!python/unicode '{"parents": true, "folder": "/temp_folder"}'
    headers:
      Content-Type: [application/json]
      DNAnexus-API: [1.0.0]
      User-Agent: [dxpy/0.275.0 (Darwin-18.2.0-x86_64-i386-64bit)]
    method: POST
    uri: https://api.dnanexus.com/project-FVbp5kQ0pV26KPjvBG6V1j63/newFolder
  response:
    body: {string: !!python/unicode '{"id":"project-FVbp5kQ0pV26KPjvBG6V1j63"}'}
    headers:
      connection: [keep-alive]
      content-length: ['41']
      content-type: [application/json; charset=utf-8]
      date: ['Tue, 19 Feb 2019 06:32:06 GMT']
      server: [nginx]
      x-content-type-options: [nosniff]
      x-powered-by: [Express]
      x-request-id: [1550557926842-335413]
      x-upgrade-info: ['A recommended update (v0.276.0) is available for your client/SDK.
          You can download it from https://wiki.dnanexus.com/Downloads#Install']
    status: {code: 200, message: OK}
- request:
    body: !!python/unicode '{"name": "file.txt", "project": "project-FVbp5kQ0pV26KPjvBG6V1j63",
      "nonce": "14af8165747297c60208350ecf1a5e1f7fd8ee495f1d1c18698a196f0174ec3b1550557926.899765",
      "folder": "/temp_folder"}'
    headers:
      Content-Type: [application/json]
      DNAnexus-API: [1.0.0]
      User-Agent: [dxpy/0.275.0 (Darwin-18.2.0-x86_64-i386-64bit)]
    method: POST
    uri: https://api.dnanexus.com/file/new
  response:
    body: {string: !!python/unicode '{"id":"file-FVbp5kQ0pV271v4kBGKzzkGK"}'}
    headers:
      connection: [keep-alive]
      content-length: ['38']
      content-type: [application/json; charset=utf-8]
      date: ['Tue, 19 Feb 2019 06:32:07 GMT']
      server: [nginx]
      x-content-type-options: [nosniff]
      x-powered-by: [Express]
      x-request-id: [1550557926939-149192]
      x-upgrade-info: ['A recommended update (v0.276.0) is available for your client/SDK.
          You can download it from https://wiki.dnanexus.com/Downloads#Install']
    status: {code: 200, message: OK}
- request:
    body: !!python/unicode '{"fields": {"fileUploadParameters": true}}'
    headers:
      Content-Type: [application/json]
      DNAnexus-API: [1.0.0]
      User-Agent: [dxpy/0.275.0 (Darwin-18.2.0-x86_64-i386-64bit)]
    method: POST
    uri: https://api.dnanexus.com/project-FVbp5kQ0pV26KPjvBG6V1j63/describe
  response:
    body: {string: !!python/unicode '{"id":"project-FVbp5kQ0pV26KPjvBG6V1j63","fileUploadParameters":{"maximumPartSize":5368709120,"minimumPartSize":5242880,"maximumFileSize":5497558138880,"maximumNumParts":10000,"emptyLastPartAllowed":true}}'}
    headers:
      connection: [keep-alive]
      content-length: ['205']
      content-type: [application/json; charset=utf-8]
      date: ['Tue, 19 Feb 2019 06:32:07 GMT']
      server: [nginx]
      x-content-type-options: [nosniff]
      x-powered-by: [Express]
      x-request-id: [1550557927144-70272]
      x-upgrade-info: ['A recommended update (v0.276.0) is available for your client/SDK.
          You can download it from https://wiki.dnanexus.com/Downloads#Install']
    status: {code: 200, message: OK}
- request:
    body: !!python/unicode '{"md5": "73dfff57fe24e807bd4fb1bc4e07cd73", "index": 1,
      "size": 5}'
    headers:
      Content-Type: [application/json]
      DNAnexus-API: [1.0.0]
      User-Agent: [dxpy/0.275.0 (Darwin-18.2.0-x86_64-i386-64bit)]
    method: POST
    uri: https://api.dnanexus.com/file-FVbp5kQ0pV271v4kBGKzzkGK/upload
  response:
    body: {string: !!python/unicode '{"url":"https://dnanexus-platform-upload-prod.s3.amazonaws.com/filev2/6c79/file/open/file-FVbp5kQ0pV271v4kBGKzzkGK/1?X-Amz-Algorithm=AWS4-HMAC-SHA256&X-Amz-Credential=AKIAJDCC37XBLBSWJBVQ%2F20190219%2Fus-east-1%2Fs3%2Faws4_request&X-Amz-Date=20190219T063207Z&X-Amz-Expires=120&X-Amz-SignedHeaders=content-length%3Bcontent-md5%3Bcontent-type%3Bhost%3Bx-amz-server-side-encryption&X-Amz-Signature=f6f144f2568ab866d00dd67b1c16d7b6a28440550724feb390f20c6e17ad13bc","headers":{"host":"dnanexus-platform-upload-prod.s3.amazonaws.com","content-type":"binary/octet-stream","x-amz-server-side-encryption":"AES256","content-md5":"c9//V/4k6Ae9T7G8TgfNcw==","content-length":"5"},"expires":1550558047321}'}
    headers:
      connection: [keep-alive]
      content-length: ['692']
      content-type: [application/json; charset=utf-8]
      date: ['Tue, 19 Feb 2019 06:32:07 GMT']
      server: [nginx]
      x-content-type-options: [nosniff]
      x-powered-by: [Express]
      x-request-id: [1550557927285-390070]
      x-upgrade-info: ['A recommended update (v0.276.0) is available for your client/SDK.
          You can download it from https://wiki.dnanexus.com/Downloads#Install']
    status: {code: 200, message: OK}
- request:
    body: !!python/unicode data0
    headers:
      DNAnexus-API: [1.0.0]
      User-Agent: [dxpy/0.275.0 (Darwin-18.2.0-x86_64-i386-64bit)]
      content-length: ['5']
      content-md5: [c9//V/4k6Ae9T7G8TgfNcw==]
      content-type: [binary/octet-stream]
      host: [dnanexus-platform-upload-prod.s3.amazonaws.com]
      x-amz-server-side-encryption: [AES256]
    method: PUT
    uri: https://dnanexus-platform-upload-prod.s3.amazonaws.com/filev2/6c79/file/open/file-FVbp5kQ0pV271v4kBGKzzkGK/1?X-Amz-Algorithm=AWS4-HMAC-SHA256&X-Amz-Credential=AKIAJDCC37XBLBSWJBVQ%2F20190219%2Fus-east-1%2Fs3%2Faws4_request&X-Amz-Date=20190219T063207Z&X-Amz-Expires=120&X-Amz-SignedHeaders=content-length%3Bcontent-md5%3Bcontent-type%3Bhost%3Bx-amz-server-side-encryption&X-Amz-Signature=f6f144f2568ab866d00dd67b1c16d7b6a28440550724feb390f20c6e17ad13bc
  response:
    body: {string: !!python/unicode ''}
    headers:
      content-length: ['0']
      date: ['Tue, 19 Feb 2019 06:32:08 GMT']
      etag: ['"73dfff57fe24e807bd4fb1bc4e07cd73"']
      server: [AmazonS3]
      x-amz-expiration: ['expiry-date="Wed, 13 Mar 2019 00:00:00 GMT", rule-id="3weekpurge"']
      x-amz-id-2: [SwBIoQtCsSL1b/BtnJZaEJMNheWygU60mkhaedJxcAIbEX+mhb39SJ1EdcMMNZu3i4TMQTkHqpE=]
      x-amz-request-id: [4E5353B47FC24245]
      x-amz-server-side-encryption: [AES256]
    status: {code: 200, message: OK}
- request:
    body: !!python/unicode '{"project": "project-FVbp5kQ0pV26KPjvBG6V1j63", "fields":
      {"state": true}}'
    headers:
      Content-Type: [application/json]
      DNAnexus-API: [1.0.0]
      User-Agent: [dxpy/0.275.0 (Darwin-18.2.0-x86_64-i386-64bit)]
    method: POST
    uri: https://api.dnanexus.com/file-FVbp5kQ0pV271v4kBGKzzkGK/describe
  response:
    body: {string: !!python/unicode '{"id":"file-FVbp5kQ0pV271v4kBGKzzkGK","state":"open"}'}
    headers:
      connection: [keep-alive]
      content-length: ['53']
      content-type: [application/json; charset=utf-8]
      date: ['Tue, 19 Feb 2019 06:32:08 GMT']
      server: [nginx]
      x-content-type-options: [nosniff]
      x-powered-by: [Express]
      x-request-id: [1550557928135-944122]
      x-upgrade-info: ['A recommended update (v0.276.0) is available for your client/SDK.
          You can download it from https://wiki.dnanexus.com/Downloads#Install']
    status: {code: 200, message: OK}
- request:
    body: !!python/unicode '{}'
    headers:
      Content-Type: [application/json]
      DNAnexus-API: [1.0.0]
      User-Agent: [dxpy/0.275.0 (Darwin-18.2.0-x86_64-i386-64bit)]
    method: POST
    uri: https://api.dnanexus.com/file-FVbp5kQ0pV271v4kBGKzzkGK/close
  response:
    body: {string: !!python/unicode '{"id":"file-FVbp5kQ0pV271v4kBGKzzkGK"}'}
    headers:
      connection: [keep-alive]
      content-length: ['38']
      content-type: [application/json; charset=utf-8]
      date: ['Tue, 19 Feb 2019 06:32:08 GMT']
      server: [nginx]
      x-content-type-options: [nosniff]
      x-powered-by: [Express]
      x-request-id: [1550557928256-783244]
      x-upgrade-info: ['A recommended update (v0.276.0) is available for your client/SDK.
          You can download it from https://wiki.dnanexus.com/Downloads#Install']
    status: {code: 200, message: OK}
- request:
    body: !!python/unicode '{"name": "TestCopy.test_posix_to_existing_dx.2312d8e0",
      "limit": 2, "level": "VIEW"}'
    headers:
      Content-Type: [application/json]
      DNAnexus-API: [1.0.0]
      User-Agent: [dxpy/0.275.0 (Darwin-18.2.0-x86_64-i386-64bit)]
    method: POST
    uri: https://api.dnanexus.com/system/findProjects
  response:
    body: {string: !!python/unicode '{"results":[{"id":"project-FVbp5kQ0pV26KPjvBG6V1j63","level":"ADMINISTER","permissionSources":["user-akumar_counsyl"],"public":false}],"next":null}'}
    headers:
      connection: [keep-alive]
      content-length: ['147']
      content-type: [application/json; charset=utf-8]
      date: ['Tue, 19 Feb 2019 06:32:08 GMT']
      server: [nginx]
      x-content-type-options: [nosniff]
      x-powered-by: [Express]
      x-request-id: [1550557928512-714976]
      x-upgrade-info: ['A recommended update (v0.276.0) is available for your client/SDK.
          You can download it from https://wiki.dnanexus.com/Downloads#Install']
    status: {code: 200, message: OK}
- request:
    body: !!python/unicode '{"includeHidden": false, "only": "folders", "folder":
      "/temp_folder", "describe": {"fields": {"name": true, "folder": true}}}'
    headers:
      Content-Type: [application/json]
      DNAnexus-API: [1.0.0]
      User-Agent: [dxpy/0.275.0 (Darwin-18.2.0-x86_64-i386-64bit)]
    method: POST
    uri: https://api.dnanexus.com/project-FVbp5kQ0pV26KPjvBG6V1j63/listFolder
  response:
    body: {string: !!python/unicode '{"folders":[]}'}
    headers:
      connection: [keep-alive]
      content-length: ['14']
      content-type: [application/json; charset=utf-8]
      date: ['Tue, 19 Feb 2019 06:32:08 GMT']
      server: [nginx]
      x-content-type-options: [nosniff]
      x-powered-by: [Express]
      x-request-id: [1550557928778-456870]
      x-upgrade-info: ['A recommended update (v0.276.0) is available for your client/SDK.
          You can download it from https://wiki.dnanexus.com/Downloads#Install']
    status: {code: 200, message: OK}
- request:
    body: !!python/unicode '{"name": "TestCopy.test_posix_to_existing_dx.2312d8e0",
      "limit": 2, "level": "VIEW"}'
    headers:
      Content-Type: [application/json]
      DNAnexus-API: [1.0.0]
      User-Agent: [dxpy/0.275.0 (Darwin-18.2.0-x86_64-i386-64bit)]
    method: POST
    uri: https://api.dnanexus.com/system/findProjects
  response:
    body: {string: !!python/unicode '{"results":[{"id":"project-FVbp5kQ0pV26KPjvBG6V1j63","level":"ADMINISTER","permissionSources":["user-akumar_counsyl"],"public":false}],"next":null}'}
    headers:
      connection: [keep-alive]
      content-length: ['147']
      content-type: [application/json; charset=utf-8]
      date: ['Tue, 19 Feb 2019 06:32:09 GMT']
      server: [nginx]
      x-content-type-options: [nosniff]
      x-powered-by: [Express]
      x-request-id: [1550557928915-681222]
      x-upgrade-info: ['A recommended update (v0.276.0) is available for your client/SDK.
          You can download it from https://wiki.dnanexus.com/Downloads#Install']
    status: {code: 200, message: OK}
- request:
    body: !!python/unicode '{"objects": [{"batchsize": 2, "name": "file.txt", "project":
      "project-FVbp5kQ0pV26KPjvBG6V1j63", "folder": "/temp_folder"}]}'
    headers:
      Content-Type: [application/json]
      DNAnexus-API: [1.0.0]
      User-Agent: [dxpy/0.275.0 (Darwin-18.2.0-x86_64-i386-64bit)]
    method: POST
    uri: https://api.dnanexus.com/system/resolveDataObjects
  response:
    body: {string: !!python/unicode '{"results":[[{"project":"project-FVbp5kQ0pV26KPjvBG6V1j63","id":"file-FVbp5kQ0pV271v4kBGKzzkGK"}]]}'}
    headers:
      connection: [keep-alive]
      content-length: ['99']
      content-type: [application/json; charset=utf-8]
      date: ['Tue, 19 Feb 2019 06:32:09 GMT']
      server: [nginx]
      x-content-type-options: [nosniff]
      x-powered-by: [Express]
      x-request-id: [1550557929504-582231]
      x-upgrade-info: ['A recommended update (v0.276.0) is available for your client/SDK.
          You can download it from https://wiki.dnanexus.com/Downloads#Install']
    status: {code: 200, message: OK}
- request:
    body: !!python/unicode '{"project": "project-FVbp5kQ0pV26KPjvBG6V1j63"}'
    headers:
      Content-Type: [application/json]
      DNAnexus-API: [1.0.0]
      User-Agent: [dxpy/0.275.0 (Darwin-18.2.0-x86_64-i386-64bit)]
    method: POST
    uri: https://api.dnanexus.com/file-FVbp5kQ0pV271v4kBGKzzkGK/describe
  response:
    body: {string: !!python/unicode '{"id":"file-FVbp5kQ0pV271v4kBGKzzkGK","project":"project-FVbp5kQ0pV26KPjvBG6V1j63","class":"file","sponsored":false,"name":"file.txt","types":[],"state":"closed","hidden":false,"links":[],"folder":"/temp_folder","tags":[],"created":1550557926000,"modified":1550557928899,"createdBy":{"user":"user-akumar_counsyl"},"media":"text/plain","archivalState":"live","size":5}'}
    headers:
      connection: [keep-alive]
      content-length: ['367']
      content-type: [application/json; charset=utf-8]
      date: ['Tue, 19 Feb 2019 06:32:09 GMT']
      server: [nginx]
      x-content-type-options: [nosniff]
      x-powered-by: [Express]
      x-request-id: [1550557929656-593043]
      x-upgrade-info: ['A recommended update (v0.276.0) is available for your client/SDK.
          You can download it from https://wiki.dnanexus.com/Downloads#Install']
    status: {code: 200, message: OK}
- request:
    body: !!python/unicode '{"objects": ["file-FVbp5kQ0pV271v4kBGKzzkGK"]}'
    headers:
      Content-Type: [application/json]
      DNAnexus-API: [1.0.0]
      User-Agent: [dxpy/0.275.0 (Darwin-18.2.0-x86_64-i386-64bit)]
    method: POST
    uri: https://api.dnanexus.com/project-FVbp5kQ0pV26KPjvBG6V1j63/removeObjects
  response:
    body: {string: !!python/unicode '{"id":"project-FVbp5kQ0pV26KPjvBG6V1j63"}'}
    headers:
      connection: [keep-alive]
      content-length: ['41']
      content-type: [application/json; charset=utf-8]
      date: ['Tue, 19 Feb 2019 06:32:10 GMT']
      server: [nginx]
      x-content-type-options: [nosniff]
      x-powered-by: [Express]
      x-request-id: [1550557929887-128897]
      x-upgrade-info: ['A recommended update (v0.276.0) is available for your client/SDK.
          You can download it from https://wiki.dnanexus.com/Downloads#Install']
    status: {code: 200, message: OK}
- request:
    body: !!python/unicode '{"name": "TestCopy.test_posix_to_existing_dx.2312d8e0",
      "limit": 2, "level": "VIEW"}'
    headers:
      Content-Type: [application/json]
      DNAnexus-API: [1.0.0]
      User-Agent: [dxpy/0.275.0 (Darwin-18.2.0-x86_64-i386-64bit)]
    method: POST
    uri: https://api.dnanexus.com/system/findProjects
  response:
    body: {string: !!python/unicode '{"results":[{"id":"project-FVbp5kQ0pV26KPjvBG6V1j63","level":"ADMINISTER","permissionSources":["user-akumar_counsyl"],"public":false}],"next":null}'}
    headers:
      connection: [keep-alive]
      content-length: ['147']
      content-type: [application/json; charset=utf-8]
      date: ['Tue, 19 Feb 2019 06:32:10 GMT']
      server: [nginx]
      x-content-type-options: [nosniff]
      x-powered-by: [Express]
      x-request-id: [1550557930322-889729]
      x-upgrade-info: ['A recommended update (v0.276.0) is available for your client/SDK.
          You can download it from https://wiki.dnanexus.com/Downloads#Install']
    status: {code: 200, message: OK}
- request:
    body: !!python/unicode '{"objects": [{"batchsize": 2, "name": "file.txt", "project":
      "project-FVbp5kQ0pV26KPjvBG6V1j63", "folder": "/temp_folder"}]}'
    headers:
      Content-Type: [application/json]
      DNAnexus-API: [1.0.0]
      User-Agent: [dxpy/0.275.0 (Darwin-18.2.0-x86_64-i386-64bit)]
    method: POST
    uri: https://api.dnanexus.com/system/resolveDataObjects
  response:
    body: {string: !!python/unicode '{"results":[[]]}'}
    headers:
      connection: [keep-alive]
      content-length: ['16']
      content-type: [application/json; charset=utf-8]
      date: ['Tue, 19 Feb 2019 06:32:10 GMT']
      server: [nginx]
      x-content-type-options: [nosniff]
      x-powered-by: [Express]
      x-request-id: [1550557930567-683812]
      x-upgrade-info: ['A recommended update (v0.276.0) is available for your client/SDK.
          You can download it from https://wiki.dnanexus.com/Downloads#Install']
    status: {code: 200, message: OK}
- request:
    body: !!python/unicode '{"name": "file.txt", "parents": true, "project": "project-FVbp5kQ0pV26KPjvBG6V1j63",
      "folder": "/temp_folder", "nonce": "0e1cb780495813b70186f2f964ee7759a6d2ee592b60743a537c5a43340399e21550557930.709775"}'
    headers:
      Content-Type: [application/json]
      DNAnexus-API: [1.0.0]
      User-Agent: [dxpy/0.275.0 (Darwin-18.2.0-x86_64-i386-64bit)]
    method: POST
    uri: https://api.dnanexus.com/file/new
  response:
    body: {string: !!python/unicode '{"id":"file-FVbp5pQ0pV29x069F8YKvkxg"}'}
    headers:
      connection: [keep-alive]
      content-length: ['38']
      content-type: [application/json; charset=utf-8]
      date: ['Tue, 19 Feb 2019 06:32:10 GMT']
      server: [nginx]
      x-content-type-options: [nosniff]
      x-powered-by: [Express]
      x-request-id: [1550557930752-312065]
      x-upgrade-info: ['A recommended update (v0.276.0) is available for your client/SDK.
          You can download it from https://wiki.dnanexus.com/Downloads#Install']
    status: {code: 200, message: OK}
- request:
    body: !!python/unicode '{"fields": {"fileUploadParameters": true}}'
    headers:
      Content-Type: [application/json]
      DNAnexus-API: [1.0.0]
      User-Agent: [dxpy/0.275.0 (Darwin-18.2.0-x86_64-i386-64bit)]
    method: POST
    uri: https://api.dnanexus.com/project-FVbp5kQ0pV26KPjvBG6V1j63/describe
  response:
    body: {string: !!python/unicode '{"id":"project-FVbp5kQ0pV26KPjvBG6V1j63","fileUploadParameters":{"maximumPartSize":5368709120,"minimumPartSize":5242880,"maximumFileSize":5497558138880,"maximumNumParts":10000,"emptyLastPartAllowed":true}}'}
    headers:
      connection: [keep-alive]
      content-length: ['205']
      content-type: [application/json; charset=utf-8]
      date: ['Tue, 19 Feb 2019 06:32:11 GMT']
      server: [nginx]
      x-content-type-options: [nosniff]
      x-powered-by: [Express]
      x-request-id: [1550557931412-122248]
      x-upgrade-info: ['A recommended update (v0.276.0) is available for your client/SDK.
          You can download it from https://wiki.dnanexus.com/Downloads#Install']
    status: {code: 200, message: OK}
- request:
    body: !!python/unicode '{"md5": "73dfff57fe24e807bd4fb1bc4e07cd73", "index": 1,
      "size": 5}'
    headers:
      Content-Type: [application/json]
      DNAnexus-API: [1.0.0]
      User-Agent: [dxpy/0.275.0 (Darwin-18.2.0-x86_64-i386-64bit)]
    method: POST
    uri: https://api.dnanexus.com/file-FVbp5pQ0pV29x069F8YKvkxg/upload
  response:
    body: {string: !!python/unicode '{"url":"https://dnanexus-platform-upload-prod.s3.amazonaws.com/filev2/7ef7/file/open/file-FVbp5pQ0pV29x069F8YKvkxg/1?X-Amz-Algorithm=AWS4-HMAC-SHA256&X-Amz-Credential=AKIAJDCC37XBLBSWJBVQ%2F20190219%2Fus-east-1%2Fs3%2Faws4_request&X-Amz-Date=20190219T063211Z&X-Amz-Expires=120&X-Amz-SignedHeaders=content-length%3Bcontent-md5%3Bcontent-type%3Bhost%3Bx-amz-server-side-encryption&X-Amz-Signature=7af3c9dc96de187e7bb37a5e0a8c13ba85453582791f99f29fb2370cc837738b","headers":{"host":"dnanexus-platform-upload-prod.s3.amazonaws.com","content-type":"binary/octet-stream","x-amz-server-side-encryption":"AES256","content-md5":"c9//V/4k6Ae9T7G8TgfNcw==","content-length":"5"},"expires":1550558051633}'}
    headers:
      connection: [keep-alive]
      content-length: ['692']
      content-type: [application/json; charset=utf-8]
      date: ['Tue, 19 Feb 2019 06:32:11 GMT']
      server: [nginx]
      x-content-type-options: [nosniff]
      x-powered-by: [Express]
      x-request-id: [1550557931580-398241]
      x-upgrade-info: ['A recommended update (v0.276.0) is available for your client/SDK.
          You can download it from https://wiki.dnanexus.com/Downloads#Install']
    status: {code: 200, message: OK}
- request:
    body: !!python/unicode data0
    headers:
      DNAnexus-API: [1.0.0]
      User-Agent: [dxpy/0.275.0 (Darwin-18.2.0-x86_64-i386-64bit)]
      content-length: ['5']
      content-md5: [c9//V/4k6Ae9T7G8TgfNcw==]
      content-type: [binary/octet-stream]
      host: [dnanexus-platform-upload-prod.s3.amazonaws.com]
      x-amz-server-side-encryption: [AES256]
    method: PUT
    uri: https://dnanexus-platform-upload-prod.s3.amazonaws.com/filev2/7ef7/file/open/file-FVbp5pQ0pV29x069F8YKvkxg/1?X-Amz-Algorithm=AWS4-HMAC-SHA256&X-Amz-Credential=AKIAJDCC37XBLBSWJBVQ%2F20190219%2Fus-east-1%2Fs3%2Faws4_request&X-Amz-Date=20190219T063211Z&X-Amz-Expires=120&X-Amz-SignedHeaders=content-length%3Bcontent-md5%3Bcontent-type%3Bhost%3Bx-amz-server-side-encryption&X-Amz-Signature=7af3c9dc96de187e7bb37a5e0a8c13ba85453582791f99f29fb2370cc837738b
  response:
    body: {string: !!python/unicode ''}
    headers:
      content-length: ['0']
      date: ['Tue, 19 Feb 2019 06:32:12 GMT']
      etag: ['"73dfff57fe24e807bd4fb1bc4e07cd73"']
      server: [AmazonS3]
      x-amz-expiration: ['expiry-date="Wed, 13 Mar 2019 00:00:00 GMT", rule-id="3weekpurge"']
      x-amz-id-2: [mQdKEUlEkOUqGdYDZfTx86qr8JLjwC7eCPtZg8o0Hu1tbfjN3IOdhwZ4JFidqQ7BclLSIKg2xKU=]
      x-amz-request-id: [6E9DF7560EBD7E71]
      x-amz-server-side-encryption: [AES256]
    status: {code: 200, message: OK}
- request:
    body: !!python/unicode '{}'
    headers:
      Content-Type: [application/json]
      DNAnexus-API: [1.0.0]
      User-Agent: [dxpy/0.275.0 (Darwin-18.2.0-x86_64-i386-64bit)]
    method: POST
    uri: https://api.dnanexus.com/file-FVbp5pQ0pV29x069F8YKvkxg/close
  response:
    body: {string: !!python/unicode '{"id":"file-FVbp5pQ0pV29x069F8YKvkxg"}'}
    headers:
      connection: [keep-alive]
      content-length: ['38']
      content-type: [application/json; charset=utf-8]
      date: ['Tue, 19 Feb 2019 06:32:11 GMT']
      server: [nginx]
      x-content-type-options: [nosniff]
      x-powered-by: [Express]
      x-request-id: [1550557931863-362881]
      x-upgrade-info: ['A recommended update (v0.276.0) is available for your client/SDK.
          You can download it from https://wiki.dnanexus.com/Downloads#Install']
    status: {code: 200, message: OK}
- request:
    body: !!python/unicode '{"name": "TestCopy.test_posix_to_existing_dx.2312d8e0",
      "limit": 2, "level": "VIEW"}'
    headers:
      Content-Type: [application/json]
      DNAnexus-API: [1.0.0]
      User-Agent: [dxpy/0.275.0 (Darwin-18.2.0-x86_64-i386-64bit)]
    method: POST
    uri: https://api.dnanexus.com/system/findProjects
  response:
    body: {string: !!python/unicode '{"results":[{"id":"project-FVbp5kQ0pV26KPjvBG6V1j63","level":"ADMINISTER","permissionSources":["user-akumar_counsyl"],"public":false}],"next":null}'}
    headers:
      connection: [keep-alive]
      content-length: ['147']
      content-type: [application/json; charset=utf-8]
      date: ['Tue, 19 Feb 2019 06:32:12 GMT']
      server: [nginx]
      x-content-type-options: [nosniff]
      x-powered-by: [Express]
      x-request-id: [1550557931993-798489]
      x-upgrade-info: ['A recommended update (v0.276.0) is available for your client/SDK.
          You can download it from https://wiki.dnanexus.com/Downloads#Install']
    status: {code: 200, message: OK}
- request:
    body: !!python/unicode '{"objects": [{"batchsize": 2, "name": "file.txt", "project":
      "project-FVbp5kQ0pV26KPjvBG6V1j63", "folder": "/temp_folder"}]}'
    headers:
      Content-Type: [application/json]
      DNAnexus-API: [1.0.0]
      User-Agent: [dxpy/0.275.0 (Darwin-18.2.0-x86_64-i386-64bit)]
    method: POST
    uri: https://api.dnanexus.com/system/resolveDataObjects
  response:
    body: {string: !!python/unicode '{"results":[[{"project":"project-FVbp5kQ0pV26KPjvBG6V1j63","id":"file-FVbp5pQ0pV29x069F8YKvkxg"}]]}'}
    headers:
      connection: [keep-alive]
      content-length: ['99']
      content-type: [application/json; charset=utf-8]
      date: ['Tue, 19 Feb 2019 06:32:12 GMT']
      server: [nginx]
      x-content-type-options: [nosniff]
      x-powered-by: [Express]
      x-request-id: [1550557932352-96423]
      x-upgrade-info: ['A recommended update (v0.276.0) is available for your client/SDK.
          You can download it from https://wiki.dnanexus.com/Downloads#Install']
    status: {code: 200, message: OK}
- request:
    body: !!python/unicode '{"project": "project-FVbp5kQ0pV26KPjvBG6V1j63"}'
    headers:
      Content-Type: [application/json]
      DNAnexus-API: [1.0.0]
      User-Agent: [dxpy/0.275.0 (Darwin-18.2.0-x86_64-i386-64bit)]
    method: POST
    uri: https://api.dnanexus.com/file-FVbp5pQ0pV29x069F8YKvkxg/describe
  response:
    body: {string: !!python/unicode '{"id":"file-FVbp5pQ0pV29x069F8YKvkxg","project":"project-FVbp5kQ0pV26KPjvBG6V1j63","class":"file","sponsored":false,"name":"file.txt","types":[],"state":"closing","hidden":false,"links":[],"folder":"/temp_folder","tags":[],"created":1550557930000,"modified":1550557931884,"createdBy":{"user":"user-akumar_counsyl"},"media":"","archivalState":"live"}'}
    headers:
      connection: [keep-alive]
      content-length: ['349']
      content-type: [application/json; charset=utf-8]
      date: ['Tue, 19 Feb 2019 06:32:12 GMT']
      server: [nginx]
      x-content-type-options: [nosniff]
      x-powered-by: [Express]
      x-request-id: [1550557932461-74323]
      x-upgrade-info: ['A recommended update (v0.276.0) is available for your client/SDK.
          You can download it from https://wiki.dnanexus.com/Downloads#Install']
    status: {code: 200, message: OK}
- request:
    body: !!python/unicode '{}'
    headers:
      Content-Type: [application/json]
      DNAnexus-API: [1.0.0]
      User-Agent: [dxpy/0.275.0 (Darwin-18.2.0-x86_64-i386-64bit)]
    method: POST
    uri: https://api.dnanexus.com/project-FVbp5kQ0pV26KPjvBG6V1j63/destroy
  response:
    body: {string: !!python/unicode '{"id":"project-FVbp5kQ0pV26KPjvBG6V1j63"}'}
    headers:
      connection: [keep-alive]
      content-length: ['41']
      content-type: [application/json; charset=utf-8]
      date: ['Tue, 19 Feb 2019 06:32:14 GMT']
      server: [nginx]
      x-content-type-options: [nosniff]
      x-powered-by: [Express]
      x-request-id: [1550557932595-140558]
      x-upgrade-info: ['A recommended update (v0.276.0) is available for your client/SDK.
          You can download it from https://wiki.dnanexus.com/Downloads#Install']
    status: {code: 200, message: OK}
version: 1
