interactions:
- request:
    body: !!python/unicode '{"name": "TestWalkFiles.test_pattern_no_match.4c4aee08"}'
    headers:
      Content-Type: [application/json]
      DNAnexus-API: [1.0.0]
      User-Agent: [dxpy/0.267.0 (Darwin-18.0.0-x86_64-i386-64bit)]
    method: POST
    uri: https://api.dnanexus.com/project/new
  response:
    body: {string: !!python/unicode '{"id":"project-FP9k3Jj0VKq68GXkJpbYfZxg"}'}
    headers:
      connection: [keep-alive]
      content-length: ['41']
      content-type: [application/json; charset=utf-8]
      date: ['Fri, 26 Oct 2018 22:14:15 GMT']
      server: [nginx]
      x-content-type-options: [nosniff]
      x-powered-by: [Express]
      x-request-id: [1540592055079-120537]
    status: {code: 200, message: OK}
- request:
    body: !!python/unicode '{}'
    headers:
      Content-Type: [application/json]
      DNAnexus-API: [1.0.0]
      User-Agent: [dxpy/0.267.0 (Darwin-18.0.0-x86_64-i386-64bit)]
    method: POST
    uri: https://api.dnanexus.com/project-FP9k3Jj0VKq68GXkJpbYfZxg/describe
  response:
    body: {string: !!python/unicode '{"id":"project-FP9k3Jj0VKq68GXkJpbYfZxg","name":"TestWalkFiles.test_pattern_no_match.4c4aee08","class":"project","created":1540592055000,"modified":1540592055000,"billTo":"org-counsyl","level":"ADMINISTER","dataUsage":0,"sponsoredDataUsage":0,"region":"aws:us-east-1","summary":"","description":"","protected":false,"restricted":false,"downloadRestricted":false,"containsPHI":false,"createdBy":{"user":"user-akumar_counsyl"},"version":0,"storageCost":0,"pendingTransfer":null,"tags":[],"defaultInstanceType":"mem2_hdd2_x2","archivalState":"live","archivalProgress":null,"totalSponsoredEgressBytes":0,"consumedSponsoredEgressBytes":0,"atSpendingLimit":false}'}
    headers:
      connection: [keep-alive]
      content-length: ['657']
      content-type: [application/json; charset=utf-8]
      date: ['Fri, 26 Oct 2018 22:14:15 GMT']
      server: [nginx]
      x-content-type-options: [nosniff]
      x-powered-by: [Express]
      x-request-id: [1540592055268-754281]
    status: {code: 200, message: OK}
- request:
    body: !!python/unicode '{"parents": true, "folder": "/temp_folder"}'
    headers:
      Content-Type: [application/json]
      DNAnexus-API: [1.0.0]
      User-Agent: [dxpy/0.267.0 (Darwin-18.0.0-x86_64-i386-64bit)]
    method: POST
    uri: https://api.dnanexus.com/project-FP9k3Jj0VKq68GXkJpbYfZxg/newFolder
  response:
    body: {string: !!python/unicode '{"id":"project-FP9k3Jj0VKq68GXkJpbYfZxg"}'}
    headers:
      connection: [keep-alive]
      content-length: ['41']
      content-type: [application/json; charset=utf-8]
      date: ['Fri, 26 Oct 2018 22:14:15 GMT']
      server: [nginx]
      x-content-type-options: [nosniff]
      x-powered-by: [Express]
      x-request-id: [1540592055578-420826]
    status: {code: 200, message: OK}
- request:
    body: !!python/unicode '{"name": "folder_file.csv", "project": "project-FP9k3Jj0VKq68GXkJpbYfZxg",
      "folder": "/temp_folder", "nonce": "cef8b0ca4a1222fbb4c147261ba2db879ee9b437f1a561928139b8ffef1792921540592055.718753"}'
    headers:
      Content-Type: [application/json]
      DNAnexus-API: [1.0.0]
      User-Agent: [dxpy/0.267.0 (Darwin-18.0.0-x86_64-i386-64bit)]
    method: POST
    uri: https://api.dnanexus.com/file/new
  response:
    body: {string: !!python/unicode '{"id":"file-FP9k3Jj0VKq5VJvpJkZZ2f5x"}'}
    headers:
      connection: [keep-alive]
      content-length: ['38']
      content-type: [application/json; charset=utf-8]
      date: ['Fri, 26 Oct 2018 22:14:15 GMT']
      server: [nginx]
      x-content-type-options: [nosniff]
      x-powered-by: [Express]
      x-request-id: [1540592055768-914913]
    status: {code: 200, message: OK}
- request:
    body: !!python/unicode '{"fields": {"fileUploadParameters": true}}'
    headers:
      Content-Type: [application/json]
      DNAnexus-API: [1.0.0]
      User-Agent: [dxpy/0.267.0 (Darwin-18.0.0-x86_64-i386-64bit)]
    method: POST
    uri: https://api.dnanexus.com/project-FP9k3Jj0VKq68GXkJpbYfZxg/describe
  response:
    body: {string: !!python/unicode '{"id":"project-FP9k3Jj0VKq68GXkJpbYfZxg","fileUploadParameters":{"maximumPartSize":5368709120,"minimumPartSize":5242880,"maximumFileSize":5497558138880,"maximumNumParts":10000,"emptyLastPartAllowed":true}}'}
    headers:
      connection: [keep-alive]
      content-length: ['205']
      content-type: [application/json; charset=utf-8]
      date: ['Fri, 26 Oct 2018 22:14:15 GMT']
      server: [nginx]
      x-content-type-options: [nosniff]
      x-powered-by: [Express]
      x-request-id: [1540592055951-971741]
    status: {code: 200, message: OK}
- request:
    body: !!python/unicode '{"size": 5, "md5": "73dfff57fe24e807bd4fb1bc4e07cd73",
      "index": 1}'
    headers:
      Content-Type: [application/json]
      DNAnexus-API: [1.0.0]
      User-Agent: [dxpy/0.267.0 (Darwin-18.0.0-x86_64-i386-64bit)]
    method: POST
    uri: https://api.dnanexus.com/file-FP9k3Jj0VKq5VJvpJkZZ2f5x/upload
  response:
    body: {string: !!python/unicode '{"url":"https://dnanexus-platform-upload-prod.s3.amazonaws.com/filev2/5026/file/open/file-FP9k3Jj0VKq5VJvpJkZZ2f5x/1?X-Amz-Algorithm=AWS4-HMAC-SHA256&X-Amz-Credential=AKIAJDCC37XBLBSWJBVQ%2F20181026%2Fus-east-1%2Fs3%2Faws4_request&X-Amz-Date=20181026T221416Z&X-Amz-Expires=120&X-Amz-SignedHeaders=content-length%3Bcontent-md5%3Bcontent-type%3Bhost%3Bx-amz-server-side-encryption&X-Amz-Signature=7a097a3239f547f024f507e4cafc3f2be43d67cbab5e27b5168ecf9cef5882ee","headers":{"host":"dnanexus-platform-upload-prod.s3.amazonaws.com","content-type":"binary/octet-stream","x-amz-server-side-encryption":"AES256","content-md5":"c9//V/4k6Ae9T7G8TgfNcw==","content-length":"5"},"expires":1540592176147}'}
    headers:
      connection: [keep-alive]
      content-length: ['692']
      content-type: [application/json; charset=utf-8]
      date: ['Fri, 26 Oct 2018 22:14:16 GMT']
      server: [nginx]
      x-content-type-options: [nosniff]
      x-powered-by: [Express]
      x-request-id: [1540592056133-986206]
    status: {code: 200, message: OK}
- request:
    body: !!python/unicode data0
    headers:
      DNAnexus-API: [1.0.0]
      User-Agent: [dxpy/0.267.0 (Darwin-18.0.0-x86_64-i386-64bit)]
      content-length: ['5']
      content-md5: [c9//V/4k6Ae9T7G8TgfNcw==]
      content-type: [binary/octet-stream]
      host: [dnanexus-platform-upload-prod.s3.amazonaws.com]
      x-amz-server-side-encryption: [AES256]
    method: PUT
    uri: https://dnanexus-platform-upload-prod.s3.amazonaws.com/filev2/5026/file/open/file-FP9k3Jj0VKq5VJvpJkZZ2f5x/1?X-Amz-Algorithm=AWS4-HMAC-SHA256&X-Amz-Credential=AKIAJDCC37XBLBSWJBVQ%2F20181026%2Fus-east-1%2Fs3%2Faws4_request&X-Amz-Date=20181026T221416Z&X-Amz-Expires=120&X-Amz-SignedHeaders=content-length%3Bcontent-md5%3Bcontent-type%3Bhost%3Bx-amz-server-side-encryption&X-Amz-Signature=7a097a3239f547f024f507e4cafc3f2be43d67cbab5e27b5168ecf9cef5882ee
  response:
    body: {string: !!python/unicode ''}
    headers:
      content-length: ['0']
      date: ['Fri, 26 Oct 2018 22:14:17 GMT']
      etag: ['"73dfff57fe24e807bd4fb1bc4e07cd73"']
      server: [AmazonS3]
      x-amz-expiration: ['expiry-date="Sat, 17 Nov 2018 00:00:00 GMT", rule-id="3weekpurge"']
      x-amz-id-2: [SAfAOB9Q66YuD/0aKLRIDYQXo3LBBX8HBi2N9SohAnSERyjg1JVTKlYhlZFZiMjb1QxfpTt7xv8=]
      x-amz-request-id: [CA9972A715BD1051]
      x-amz-server-side-encryption: [AES256]
    status: {code: 200, message: OK}
- request:
    body: !!python/unicode '{"project": "project-FP9k3Jj0VKq68GXkJpbYfZxg", "fields":
      {"state": true}}'
    headers:
      Content-Type: [application/json]
      DNAnexus-API: [1.0.0]
      User-Agent: [dxpy/0.267.0 (Darwin-18.0.0-x86_64-i386-64bit)]
    method: POST
    uri: https://api.dnanexus.com/file-FP9k3Jj0VKq5VJvpJkZZ2f5x/describe
  response:
    body: {string: !!python/unicode '{"id":"file-FP9k3Jj0VKq5VJvpJkZZ2f5x","state":"open"}'}
    headers:
      connection: [keep-alive]
      content-length: ['53']
      content-type: [application/json; charset=utf-8]
      date: ['Fri, 26 Oct 2018 22:14:17 GMT']
      server: [nginx]
      x-content-type-options: [nosniff]
      x-powered-by: [Express]
      x-request-id: [1540592057063-160082]
    status: {code: 200, message: OK}
- request:
    body: !!python/unicode '{}'
    headers:
      Content-Type: [application/json]
      DNAnexus-API: [1.0.0]
      User-Agent: [dxpy/0.267.0 (Darwin-18.0.0-x86_64-i386-64bit)]
    method: POST
    uri: https://api.dnanexus.com/file-FP9k3Jj0VKq5VJvpJkZZ2f5x/close
  response:
    body: {string: !!python/unicode '{"id":"file-FP9k3Jj0VKq5VJvpJkZZ2f5x"}'}
    headers:
      connection: [keep-alive]
      content-length: ['38']
      content-type: [application/json; charset=utf-8]
      date: ['Fri, 26 Oct 2018 22:14:17 GMT']
      server: [nginx]
      x-content-type-options: [nosniff]
      x-powered-by: [Express]
      x-request-id: [1540592057199-852674]
    status: {code: 200, message: OK}
- request:
    body: !!python/unicode '{"limit": 2, "name": "TestWalkFiles.test_pattern_no_match.4c4aee08",
      "level": "VIEW"}'
    headers:
      Content-Type: [application/json]
      DNAnexus-API: [1.0.0]
      User-Agent: [dxpy/0.267.0 (Darwin-18.0.0-x86_64-i386-64bit)]
    method: POST
    uri: https://api.dnanexus.com/system/findProjects
  response:
    body: {string: !!python/unicode '{"results":[{"id":"project-FP9k3Jj0VKq68GXkJpbYfZxg","level":"ADMINISTER","permissionSources":["user-akumar_counsyl"],"public":false}],"next":null}'}
    headers:
      connection: [keep-alive]
      content-length: ['147']
      content-type: [application/json; charset=utf-8]
      date: ['Fri, 26 Oct 2018 22:14:17 GMT']
      server: [nginx]
      x-content-type-options: [nosniff]
      x-powered-by: [Express]
      x-request-id: [1540592057321-743904]
    status: {code: 200, message: OK}
- request:
    body: !!python/unicode '{"limit": 100, "name": {"glob": "*temp*"}, "scope": {"recurse":
      true, "project": "project-FP9k3Jj0VKq68GXkJpbYfZxg", "folder": "/"}, "describe":
      {"fields": {"name": true, "folder": true}}}'
    headers:
      Content-Type: [application/json]
      DNAnexus-API: [1.0.0]
      User-Agent: [dxpy/0.267.0 (Darwin-18.0.0-x86_64-i386-64bit)]
    method: POST
    uri: https://api.dnanexus.com/system/findDataObjects
  response:
    body: {string: !!python/unicode '{"next":null,"results":[]}'}
    headers:
      connection: [keep-alive]
      content-length: ['26']
      content-type: [application/json; charset=utf-8]
      date: ['Fri, 26 Oct 2018 22:14:17 GMT']
      server: [nginx]
      x-content-type-options: [nosniff]
      x-powered-by: [Express]
      x-request-id: [1540592057451-874186]
    status: {code: 200, message: OK}
- request:
    body: !!python/unicode '{}'
    headers:
      Content-Type: [application/json]
      DNAnexus-API: [1.0.0]
      User-Agent: [dxpy/0.267.0 (Darwin-18.0.0-x86_64-i386-64bit)]
    method: POST
    uri: https://api.dnanexus.com/project-FP9k3Jj0VKq68GXkJpbYfZxg/destroy
  response:
    body: {string: !!python/unicode '{"id":"project-FP9k3Jj0VKq68GXkJpbYfZxg"}'}
    headers:
      connection: [keep-alive]
      content-length: ['41']
      content-type: [application/json; charset=utf-8]
      date: ['Fri, 26 Oct 2018 22:14:19 GMT']
      server: [nginx]
      x-content-type-options: [nosniff]
      x-powered-by: [Express]
      x-request-id: [1540592057568-661552]
    status: {code: 200, message: OK}
version: 1
