interactions:
- request:
    body: !!python/unicode '{"name": "TestOpen.test_write_w_settings_big_timeout.6b3f7fdd"}'
    headers:
      Content-Type: [application/json]
      DNAnexus-API: [1.0.0]
      User-Agent: [dxpy/0.267.1 (Darwin-18.2.0-x86_64-i386-64bit)]
    method: POST
    uri: https://api.dnanexus.com/project/new
  response:
    body: {string: !!python/unicode '{"id":"project-FQ07XYQ017vQgfvF8yB1Q64f"}'}
    headers:
      connection: [keep-alive]
      content-length: ['41']
      content-type: [application/json; charset=utf-8]
      date: ['Thu, 29 Nov 2018 23:42:06 GMT']
      server: [nginx]
      x-content-type-options: [nosniff]
      x-powered-by: [Express]
      x-request-id: [1543534926561-186962]
    status: {code: 200, message: OK}
- request:
    body: !!python/unicode '{}'
    headers:
      Content-Type: [application/json]
      DNAnexus-API: [1.0.0]
      User-Agent: [dxpy/0.267.1 (Darwin-18.2.0-x86_64-i386-64bit)]
    method: POST
    uri: https://api.dnanexus.com/project-FQ07XYQ017vQgfvF8yB1Q64f/describe
  response:
    body: {string: !!python/unicode '{"id":"project-FQ07XYQ017vQgfvF8yB1Q64f","name":"TestOpen.test_write_w_settings_big_timeout.6b3f7fdd","class":"project","created":1543534926000,"modified":1543534926000,"billTo":"org-counsyl","level":"ADMINISTER","dataUsage":0,"sponsoredDataUsage":0,"region":"aws:us-east-1","summary":"","description":"","protected":false,"restricted":false,"downloadRestricted":false,"containsPHI":false,"createdBy":{"user":"user-akumar_counsyl"},"version":0,"storageCost":0,"pendingTransfer":null,"tags":[],"defaultInstanceType":"mem2_hdd2_x2","archivalState":"live","archivalProgress":null,"totalSponsoredEgressBytes":0,"consumedSponsoredEgressBytes":0,"atSpendingLimit":false}'}
    headers:
      connection: [keep-alive]
      content-length: ['664']
      content-type: [application/json; charset=utf-8]
      date: ['Thu, 29 Nov 2018 23:42:06 GMT']
      server: [nginx]
      x-content-type-options: [nosniff]
      x-powered-by: [Express]
      x-request-id: [1543534926688-676288]
    status: {code: 200, message: OK}
- request:
    body: !!python/unicode '{"level": "VIEW", "limit": 2, "name": "TestOpen.test_write_w_settings_big_timeout.6b3f7fdd"}'
    headers:
      Content-Type: [application/json]
      DNAnexus-API: [1.0.0]
      User-Agent: [dxpy/0.267.1 (Darwin-18.2.0-x86_64-i386-64bit)]
    method: POST
    uri: https://api.dnanexus.com/system/findProjects
  response:
    body: {string: !!python/unicode '{"results":[{"id":"project-FQ07XYQ017vQgfvF8yB1Q64f","level":"ADMINISTER","permissionSources":["user-akumar_counsyl"],"public":false}],"next":null}'}
    headers:
      connection: [keep-alive]
      content-length: ['147']
      content-type: [application/json; charset=utf-8]
      date: ['Thu, 29 Nov 2018 23:42:06 GMT']
      server: [nginx]
      x-content-type-options: [nosniff]
      x-powered-by: [Express]
      x-request-id: [1543534926799-434540]
    status: {code: 200, message: OK}
- request:
    body: !!python/unicode '{"objects": [{"batchsize": 2, "name": "temp_file", "folder":
      "/", "project": "project-FQ07XYQ017vQgfvF8yB1Q64f"}]}'
    headers:
      Content-Type: [application/json]
      DNAnexus-API: [1.0.0]
      User-Agent: [dxpy/0.267.1 (Darwin-18.2.0-x86_64-i386-64bit)]
    method: POST
    uri: https://api.dnanexus.com/system/resolveDataObjects
  response:
    body: {string: !!python/unicode '{"results":[[]]}'}
    headers:
      connection: [keep-alive]
      content-length: ['16']
      content-type: [application/json; charset=utf-8]
      date: ['Thu, 29 Nov 2018 23:42:06 GMT']
      server: [nginx]
      x-content-type-options: [nosniff]
      x-powered-by: [Express]
      x-request-id: [1543534926976-937418]
    status: {code: 200, message: OK}
- request:
    body: !!python/unicode '{"objects": [{"batchsize": 2, "name": "temp_file", "folder":
      "/", "project": "project-FQ07XYQ017vQgfvF8yB1Q64f"}]}'
    headers:
      Content-Type: [application/json]
      DNAnexus-API: [1.0.0]
      User-Agent: [dxpy/0.267.1 (Darwin-18.2.0-x86_64-i386-64bit)]
    method: POST
    uri: https://api.dnanexus.com/system/resolveDataObjects
  response:
    body: {string: !!python/unicode '{"results":[[]]}'}
    headers:
      connection: [keep-alive]
      content-length: ['16']
      content-type: [application/json; charset=utf-8]
      date: ['Thu, 29 Nov 2018 23:42:07 GMT']
      server: [nginx]
      x-content-type-options: [nosniff]
      x-powered-by: [Express]
      x-request-id: [1543534927077-599197]
    status: {code: 200, message: OK}
- request:
    body: !!python/unicode '{"parents": true, "name": "temp_file", "folder": "/",
      "nonce": "6c422a5c53e3c3bbd06062251cd223dcd636c1d00b64d525157ede1a4513a7451543534927.125739",
      "project": "project-FQ07XYQ017vQgfvF8yB1Q64f"}'
    headers:
      Content-Type: [application/json]
      DNAnexus-API: [1.0.0]
      User-Agent: [dxpy/0.267.1 (Darwin-18.2.0-x86_64-i386-64bit)]
    method: POST
    uri: https://api.dnanexus.com/file/new
  response:
    body: {string: !!python/unicode '{"id":"file-FQ07XYj017vg3p1F4F8z50yZ"}'}
    headers:
      connection: [keep-alive]
      content-length: ['38']
      content-type: [application/json; charset=utf-8]
      date: ['Thu, 29 Nov 2018 23:42:07 GMT']
      server: [nginx]
      x-content-type-options: [nosniff]
      x-powered-by: [Express]
      x-request-id: [1543534927167-820529]
    status: {code: 200, message: OK}
- request:
    body: !!python/unicode '{"fields": {"fileUploadParameters": true}}'
    headers:
      Content-Type: [application/json]
      DNAnexus-API: [1.0.0]
      User-Agent: [dxpy/0.267.1 (Darwin-18.2.0-x86_64-i386-64bit)]
    method: POST
    uri: https://api.dnanexus.com/project-FQ07XYQ017vQgfvF8yB1Q64f/describe
  response:
    body: {string: !!python/unicode '{"id":"project-FQ07XYQ017vQgfvF8yB1Q64f","fileUploadParameters":{"maximumPartSize":5368709120,"minimumPartSize":5242880,"maximumFileSize":5497558138880,"maximumNumParts":10000,"emptyLastPartAllowed":true}}'}
    headers:
      connection: [keep-alive]
      content-length: ['205']
      content-type: [application/json; charset=utf-8]
      date: ['Thu, 29 Nov 2018 23:42:07 GMT']
      server: [nginx]
      x-content-type-options: [nosniff]
      x-powered-by: [Express]
      x-request-id: [1543534927388-989088]
    status: {code: 200, message: OK}
- request:
    body: !!python/unicode '{"md5": "5eb63bbbe01eeed093cb22bb8f5acdc3", "size": 11,
      "index": 1}'
    headers:
      Content-Type: [application/json]
      DNAnexus-API: [1.0.0]
      User-Agent: [dxpy/0.267.1 (Darwin-18.2.0-x86_64-i386-64bit)]
    method: POST
    uri: https://api.dnanexus.com/file-FQ07XYj017vg3p1F4F8z50yZ/upload
  response:
    body: {string: !!python/unicode '{"url":"https://dnanexus-platform-upload-prod.s3.amazonaws.com/filev2/a73b/file/open/file-FQ07XYj017vg3p1F4F8z50yZ/1?X-Amz-Algorithm=AWS4-HMAC-SHA256&X-Amz-Credential=AKIAJDCC37XBLBSWJBVQ%2F20181129%2Fus-east-1%2Fs3%2Faws4_request&X-Amz-Date=20181129T234207Z&X-Amz-Expires=120&X-Amz-SignedHeaders=content-length%3Bcontent-md5%3Bcontent-type%3Bhost%3Bx-amz-server-side-encryption&X-Amz-Signature=10b5c2a9f36441df5d89990fbbf620213615f6237e9e228ab5ae8801ac595879","headers":{"host":"dnanexus-platform-upload-prod.s3.amazonaws.com","content-type":"binary/octet-stream","x-amz-server-side-encryption":"AES256","content-md5":"XrY7u+Ae7tCTyyK7j1rNww==","content-length":"11"},"expires":1543535047538}'}
    headers:
      connection: [keep-alive]
      content-length: ['693']
      content-type: [application/json; charset=utf-8]
      date: ['Thu, 29 Nov 2018 23:42:07 GMT']
      server: [nginx]
      x-content-type-options: [nosniff]
      x-powered-by: [Express]
      x-request-id: [1543534927514-319946]
    status: {code: 200, message: OK}
- request:
    body: !!python/unicode hello world
    headers:
      DNAnexus-API: [1.0.0]
      User-Agent: [dxpy/0.267.1 (Darwin-18.2.0-x86_64-i386-64bit)]
      content-length: ['11']
      content-md5: [XrY7u+Ae7tCTyyK7j1rNww==]
      content-type: [binary/octet-stream]
      host: [dnanexus-platform-upload-prod.s3.amazonaws.com]
      x-amz-server-side-encryption: [AES256]
    method: PUT
    uri: https://dnanexus-platform-upload-prod.s3.amazonaws.com/filev2/a73b/file/open/file-FQ07XYj017vg3p1F4F8z50yZ/1?X-Amz-Algorithm=AWS4-HMAC-SHA256&X-Amz-Credential=AKIAJDCC37XBLBSWJBVQ%2F20181129%2Fus-east-1%2Fs3%2Faws4_request&X-Amz-Date=20181129T234207Z&X-Amz-Expires=120&X-Amz-SignedHeaders=content-length%3Bcontent-md5%3Bcontent-type%3Bhost%3Bx-amz-server-side-encryption&X-Amz-Signature=10b5c2a9f36441df5d89990fbbf620213615f6237e9e228ab5ae8801ac595879
  response:
    body: {string: !!python/unicode ''}
    headers:
      content-length: ['0']
      date: ['Thu, 29 Nov 2018 23:42:08 GMT']
      etag: ['"5eb63bbbe01eeed093cb22bb8f5acdc3"']
      server: [AmazonS3]
      x-amz-expiration: ['expiry-date="Fri, 21 Dec 2018 00:00:00 GMT", rule-id="3weekpurge"']
      x-amz-id-2: [I+T2pqCtw8Z5GxIaeGhHUn3HLXQ5AHN5Bzq/yi8A2dBVWL08Ty+7ytQ8A2hAQQI+reGXiUBtfIY=]
      x-amz-request-id: [25D281845D565C85]
      x-amz-server-side-encryption: [AES256]
    status: {code: 200, message: OK}
- request:
    body: !!python/unicode '{}'
    headers:
      Content-Type: [application/json]
      DNAnexus-API: [1.0.0]
      User-Agent: [dxpy/0.267.1 (Darwin-18.2.0-x86_64-i386-64bit)]
    method: POST
    uri: https://api.dnanexus.com/file-FQ07XYj017vg3p1F4F8z50yZ/close
  response:
    body: {string: !!python/unicode '{"id":"file-FQ07XYj017vg3p1F4F8z50yZ"}'}
    headers:
      connection: [keep-alive]
      content-length: ['38']
      content-type: [application/json; charset=utf-8]
      date: ['Thu, 29 Nov 2018 23:42:08 GMT']
      server: [nginx]
      x-content-type-options: [nosniff]
      x-powered-by: [Express]
      x-request-id: [1543534928008-921202]
    status: {code: 200, message: OK}
- request:
    body: !!python/unicode '{"objects": [{"batchsize": 2, "name": "temp_file", "folder":
      "/", "project": "project-FQ07XYQ017vQgfvF8yB1Q64f"}]}'
    headers:
      Content-Type: [application/json]
      DNAnexus-API: [1.0.0]
      User-Agent: [dxpy/0.267.1 (Darwin-18.2.0-x86_64-i386-64bit)]
    method: POST
    uri: https://api.dnanexus.com/system/resolveDataObjects
  response:
    body: {string: !!python/unicode '{"results":[[{"project":"project-FQ07XYQ017vQgfvF8yB1Q64f","id":"file-FQ07XYj017vg3p1F4F8z50yZ"}]]}'}
    headers:
      connection: [keep-alive]
      content-length: ['99']
      content-type: [application/json; charset=utf-8]
      date: ['Thu, 29 Nov 2018 23:42:08 GMT']
      server: [nginx]
      x-content-type-options: [nosniff]
      x-powered-by: [Express]
      x-request-id: [1543534928176-938377]
    status: {code: 200, message: OK}
- request:
    body: !!python/unicode '{"project": "project-FQ07XYQ017vQgfvF8yB1Q64f", "fields":
      {"state": true}}'
    headers:
      Content-Type: [application/json]
      DNAnexus-API: [1.0.0]
      User-Agent: [dxpy/0.267.1 (Darwin-18.2.0-x86_64-i386-64bit)]
    method: POST
    uri: https://api.dnanexus.com/file-FQ07XYj017vg3p1F4F8z50yZ/describe
  response:
    body: {string: !!python/unicode '{"id":"file-FQ07XYj017vg3p1F4F8z50yZ","state":"closing"}'}
    headers:
      connection: [keep-alive]
      content-length: ['56']
      content-type: [application/json; charset=utf-8]
      date: ['Thu, 29 Nov 2018 23:42:08 GMT']
      server: [nginx]
      x-content-type-options: [nosniff]
      x-powered-by: [Express]
      x-request-id: [1543534928294-686644]
    status: {code: 200, message: OK}
- request:
    body: !!python/unicode '{"project": "project-FQ07XYQ017vQgfvF8yB1Q64f", "fields":
      {"state": true}}'
    headers:
      Content-Type: [application/json]
      DNAnexus-API: [1.0.0]
      User-Agent: [dxpy/0.267.1 (Darwin-18.2.0-x86_64-i386-64bit)]
    method: POST
    uri: https://api.dnanexus.com/file-FQ07XYj017vg3p1F4F8z50yZ/describe
  response:
    body: {string: !!python/unicode '{"id":"file-FQ07XYj017vg3p1F4F8z50yZ","state":"closed"}'}
    headers:
      connection: [keep-alive]
      content-length: ['55']
      content-type: [application/json; charset=utf-8]
      date: ['Thu, 29 Nov 2018 23:42:10 GMT']
      server: [nginx]
      x-content-type-options: [nosniff]
      x-powered-by: [Express]
      x-request-id: [1543534930400-843224]
    status: {code: 200, message: OK}
- request:
    body: !!python/unicode '{"project": "project-FQ07XYQ017vQgfvF8yB1Q64f"}'
    headers:
      Content-Type: [application/json]
      DNAnexus-API: [1.0.0]
      User-Agent: [dxpy/0.267.1 (Darwin-18.2.0-x86_64-i386-64bit)]
    method: POST
    uri: https://api.dnanexus.com/file-FQ07XYj017vg3p1F4F8z50yZ/describe
  response:
    body: {string: !!python/unicode '{"id":"file-FQ07XYj017vg3p1F4F8z50yZ","project":"project-FQ07XYQ017vQgfvF8yB1Q64f","class":"file","sponsored":false,"name":"temp_file","types":[],"state":"closed","hidden":false,"links":[],"folder":"/","tags":[],"created":1543534927000,"modified":1543534929227,"createdBy":{"user":"user-akumar_counsyl"},"media":"text/plain","archivalState":"live","size":11}'}
    headers:
      connection: [keep-alive]
      content-length: ['358']
      content-type: [application/json; charset=utf-8]
      date: ['Thu, 29 Nov 2018 23:42:10 GMT']
      server: [nginx]
      x-content-type-options: [nosniff]
      x-powered-by: [Express]
      x-request-id: [1543534930566-805087]
    status: {code: 200, message: OK}
- request:
    body: !!python/unicode '{"project": "project-FQ07XYQ017vQgfvF8yB1Q64f"}'
    headers:
      Content-Type: [application/json]
      DNAnexus-API: [1.0.0]
      User-Agent: [dxpy/0.267.1 (Darwin-18.2.0-x86_64-i386-64bit)]
    method: POST
    uri: https://api.dnanexus.com/file-FQ07XYj017vg3p1F4F8z50yZ/describe
  response:
    body: {string: !!python/unicode '{"id":"file-FQ07XYj017vg3p1F4F8z50yZ","project":"project-FQ07XYQ017vQgfvF8yB1Q64f","class":"file","sponsored":false,"name":"temp_file","types":[],"state":"closed","hidden":false,"links":[],"folder":"/","tags":[],"created":1543534927000,"modified":1543534929227,"createdBy":{"user":"user-akumar_counsyl"},"media":"text/plain","archivalState":"live","size":11}'}
    headers:
      connection: [keep-alive]
      content-length: ['358']
      content-type: [application/json; charset=utf-8]
      date: ['Thu, 29 Nov 2018 23:42:10 GMT']
      server: [nginx]
      x-content-type-options: [nosniff]
      x-powered-by: [Express]
      x-request-id: [1543534930695-335398]
    status: {code: 200, message: OK}
- request:
    body: !!python/unicode '{"preauthenticated": false, "project": "project-FQ07XYQ017vQgfvF8yB1Q64f"}'
    headers:
      Content-Type: [application/json]
      DNAnexus-API: [1.0.0]
      User-Agent: [dxpy/0.267.1 (Darwin-18.2.0-x86_64-i386-64bit)]
    method: POST
    uri: https://api.dnanexus.com/file-FQ07XYj017vg3p1F4F8z50yZ/download
  response:
    body: {string: !!python/unicode '{"url":"https://dl.dnanex.us/F/D2PRJ/file-FQ07XYj017vg3p1F4F8z50yZ/project-FQ07XYQ017vQgfvF8yB1Q64f","headers":{"X-Authorization":"9rjq7kfS6d6b6x7S8aLC3OKnxdN8Twbr"}}'}
    headers:
      access-control-allow-credentials: ['true']
      connection: [keep-alive]
      content-length: ['166']
      content-type: [application/json; charset=utf-8]
      date: ['Thu, 29 Nov 2018 23:42:10 GMT']
      server: [nginx]
      set-cookie: [authorization=9rjq7kfS6d6b6x7S8aLC3OKnxdN8Twbr; Domain=dl.dnanex.us;
          Path=/F/D2PRJ/file-FQ07XYj017vg3p1F4F8z50yZ/project-FQ07XYQ017vQgfvF8yB1Q64f;
          Max-Age=86400; HttpOnly; Secure]
      x-content-type-options: [nosniff]
      x-powered-by: [Express]
      x-request-id: [1543534930825-484631]
    status: {code: 200, message: OK}
- request:
    body: !!python/unicode 
    headers:
      DNAnexus-API: [1.0.0]
      Range: [bytes=0-10]
      User-Agent: [dxpy/0.267.1 (Darwin-18.2.0-x86_64-i386-64bit)]
      X-Authorization: [9rjq7kfS6d6b6x7S8aLC3OKnxdN8Twbr]
    method: GET
    uri: https://dl.dnanex.us/F/D2PRJ/file-FQ07XYj017vg3p1F4F8z50yZ/project-FQ07XYQ017vQgfvF8yB1Q64f
  response:
    body: {string: !!python/unicode hello world}
    headers:
      accept-ranges: [bytes]
      access-control-allow-credentials: ['true']
      cache-control: ['private, max-age=31536000']
      connection: [keep-alive]
      content-disposition: [attachment]
      content-length: ['11']
      content-range: [bytes 0-10/11]
      content-type: [text/plain]
      date: ['Thu, 29 Nov 2018 23:42:11 GMT']
      last-modified: ['Thu, 29 Nov 2018 23:42:09 GMT']
    status: {code: 206, message: Partial Content}
- request:
    body: !!python/unicode '{}'
    headers:
      Content-Type: [application/json]
      DNAnexus-API: [1.0.0]
      User-Agent: [dxpy/0.267.1 (Darwin-18.2.0-x86_64-i386-64bit)]
    method: POST
    uri: https://api.dnanexus.com/project-FQ07XYQ017vQgfvF8yB1Q64f/destroy
  response:
    body: {string: !!python/unicode '{"id":"project-FQ07XYQ017vQgfvF8yB1Q64f"}'}
    headers:
      connection: [keep-alive]
      content-length: ['41']
      content-type: [application/json; charset=utf-8]
      date: ['Thu, 29 Nov 2018 23:42:19 GMT']
      server: [nginx]
      x-content-type-options: [nosniff]
      x-powered-by: [Express]
      x-request-id: [1543534931434-208188]
    status: {code: 200, message: OK}
version: 1
