interactions:
- request:
    body: !!python/unicode '{"name": "TestOpen.test_write_read_over_files.4837c962"}'
    headers:
      Content-Type: [application/json]
      DNAnexus-API: [1.0.0]
      User-Agent: [dxpy/0.267.1 (Darwin-18.2.0-x86_64-i386-64bit)]
    method: POST
    uri: https://api.dnanexus.com/project/new
  response:
    body: {string: !!python/unicode '{"id":"project-FQ07XQj04777F9qk5BzYx66J"}'}
    headers:
      connection: [keep-alive]
      content-length: ['41']
      content-type: [application/json; charset=utf-8]
      date: ['Thu, 29 Nov 2018 23:41:55 GMT']
      server: [nginx]
      x-content-type-options: [nosniff]
      x-powered-by: [Express]
      x-request-id: [1543534915180-286755]
    status: {code: 200, message: OK}
- request:
    body: !!python/unicode '{}'
    headers:
      Content-Type: [application/json]
      DNAnexus-API: [1.0.0]
      User-Agent: [dxpy/0.267.1 (Darwin-18.2.0-x86_64-i386-64bit)]
    method: POST
    uri: https://api.dnanexus.com/project-FQ07XQj04777F9qk5BzYx66J/describe
  response:
    body: {string: !!python/unicode '{"id":"project-FQ07XQj04777F9qk5BzYx66J","name":"TestOpen.test_write_read_over_files.4837c962","class":"project","created":1543534915000,"modified":1543534915000,"billTo":"org-counsyl","level":"ADMINISTER","dataUsage":0,"sponsoredDataUsage":0,"region":"aws:us-east-1","summary":"","description":"","protected":false,"restricted":false,"downloadRestricted":false,"containsPHI":false,"createdBy":{"user":"user-akumar_counsyl"},"version":0,"storageCost":0,"pendingTransfer":null,"tags":[],"defaultInstanceType":"mem2_hdd2_x2","archivalState":"live","archivalProgress":null,"totalSponsoredEgressBytes":0,"consumedSponsoredEgressBytes":0,"atSpendingLimit":false}'}
    headers:
      connection: [keep-alive]
      content-length: ['657']
      content-type: [application/json; charset=utf-8]
      date: ['Thu, 29 Nov 2018 23:41:55 GMT']
      server: [nginx]
      x-content-type-options: [nosniff]
      x-powered-by: [Express]
      x-request-id: [1543534915297-727130]
    status: {code: 200, message: OK}
- request:
    body: !!python/unicode '{"level": "VIEW", "limit": 2, "name": "TestOpen.test_write_read_over_files.4837c962"}'
    headers:
      Content-Type: [application/json]
      DNAnexus-API: [1.0.0]
      User-Agent: [dxpy/0.267.1 (Darwin-18.2.0-x86_64-i386-64bit)]
    method: POST
    uri: https://api.dnanexus.com/system/findProjects
  response:
    body: {string: !!python/unicode '{"results":[{"id":"project-FQ07XQj04777F9qk5BzYx66J","level":"ADMINISTER","permissionSources":["user-akumar_counsyl"],"public":false}],"next":null}'}
    headers:
      connection: [keep-alive]
      content-length: ['147']
      content-type: [application/json; charset=utf-8]
      date: ['Thu, 29 Nov 2018 23:41:55 GMT']
      server: [nginx]
      x-content-type-options: [nosniff]
      x-powered-by: [Express]
      x-request-id: [1543534915398-413184]
    status: {code: 200, message: OK}
- request:
    body: !!python/unicode '{"objects": [{"batchsize": 2, "name": "temp_file", "folder":
      "/", "project": "project-FQ07XQj04777F9qk5BzYx66J"}]}'
    headers:
      Content-Type: [application/json]
      DNAnexus-API: [1.0.0]
      User-Agent: [dxpy/0.267.1 (Darwin-18.2.0-x86_64-i386-64bit)]
    method: POST
    uri: https://api.dnanexus.com/system/resolveDataObjects
  response:
    body: {string: !!python/unicode '{"results":[[]]}'}
    headers:
      connection: [keep-alive]
      content-length: ['16']
      content-type: [application/json; charset=utf-8]
      date: ['Thu, 29 Nov 2018 23:41:55 GMT']
      server: [nginx]
      x-content-type-options: [nosniff]
      x-powered-by: [Express]
      x-request-id: [1543534915513-112072]
    status: {code: 200, message: OK}
- request:
    body: !!python/unicode '{"objects": [{"batchsize": 2, "name": "temp_file", "folder":
      "/", "project": "project-FQ07XQj04777F9qk5BzYx66J"}]}'
    headers:
      Content-Type: [application/json]
      DNAnexus-API: [1.0.0]
      User-Agent: [dxpy/0.267.1 (Darwin-18.2.0-x86_64-i386-64bit)]
    method: POST
    uri: https://api.dnanexus.com/system/resolveDataObjects
  response:
    body: {string: !!python/unicode '{"results":[[]]}'}
    headers:
      connection: [keep-alive]
      content-length: ['16']
      content-type: [application/json; charset=utf-8]
      date: ['Thu, 29 Nov 2018 23:41:55 GMT']
      server: [nginx]
      x-content-type-options: [nosniff]
      x-powered-by: [Express]
      x-request-id: [1543534915611-725435]
    status: {code: 200, message: OK}
- request:
    body: !!python/unicode '{"parents": true, "name": "temp_file", "folder": "/",
      "nonce": "169bbf2dc515378bfb569d4f4635a5d30288f4ad1147812c92966ebdff9b35861543534915.667295",
      "project": "project-FQ07XQj04777F9qk5BzYx66J"}'
    headers:
      Content-Type: [application/json]
      DNAnexus-API: [1.0.0]
      User-Agent: [dxpy/0.267.1 (Darwin-18.2.0-x86_64-i386-64bit)]
    method: POST
    uri: https://api.dnanexus.com/file/new
  response:
    body: {string: !!python/unicode '{"id":"file-FQ07XQj04775Bqyy5Fpxj40v"}'}
    headers:
      connection: [keep-alive]
      content-length: ['38']
      content-type: [application/json; charset=utf-8]
      date: ['Thu, 29 Nov 2018 23:41:55 GMT']
      server: [nginx]
      x-content-type-options: [nosniff]
      x-powered-by: [Express]
      x-request-id: [1543534915707-217435]
    status: {code: 200, message: OK}
- request:
    body: !!python/unicode '{"fields": {"fileUploadParameters": true}}'
    headers:
      Content-Type: [application/json]
      DNAnexus-API: [1.0.0]
      User-Agent: [dxpy/0.267.1 (Darwin-18.2.0-x86_64-i386-64bit)]
    method: POST
    uri: https://api.dnanexus.com/project-FQ07XQj04777F9qk5BzYx66J/describe
  response:
    body: {string: !!python/unicode '{"id":"project-FQ07XQj04777F9qk5BzYx66J","fileUploadParameters":{"maximumPartSize":5368709120,"minimumPartSize":5242880,"maximumFileSize":5497558138880,"maximumNumParts":10000,"emptyLastPartAllowed":true}}'}
    headers:
      connection: [keep-alive]
      content-length: ['205']
      content-type: [application/json; charset=utf-8]
      date: ['Thu, 29 Nov 2018 23:41:55 GMT']
      server: [nginx]
      x-content-type-options: [nosniff]
      x-powered-by: [Express]
      x-request-id: [1543534915836-97818]
    status: {code: 200, message: OK}
- request:
    body: !!python/unicode '{"md5": "51eb50eebfd0e36abe3c09e631399af9", "size": 24,
      "index": 1}'
    headers:
      Content-Type: [application/json]
      DNAnexus-API: [1.0.0]
      User-Agent: [dxpy/0.267.1 (Darwin-18.2.0-x86_64-i386-64bit)]
    method: POST
    uri: https://api.dnanexus.com/file-FQ07XQj04775Bqyy5Fpxj40v/upload
  response:
    body: {string: !!python/unicode '{"url":"https://dnanexus-platform-upload-prod.s3.amazonaws.com/filev2/b53a/file/open/file-FQ07XQj04775Bqyy5Fpxj40v/1?X-Amz-Algorithm=AWS4-HMAC-SHA256&X-Amz-Credential=AKIAJDCC37XBLBSWJBVQ%2F20181129%2Fus-east-1%2Fs3%2Faws4_request&X-Amz-Date=20181129T234155Z&X-Amz-Expires=120&X-Amz-SignedHeaders=content-length%3Bcontent-md5%3Bcontent-type%3Bhost%3Bx-amz-server-side-encryption&X-Amz-Signature=32137d6754de604cd98b836bde2a09769cd6aa09eea8763f3bce54be6db92ee7","headers":{"host":"dnanexus-platform-upload-prod.s3.amazonaws.com","content-type":"binary/octet-stream","x-amz-server-side-encryption":"AES256","content-md5":"UetQ7r/Q42q+PAnmMTma+Q==","content-length":"24"},"expires":1543535035962}'}
    headers:
      connection: [keep-alive]
      content-length: ['693']
      content-type: [application/json; charset=utf-8]
      date: ['Thu, 29 Nov 2018 23:41:55 GMT']
      server: [nginx]
      x-content-type-options: [nosniff]
      x-powered-by: [Express]
      x-request-id: [1543534915950-203589]
    status: {code: 200, message: OK}
- request:
    body: !!python/unicode 'line1

      line2

      line3

      line4

'
    headers:
      DNAnexus-API: [1.0.0]
      User-Agent: [dxpy/0.267.1 (Darwin-18.2.0-x86_64-i386-64bit)]
      content-length: ['24']
      content-md5: [UetQ7r/Q42q+PAnmMTma+Q==]
      content-type: [binary/octet-stream]
      host: [dnanexus-platform-upload-prod.s3.amazonaws.com]
      x-amz-server-side-encryption: [AES256]
    method: PUT
    uri: https://dnanexus-platform-upload-prod.s3.amazonaws.com/filev2/b53a/file/open/file-FQ07XQj04775Bqyy5Fpxj40v/1?X-Amz-Algorithm=AWS4-HMAC-SHA256&X-Amz-Credential=AKIAJDCC37XBLBSWJBVQ%2F20181129%2Fus-east-1%2Fs3%2Faws4_request&X-Amz-Date=20181129T234155Z&X-Amz-Expires=120&X-Amz-SignedHeaders=content-length%3Bcontent-md5%3Bcontent-type%3Bhost%3Bx-amz-server-side-encryption&X-Amz-Signature=32137d6754de604cd98b836bde2a09769cd6aa09eea8763f3bce54be6db92ee7
  response:
    body: {string: !!python/unicode ''}
    headers:
      content-length: ['0']
      date: ['Thu, 29 Nov 2018 23:41:57 GMT']
      etag: ['"51eb50eebfd0e36abe3c09e631399af9"']
      server: [AmazonS3]
      x-amz-expiration: ['expiry-date="Fri, 21 Dec 2018 00:00:00 GMT", rule-id="3weekpurge"']
      x-amz-id-2: [uSDOrsX5iZOjHJrKKhIpd7IrMzqqy3IbggsUa/3zVxEblt9uWIOD9vT/LBKrYAqbyfBPvDXBaFI=]
      x-amz-request-id: [A6A8C80579A98D07]
      x-amz-server-side-encryption: [AES256]
    status: {code: 200, message: OK}
- request:
    body: !!python/unicode '{}'
    headers:
      Content-Type: [application/json]
      DNAnexus-API: [1.0.0]
      User-Agent: [dxpy/0.267.1 (Darwin-18.2.0-x86_64-i386-64bit)]
    method: POST
    uri: https://api.dnanexus.com/file-FQ07XQj04775Bqyy5Fpxj40v/close
  response:
    body: {string: !!python/unicode '{"id":"file-FQ07XQj04775Bqyy5Fpxj40v"}'}
    headers:
      connection: [keep-alive]
      content-length: ['38']
      content-type: [application/json; charset=utf-8]
      date: ['Thu, 29 Nov 2018 23:41:56 GMT']
      server: [nginx]
      x-content-type-options: [nosniff]
      x-powered-by: [Express]
      x-request-id: [1543534916388-188252]
    status: {code: 200, message: OK}
- request:
    body: !!python/unicode '{"objects": [{"batchsize": 2, "name": "temp_file", "folder":
      "/", "project": "project-FQ07XQj04777F9qk5BzYx66J"}]}'
    headers:
      Content-Type: [application/json]
      DNAnexus-API: [1.0.0]
      User-Agent: [dxpy/0.267.1 (Darwin-18.2.0-x86_64-i386-64bit)]
    method: POST
    uri: https://api.dnanexus.com/system/resolveDataObjects
  response:
    body: {string: !!python/unicode '{"results":[[{"project":"project-FQ07XQj04777F9qk5BzYx66J","id":"file-FQ07XQj04775Bqyy5Fpxj40v"}]]}'}
    headers:
      connection: [keep-alive]
      content-length: ['99']
      content-type: [application/json; charset=utf-8]
      date: ['Thu, 29 Nov 2018 23:41:56 GMT']
      server: [nginx]
      x-content-type-options: [nosniff]
      x-powered-by: [Express]
      x-request-id: [1543534916583-939719]
    status: {code: 200, message: OK}
- request:
    body: !!python/unicode '{"project": "project-FQ07XQj04777F9qk5BzYx66J", "fields":
      {"state": true}}'
    headers:
      Content-Type: [application/json]
      DNAnexus-API: [1.0.0]
      User-Agent: [dxpy/0.267.1 (Darwin-18.2.0-x86_64-i386-64bit)]
    method: POST
    uri: https://api.dnanexus.com/file-FQ07XQj04775Bqyy5Fpxj40v/describe
  response:
    body: {string: !!python/unicode '{"id":"file-FQ07XQj04775Bqyy5Fpxj40v","state":"closing"}'}
    headers:
      connection: [keep-alive]
      content-length: ['56']
      content-type: [application/json; charset=utf-8]
      date: ['Thu, 29 Nov 2018 23:41:56 GMT']
      server: [nginx]
      x-content-type-options: [nosniff]
      x-powered-by: [Express]
      x-request-id: [1543534916678-984594]
    status: {code: 200, message: OK}
- request:
    body: !!python/unicode '{"project": "project-FQ07XQj04777F9qk5BzYx66J", "fields":
      {"state": true}}'
    headers:
      Content-Type: [application/json]
      DNAnexus-API: [1.0.0]
      User-Agent: [dxpy/0.267.1 (Darwin-18.2.0-x86_64-i386-64bit)]
    method: POST
    uri: https://api.dnanexus.com/file-FQ07XQj04775Bqyy5Fpxj40v/describe
  response:
    body: {string: !!python/unicode '{"id":"file-FQ07XQj04775Bqyy5Fpxj40v","state":"closed"}'}
    headers:
      connection: [keep-alive]
      content-length: ['55']
      content-type: [application/json; charset=utf-8]
      date: ['Thu, 29 Nov 2018 23:41:58 GMT']
      server: [nginx]
      x-content-type-options: [nosniff]
      x-powered-by: [Express]
      x-request-id: [1543534918783-364674]
    status: {code: 200, message: OK}
- request:
    body: !!python/unicode '{"project": "project-FQ07XQj04777F9qk5BzYx66J"}'
    headers:
      Content-Type: [application/json]
      DNAnexus-API: [1.0.0]
      User-Agent: [dxpy/0.267.1 (Darwin-18.2.0-x86_64-i386-64bit)]
    method: POST
    uri: https://api.dnanexus.com/file-FQ07XQj04775Bqyy5Fpxj40v/describe
  response:
    body: {string: !!python/unicode '{"id":"file-FQ07XQj04775Bqyy5Fpxj40v","project":"project-FQ07XQj04777F9qk5BzYx66J","class":"file","sponsored":false,"name":"temp_file","types":[],"state":"closed","hidden":false,"links":[],"folder":"/","tags":[],"created":1543534915000,"modified":1543534917371,"createdBy":{"user":"user-akumar_counsyl"},"media":"text/plain","archivalState":"live","size":24}'}
    headers:
      connection: [keep-alive]
      content-length: ['358']
      content-type: [application/json; charset=utf-8]
      date: ['Thu, 29 Nov 2018 23:41:58 GMT']
      server: [nginx]
      x-content-type-options: [nosniff]
      x-powered-by: [Express]
      x-request-id: [1543534918908-912352]
    status: {code: 200, message: OK}
- request:
    body: !!python/unicode '{"project": "project-FQ07XQj04777F9qk5BzYx66J"}'
    headers:
      Content-Type: [application/json]
      DNAnexus-API: [1.0.0]
      User-Agent: [dxpy/0.267.1 (Darwin-18.2.0-x86_64-i386-64bit)]
    method: POST
    uri: https://api.dnanexus.com/file-FQ07XQj04775Bqyy5Fpxj40v/describe
  response:
    body: {string: !!python/unicode '{"id":"file-FQ07XQj04775Bqyy5Fpxj40v","project":"project-FQ07XQj04777F9qk5BzYx66J","class":"file","sponsored":false,"name":"temp_file","types":[],"state":"closed","hidden":false,"links":[],"folder":"/","tags":[],"created":1543534915000,"modified":1543534917371,"createdBy":{"user":"user-akumar_counsyl"},"media":"text/plain","archivalState":"live","size":24}'}
    headers:
      connection: [keep-alive]
      content-length: ['358']
      content-type: [application/json; charset=utf-8]
      date: ['Thu, 29 Nov 2018 23:41:59 GMT']
      server: [nginx]
      x-content-type-options: [nosniff]
      x-powered-by: [Express]
      x-request-id: [1543534919011-966991]
    status: {code: 200, message: OK}
- request:
    body: !!python/unicode '{"preauthenticated": false, "project": "project-FQ07XQj04777F9qk5BzYx66J"}'
    headers:
      Content-Type: [application/json]
      DNAnexus-API: [1.0.0]
      User-Agent: [dxpy/0.267.1 (Darwin-18.2.0-x86_64-i386-64bit)]
    method: POST
    uri: https://api.dnanexus.com/file-FQ07XQj04775Bqyy5Fpxj40v/download
  response:
    body: {string: !!python/unicode '{"url":"https://dl.dnanex.us/F/D2PRJ/file-FQ07XQj04775Bqyy5Fpxj40v/project-FQ07XQj04777F9qk5BzYx66J","headers":{"X-Authorization":"9rjq7kfS6d6b6x7S8aLC3OKnxdN8Twbr"}}'}
    headers:
      access-control-allow-credentials: ['true']
      connection: [keep-alive]
      content-length: ['166']
      content-type: [application/json; charset=utf-8]
      date: ['Thu, 29 Nov 2018 23:41:59 GMT']
      server: [nginx]
      set-cookie: [authorization=9rjq7kfS6d6b6x7S8aLC3OKnxdN8Twbr; Domain=dl.dnanex.us;
          Path=/F/D2PRJ/file-FQ07XQj04775Bqyy5Fpxj40v/project-FQ07XQj04777F9qk5BzYx66J;
          Max-Age=86400; HttpOnly; Secure]
      x-content-type-options: [nosniff]
      x-powered-by: [Express]
      x-request-id: [1543534919108-76816]
    status: {code: 200, message: OK}
- request:
    body: !!python/unicode 
    headers:
      DNAnexus-API: [1.0.0]
      Range: [bytes=0-23]
      User-Agent: [dxpy/0.267.1 (Darwin-18.2.0-x86_64-i386-64bit)]
      X-Authorization: [9rjq7kfS6d6b6x7S8aLC3OKnxdN8Twbr]
    method: GET
    uri: https://dl.dnanex.us/F/D2PRJ/file-FQ07XQj04775Bqyy5Fpxj40v/project-FQ07XQj04777F9qk5BzYx66J
  response:
    body: {string: !!python/unicode 'line1

        line2

        line3

        line4

'}
    headers:
      accept-ranges: [bytes]
      access-control-allow-credentials: ['true']
      cache-control: ['private, max-age=31536000']
      connection: [keep-alive]
      content-disposition: [attachment]
      content-length: ['24']
      content-range: [bytes 0-23/24]
      content-type: [text/plain]
      date: ['Thu, 29 Nov 2018 23:41:59 GMT']
      last-modified: ['Thu, 29 Nov 2018 23:41:58 GMT']
    status: {code: 206, message: Partial Content}
- request:
    body: !!python/unicode '{"project": "project-FQ07XQj04777F9qk5BzYx66J"}'
    headers:
      Content-Type: [application/json]
      DNAnexus-API: [1.0.0]
      User-Agent: [dxpy/0.267.1 (Darwin-18.2.0-x86_64-i386-64bit)]
    method: POST
    uri: https://api.dnanexus.com/file-FQ07XQj04775Bqyy5Fpxj40v/describe
  response:
    body: {string: !!python/unicode '{"id":"file-FQ07XQj04775Bqyy5Fpxj40v","project":"project-FQ07XQj04777F9qk5BzYx66J","class":"file","sponsored":false,"name":"temp_file","types":[],"state":"closed","hidden":false,"links":[],"folder":"/","tags":[],"created":1543534915000,"modified":1543534917371,"createdBy":{"user":"user-akumar_counsyl"},"media":"text/plain","archivalState":"live","size":24}'}
    headers:
      connection: [keep-alive]
      content-length: ['358']
      content-type: [application/json; charset=utf-8]
      date: ['Thu, 29 Nov 2018 23:41:59 GMT']
      server: [nginx]
      x-content-type-options: [nosniff]
      x-powered-by: [Express]
      x-request-id: [1543534919586-487912]
    status: {code: 200, message: OK}
- request:
    body: !!python/unicode '{"project": "project-FQ07XQj04777F9qk5BzYx66J"}'
    headers:
      Content-Type: [application/json]
      DNAnexus-API: [1.0.0]
      User-Agent: [dxpy/0.267.1 (Darwin-18.2.0-x86_64-i386-64bit)]
    method: POST
    uri: https://api.dnanexus.com/file-FQ07XQj04775Bqyy5Fpxj40v/describe
  response:
    body: {string: !!python/unicode '{"id":"file-FQ07XQj04775Bqyy5Fpxj40v","project":"project-FQ07XQj04777F9qk5BzYx66J","class":"file","sponsored":false,"name":"temp_file","types":[],"state":"closed","hidden":false,"links":[],"folder":"/","tags":[],"created":1543534915000,"modified":1543534917371,"createdBy":{"user":"user-akumar_counsyl"},"media":"text/plain","archivalState":"live","size":24}'}
    headers:
      connection: [keep-alive]
      content-length: ['358']
      content-type: [application/json; charset=utf-8]
      date: ['Thu, 29 Nov 2018 23:41:59 GMT']
      server: [nginx]
      x-content-type-options: [nosniff]
      x-powered-by: [Express]
      x-request-id: [1543534919725-130855]
    status: {code: 200, message: OK}
- request:
    body: !!python/unicode '{"preauthenticated": false, "project": "project-FQ07XQj04777F9qk5BzYx66J"}'
    headers:
      Content-Type: [application/json]
      DNAnexus-API: [1.0.0]
      User-Agent: [dxpy/0.267.1 (Darwin-18.2.0-x86_64-i386-64bit)]
    method: POST
    uri: https://api.dnanexus.com/file-FQ07XQj04775Bqyy5Fpxj40v/download
  response:
    body: {string: !!python/unicode '{"url":"https://dl.dnanex.us/F/D2PRJ/file-FQ07XQj04775Bqyy5Fpxj40v/project-FQ07XQj04777F9qk5BzYx66J","headers":{"X-Authorization":"9rjq7kfS6d6b6x7S8aLC3OKnxdN8Twbr"}}'}
    headers:
      access-control-allow-credentials: ['true']
      connection: [keep-alive]
      content-length: ['166']
      content-type: [application/json; charset=utf-8]
      date: ['Thu, 29 Nov 2018 23:41:59 GMT']
      server: [nginx]
      set-cookie: [authorization=9rjq7kfS6d6b6x7S8aLC3OKnxdN8Twbr; Domain=dl.dnanex.us;
          Path=/F/D2PRJ/file-FQ07XQj04775Bqyy5Fpxj40v/project-FQ07XQj04777F9qk5BzYx66J;
          Max-Age=86400; HttpOnly; Secure]
      x-content-type-options: [nosniff]
      x-powered-by: [Express]
      x-request-id: [1543534919838-103249]
    status: {code: 200, message: OK}
- request:
    body: !!python/unicode 
    headers:
      DNAnexus-API: [1.0.0]
      Range: [bytes=0-23]
      User-Agent: [dxpy/0.267.1 (Darwin-18.2.0-x86_64-i386-64bit)]
      X-Authorization: [9rjq7kfS6d6b6x7S8aLC3OKnxdN8Twbr]
    method: GET
    uri: https://dl.dnanex.us/F/D2PRJ/file-FQ07XQj04775Bqyy5Fpxj40v/project-FQ07XQj04777F9qk5BzYx66J
  response:
    body: {string: !!python/unicode 'line1

        line2

        line3

        line4

'}
    headers:
      accept-ranges: [bytes]
      access-control-allow-credentials: ['true']
      cache-control: ['private, max-age=31536000']
      connection: [keep-alive]
      content-disposition: [attachment]
      content-length: ['24']
      content-range: [bytes 0-23/24]
      content-type: [text/plain]
      date: ['Thu, 29 Nov 2018 23:41:59 GMT']
      last-modified: ['Thu, 29 Nov 2018 23:41:58 GMT']
    status: {code: 206, message: Partial Content}
- request:
    body: !!python/unicode '{"project": "project-FQ07XQj04777F9qk5BzYx66J"}'
    headers:
      Content-Type: [application/json]
      DNAnexus-API: [1.0.0]
      User-Agent: [dxpy/0.267.1 (Darwin-18.2.0-x86_64-i386-64bit)]
    method: POST
    uri: https://api.dnanexus.com/file-FQ07XQj04775Bqyy5Fpxj40v/describe
  response:
    body: {string: !!python/unicode '{"id":"file-FQ07XQj04775Bqyy5Fpxj40v","project":"project-FQ07XQj04777F9qk5BzYx66J","class":"file","sponsored":false,"name":"temp_file","types":[],"state":"closed","hidden":false,"links":[],"folder":"/","tags":[],"created":1543534915000,"modified":1543534917371,"createdBy":{"user":"user-akumar_counsyl"},"media":"text/plain","archivalState":"live","size":24}'}
    headers:
      connection: [keep-alive]
      content-length: ['358']
      content-type: [application/json; charset=utf-8]
      date: ['Thu, 29 Nov 2018 23:42:00 GMT']
      server: [nginx]
      x-content-type-options: [nosniff]
      x-powered-by: [Express]
      x-request-id: [1543534920094-369062]
    status: {code: 200, message: OK}
- request:
    body: !!python/unicode '{"project": "project-FQ07XQj04777F9qk5BzYx66J"}'
    headers:
      Content-Type: [application/json]
      DNAnexus-API: [1.0.0]
      User-Agent: [dxpy/0.267.1 (Darwin-18.2.0-x86_64-i386-64bit)]
    method: POST
    uri: https://api.dnanexus.com/file-FQ07XQj04775Bqyy5Fpxj40v/describe
  response:
    body: {string: !!python/unicode '{"id":"file-FQ07XQj04775Bqyy5Fpxj40v","project":"project-FQ07XQj04777F9qk5BzYx66J","class":"file","sponsored":false,"name":"temp_file","types":[],"state":"closed","hidden":false,"links":[],"folder":"/","tags":[],"created":1543534915000,"modified":1543534917371,"createdBy":{"user":"user-akumar_counsyl"},"media":"text/plain","archivalState":"live","size":24}'}
    headers:
      connection: [keep-alive]
      content-length: ['358']
      content-type: [application/json; charset=utf-8]
      date: ['Thu, 29 Nov 2018 23:42:00 GMT']
      server: [nginx]
      x-content-type-options: [nosniff]
      x-powered-by: [Express]
      x-request-id: [1543534920203-80042]
    status: {code: 200, message: OK}
- request:
    body: !!python/unicode '{"preauthenticated": false, "project": "project-FQ07XQj04777F9qk5BzYx66J"}'
    headers:
      Content-Type: [application/json]
      DNAnexus-API: [1.0.0]
      User-Agent: [dxpy/0.267.1 (Darwin-18.2.0-x86_64-i386-64bit)]
    method: POST
    uri: https://api.dnanexus.com/file-FQ07XQj04775Bqyy5Fpxj40v/download
  response:
    body: {string: !!python/unicode '{"url":"https://dl.dnanex.us/F/D2PRJ/file-FQ07XQj04775Bqyy5Fpxj40v/project-FQ07XQj04777F9qk5BzYx66J","headers":{"X-Authorization":"9rjq7kfS6d6b6x7S8aLC3OKnxdN8Twbr"}}'}
    headers:
      access-control-allow-credentials: ['true']
      connection: [keep-alive]
      content-length: ['166']
      content-type: [application/json; charset=utf-8]
      date: ['Thu, 29 Nov 2018 23:42:00 GMT']
      server: [nginx]
      set-cookie: [authorization=9rjq7kfS6d6b6x7S8aLC3OKnxdN8Twbr; Domain=dl.dnanex.us;
          Path=/F/D2PRJ/file-FQ07XQj04775Bqyy5Fpxj40v/project-FQ07XQj04777F9qk5BzYx66J;
          Max-Age=86400; HttpOnly; Secure]
      x-content-type-options: [nosniff]
      x-powered-by: [Express]
      x-request-id: [1543534920295-15515]
    status: {code: 200, message: OK}
- request:
    body: !!python/unicode 
    headers:
      DNAnexus-API: [1.0.0]
      Range: [bytes=0-23]
      User-Agent: [dxpy/0.267.1 (Darwin-18.2.0-x86_64-i386-64bit)]
      X-Authorization: [9rjq7kfS6d6b6x7S8aLC3OKnxdN8Twbr]
    method: GET
    uri: https://dl.dnanex.us/F/D2PRJ/file-FQ07XQj04775Bqyy5Fpxj40v/project-FQ07XQj04777F9qk5BzYx66J
  response:
    body: {string: !!python/unicode 'line1

        line2

        line3

        line4

'}
    headers:
      accept-ranges: [bytes]
      access-control-allow-credentials: ['true']
      cache-control: ['private, max-age=31536000']
      connection: [keep-alive]
      content-disposition: [attachment]
      content-length: ['24']
      content-range: [bytes 0-23/24]
      content-type: [text/plain]
      date: ['Thu, 29 Nov 2018 23:42:00 GMT']
      last-modified: ['Thu, 29 Nov 2018 23:41:58 GMT']
    status: {code: 206, message: Partial Content}
- request:
    body: !!python/unicode '{"project": "project-FQ07XQj04777F9qk5BzYx66J"}'
    headers:
      Content-Type: [application/json]
      DNAnexus-API: [1.0.0]
      User-Agent: [dxpy/0.267.1 (Darwin-18.2.0-x86_64-i386-64bit)]
    method: POST
    uri: https://api.dnanexus.com/file-FQ07XQj04775Bqyy5Fpxj40v/describe
  response:
    body: {string: !!python/unicode '{"id":"file-FQ07XQj04775Bqyy5Fpxj40v","project":"project-FQ07XQj04777F9qk5BzYx66J","class":"file","sponsored":false,"name":"temp_file","types":[],"state":"closed","hidden":false,"links":[],"folder":"/","tags":[],"created":1543534915000,"modified":1543534917371,"createdBy":{"user":"user-akumar_counsyl"},"media":"text/plain","archivalState":"live","size":24}'}
    headers:
      connection: [keep-alive]
      content-length: ['358']
      content-type: [application/json; charset=utf-8]
      date: ['Thu, 29 Nov 2018 23:42:00 GMT']
      server: [nginx]
      x-content-type-options: [nosniff]
      x-powered-by: [Express]
      x-request-id: [1543534920546-943115]
    status: {code: 200, message: OK}
- request:
    body: !!python/unicode '{"project": "project-FQ07XQj04777F9qk5BzYx66J"}'
    headers:
      Content-Type: [application/json]
      DNAnexus-API: [1.0.0]
      User-Agent: [dxpy/0.267.1 (Darwin-18.2.0-x86_64-i386-64bit)]
    method: POST
    uri: https://api.dnanexus.com/file-FQ07XQj04775Bqyy5Fpxj40v/describe
  response:
    body: {string: !!python/unicode '{"id":"file-FQ07XQj04775Bqyy5Fpxj40v","project":"project-FQ07XQj04777F9qk5BzYx66J","class":"file","sponsored":false,"name":"temp_file","types":[],"state":"closed","hidden":false,"links":[],"folder":"/","tags":[],"created":1543534915000,"modified":1543534917371,"createdBy":{"user":"user-akumar_counsyl"},"media":"text/plain","archivalState":"live","size":24}'}
    headers:
      connection: [keep-alive]
      content-length: ['358']
      content-type: [application/json; charset=utf-8]
      date: ['Thu, 29 Nov 2018 23:42:00 GMT']
      server: [nginx]
      x-content-type-options: [nosniff]
      x-powered-by: [Express]
      x-request-id: [1543534920656-711432]
    status: {code: 200, message: OK}
- request:
    body: !!python/unicode '{"preauthenticated": false, "project": "project-FQ07XQj04777F9qk5BzYx66J"}'
    headers:
      Content-Type: [application/json]
      DNAnexus-API: [1.0.0]
      User-Agent: [dxpy/0.267.1 (Darwin-18.2.0-x86_64-i386-64bit)]
    method: POST
    uri: https://api.dnanexus.com/file-FQ07XQj04775Bqyy5Fpxj40v/download
  response:
    body: {string: !!python/unicode '{"url":"https://dl.dnanex.us/F/D2PRJ/file-FQ07XQj04775Bqyy5Fpxj40v/project-FQ07XQj04777F9qk5BzYx66J","headers":{"X-Authorization":"9rjq7kfS6d6b6x7S8aLC3OKnxdN8Twbr"}}'}
    headers:
      access-control-allow-credentials: ['true']
      connection: [keep-alive]
      content-length: ['166']
      content-type: [application/json; charset=utf-8]
      date: ['Thu, 29 Nov 2018 23:42:00 GMT']
      server: [nginx]
      set-cookie: [authorization=9rjq7kfS6d6b6x7S8aLC3OKnxdN8Twbr; Domain=dl.dnanex.us;
          Path=/F/D2PRJ/file-FQ07XQj04775Bqyy5Fpxj40v/project-FQ07XQj04777F9qk5BzYx66J;
          Max-Age=86400; HttpOnly; Secure]
      x-content-type-options: [nosniff]
      x-powered-by: [Express]
      x-request-id: [1543534920791-616102]
    status: {code: 200, message: OK}
- request:
    body: !!python/unicode 
    headers:
      DNAnexus-API: [1.0.0]
      Range: [bytes=0-23]
      User-Agent: [dxpy/0.267.1 (Darwin-18.2.0-x86_64-i386-64bit)]
      X-Authorization: [9rjq7kfS6d6b6x7S8aLC3OKnxdN8Twbr]
    method: GET
    uri: https://dl.dnanex.us/F/D2PRJ/file-FQ07XQj04775Bqyy5Fpxj40v/project-FQ07XQj04777F9qk5BzYx66J
  response:
    body: {string: !!python/unicode 'line1

        line2

        line3

        line4

'}
    headers:
      accept-ranges: [bytes]
      access-control-allow-credentials: ['true']
      cache-control: ['private, max-age=31536000']
      connection: [keep-alive]
      content-disposition: [attachment]
      content-length: ['24']
      content-range: [bytes 0-23/24]
      content-type: [text/plain]
      date: ['Thu, 29 Nov 2018 23:42:00 GMT']
      last-modified: ['Thu, 29 Nov 2018 23:41:58 GMT']
    status: {code: 206, message: Partial Content}
- request:
    body: !!python/unicode '{"project": "project-FQ07XQj04777F9qk5BzYx66J"}'
    headers:
      Content-Type: [application/json]
      DNAnexus-API: [1.0.0]
      User-Agent: [dxpy/0.267.1 (Darwin-18.2.0-x86_64-i386-64bit)]
    method: POST
    uri: https://api.dnanexus.com/file-FQ07XQj04775Bqyy5Fpxj40v/describe
  response:
    body: {string: !!python/unicode '{"id":"file-FQ07XQj04775Bqyy5Fpxj40v","project":"project-FQ07XQj04777F9qk5BzYx66J","class":"file","sponsored":false,"name":"temp_file","types":[],"state":"closed","hidden":false,"links":[],"folder":"/","tags":[],"created":1543534915000,"modified":1543534917371,"createdBy":{"user":"user-akumar_counsyl"},"media":"text/plain","archivalState":"live","size":24}'}
    headers:
      connection: [keep-alive]
      content-length: ['358']
      content-type: [application/json; charset=utf-8]
      date: ['Thu, 29 Nov 2018 23:42:01 GMT']
      server: [nginx]
      x-content-type-options: [nosniff]
      x-powered-by: [Express]
      x-request-id: [1543534921025-884956]
    status: {code: 200, message: OK}
- request:
    body: !!python/unicode '{"project": "project-FQ07XQj04777F9qk5BzYx66J"}'
    headers:
      Content-Type: [application/json]
      DNAnexus-API: [1.0.0]
      User-Agent: [dxpy/0.267.1 (Darwin-18.2.0-x86_64-i386-64bit)]
    method: POST
    uri: https://api.dnanexus.com/file-FQ07XQj04775Bqyy5Fpxj40v/describe
  response:
    body: {string: !!python/unicode '{"id":"file-FQ07XQj04775Bqyy5Fpxj40v","project":"project-FQ07XQj04777F9qk5BzYx66J","class":"file","sponsored":false,"name":"temp_file","types":[],"state":"closed","hidden":false,"links":[],"folder":"/","tags":[],"created":1543534915000,"modified":1543534917371,"createdBy":{"user":"user-akumar_counsyl"},"media":"text/plain","archivalState":"live","size":24}'}
    headers:
      connection: [keep-alive]
      content-length: ['358']
      content-type: [application/json; charset=utf-8]
      date: ['Thu, 29 Nov 2018 23:42:01 GMT']
      server: [nginx]
      x-content-type-options: [nosniff]
      x-powered-by: [Express]
      x-request-id: [1543534921149-396159]
    status: {code: 200, message: OK}
- request:
    body: !!python/unicode '{"preauthenticated": false, "project": "project-FQ07XQj04777F9qk5BzYx66J"}'
    headers:
      Content-Type: [application/json]
      DNAnexus-API: [1.0.0]
      User-Agent: [dxpy/0.267.1 (Darwin-18.2.0-x86_64-i386-64bit)]
    method: POST
    uri: https://api.dnanexus.com/file-FQ07XQj04775Bqyy5Fpxj40v/download
  response:
    body: {string: !!python/unicode '{"url":"https://dl.dnanex.us/F/D2PRJ/file-FQ07XQj04775Bqyy5Fpxj40v/project-FQ07XQj04777F9qk5BzYx66J","headers":{"X-Authorization":"9rjq7kfS6d6b6x7S8aLC3OKnxdN8Twbr"}}'}
    headers:
      access-control-allow-credentials: ['true']
      connection: [keep-alive]
      content-length: ['166']
      content-type: [application/json; charset=utf-8]
      date: ['Thu, 29 Nov 2018 23:42:01 GMT']
      server: [nginx]
      set-cookie: [authorization=9rjq7kfS6d6b6x7S8aLC3OKnxdN8Twbr; Domain=dl.dnanex.us;
          Path=/F/D2PRJ/file-FQ07XQj04775Bqyy5Fpxj40v/project-FQ07XQj04777F9qk5BzYx66J;
          Max-Age=86400; HttpOnly; Secure]
      x-content-type-options: [nosniff]
      x-powered-by: [Express]
      x-request-id: [1543534921371-39223]
    status: {code: 200, message: OK}
- request:
    body: !!python/unicode 
    headers:
      DNAnexus-API: [1.0.0]
      Range: [bytes=0-23]
      User-Agent: [dxpy/0.267.1 (Darwin-18.2.0-x86_64-i386-64bit)]
      X-Authorization: [9rjq7kfS6d6b6x7S8aLC3OKnxdN8Twbr]
    method: GET
    uri: https://dl.dnanex.us/F/D2PRJ/file-FQ07XQj04775Bqyy5Fpxj40v/project-FQ07XQj04777F9qk5BzYx66J
  response:
    body: {string: !!python/unicode 'line1

        line2

        line3

        line4

'}
    headers:
      accept-ranges: [bytes]
      access-control-allow-credentials: ['true']
      cache-control: ['private, max-age=31536000']
      connection: [keep-alive]
      content-disposition: [attachment]
      content-length: ['24']
      content-range: [bytes 0-23/24]
      content-type: [text/plain]
      date: ['Thu, 29 Nov 2018 23:42:01 GMT']
      last-modified: ['Thu, 29 Nov 2018 23:41:58 GMT']
    status: {code: 206, message: Partial Content}
- request:
    body: !!python/unicode '{"project": "project-FQ07XQj04777F9qk5BzYx66J"}'
    headers:
      Content-Type: [application/json]
      DNAnexus-API: [1.0.0]
      User-Agent: [dxpy/0.267.1 (Darwin-18.2.0-x86_64-i386-64bit)]
    method: POST
    uri: https://api.dnanexus.com/file-FQ07XQj04775Bqyy5Fpxj40v/describe
  response:
    body: {string: !!python/unicode '{"id":"file-FQ07XQj04775Bqyy5Fpxj40v","project":"project-FQ07XQj04777F9qk5BzYx66J","class":"file","sponsored":false,"name":"temp_file","types":[],"state":"closed","hidden":false,"links":[],"folder":"/","tags":[],"created":1543534915000,"modified":1543534917371,"createdBy":{"user":"user-akumar_counsyl"},"media":"text/plain","archivalState":"live","size":24}'}
    headers:
      connection: [keep-alive]
      content-length: ['358']
      content-type: [application/json; charset=utf-8]
      date: ['Thu, 29 Nov 2018 23:42:01 GMT']
      server: [nginx]
      x-content-type-options: [nosniff]
      x-powered-by: [Express]
      x-request-id: [1543534921731-132056]
    status: {code: 200, message: OK}
- request:
    body: !!python/unicode '{"project": "project-FQ07XQj04777F9qk5BzYx66J"}'
    headers:
      Content-Type: [application/json]
      DNAnexus-API: [1.0.0]
      User-Agent: [dxpy/0.267.1 (Darwin-18.2.0-x86_64-i386-64bit)]
    method: POST
    uri: https://api.dnanexus.com/file-FQ07XQj04775Bqyy5Fpxj40v/describe
  response:
    body: {string: !!python/unicode '{"id":"file-FQ07XQj04775Bqyy5Fpxj40v","project":"project-FQ07XQj04777F9qk5BzYx66J","class":"file","sponsored":false,"name":"temp_file","types":[],"state":"closed","hidden":false,"links":[],"folder":"/","tags":[],"created":1543534915000,"modified":1543534917371,"createdBy":{"user":"user-akumar_counsyl"},"media":"text/plain","archivalState":"live","size":24}'}
    headers:
      connection: [keep-alive]
      content-length: ['358']
      content-type: [application/json; charset=utf-8]
      date: ['Thu, 29 Nov 2018 23:42:02 GMT']
      server: [nginx]
      x-content-type-options: [nosniff]
      x-powered-by: [Express]
      x-request-id: [1543534921948-286908]
    status: {code: 200, message: OK}
- request:
    body: !!python/unicode '{"preauthenticated": false, "project": "project-FQ07XQj04777F9qk5BzYx66J"}'
    headers:
      Content-Type: [application/json]
      DNAnexus-API: [1.0.0]
      User-Agent: [dxpy/0.267.1 (Darwin-18.2.0-x86_64-i386-64bit)]
    method: POST
    uri: https://api.dnanexus.com/file-FQ07XQj04775Bqyy5Fpxj40v/download
  response:
    body: {string: !!python/unicode '{"url":"https://dl.dnanex.us/F/D2PRJ/file-FQ07XQj04775Bqyy5Fpxj40v/project-FQ07XQj04777F9qk5BzYx66J","headers":{"X-Authorization":"9rjq7kfS6d6b6x7S8aLC3OKnxdN8Twbr"}}'}
    headers:
      access-control-allow-credentials: ['true']
      connection: [keep-alive]
      content-length: ['166']
      content-type: [application/json; charset=utf-8]
      date: ['Thu, 29 Nov 2018 23:42:02 GMT']
      server: [nginx]
      set-cookie: [authorization=9rjq7kfS6d6b6x7S8aLC3OKnxdN8Twbr; Domain=dl.dnanex.us;
          Path=/F/D2PRJ/file-FQ07XQj04775Bqyy5Fpxj40v/project-FQ07XQj04777F9qk5BzYx66J;
          Max-Age=86400; HttpOnly; Secure]
      x-content-type-options: [nosniff]
      x-powered-by: [Express]
      x-request-id: [1543534922123-939477]
    status: {code: 200, message: OK}
- request:
    body: !!python/unicode 
    headers:
      DNAnexus-API: [1.0.0]
      Range: [bytes=0-23]
      User-Agent: [dxpy/0.267.1 (Darwin-18.2.0-x86_64-i386-64bit)]
      X-Authorization: [9rjq7kfS6d6b6x7S8aLC3OKnxdN8Twbr]
    method: GET
    uri: https://dl.dnanex.us/F/D2PRJ/file-FQ07XQj04775Bqyy5Fpxj40v/project-FQ07XQj04777F9qk5BzYx66J
  response:
    body: {string: !!python/unicode 'line1

        line2

        line3

        line4

'}
    headers:
      accept-ranges: [bytes]
      access-control-allow-credentials: ['true']
      cache-control: ['private, max-age=31536000']
      connection: [keep-alive]
      content-disposition: [attachment]
      content-length: ['24']
      content-range: [bytes 0-23/24]
      content-type: [text/plain]
      date: ['Thu, 29 Nov 2018 23:42:02 GMT']
      last-modified: ['Thu, 29 Nov 2018 23:41:58 GMT']
    status: {code: 206, message: Partial Content}
- request:
    body: !!python/unicode '{}'
    headers:
      Content-Type: [application/json]
      DNAnexus-API: [1.0.0]
      User-Agent: [dxpy/0.267.1 (Darwin-18.2.0-x86_64-i386-64bit)]
    method: POST
    uri: https://api.dnanexus.com/project-FQ07XQj04777F9qk5BzYx66J/destroy
  response:
    body: {string: !!python/unicode '{"id":"project-FQ07XQj04777F9qk5BzYx66J"}'}
    headers:
      connection: [keep-alive]
      content-length: ['41']
      content-type: [application/json; charset=utf-8]
      date: ['Thu, 29 Nov 2018 23:42:06 GMT']
      server: [nginx]
      x-content-type-options: [nosniff]
      x-powered-by: [Express]
      x-request-id: [1543534922454-924673]
    status: {code: 200, message: OK}
version: 1
