interactions:
- request:
    body: !!python/unicode '{"name": "TestRemove.test_rmtree_project.bef4f156"}'
    headers:
      Content-Type: [application/json]
      DNAnexus-API: [1.0.0]
      User-Agent: [dxpy/0.266.1 (Darwin-18.0.0-x86_64-i386-64bit)]
    method: POST
    uri: https://api.dnanexus.com/project/new
  response:
    body: {string: !!python/unicode '{"id":"project-FPG5VZQ0VxBPpjJk9yYvgyj8"}'}
    headers:
      connection: [keep-alive]
      content-length: ['41']
      content-type: [application/json; charset=utf-8]
      date: ['Tue, 30 Oct 2018 13:12:50 GMT']
      server: [nginx]
      x-content-type-options: [nosniff]
      x-powered-by: [Express]
      x-request-id: [1540905170585-585257]
      x-upgrade-info: ['A recommended update (v0.267.0) is available for your client/SDK.
          You can download it from https://wiki.dnanexus.com/Downloads#Install']
    status: {code: 200, message: OK}
- request:
    body: !!python/unicode '{}'
    headers:
      Content-Type: [application/json]
      DNAnexus-API: [1.0.0]
      User-Agent: [dxpy/0.266.1 (Darwin-18.0.0-x86_64-i386-64bit)]
    method: POST
    uri: https://api.dnanexus.com/project-FPG5VZQ0VxBPpjJk9yYvgyj8/describe
  response:
    body: {string: !!python/unicode '{"id":"project-FPG5VZQ0VxBPpjJk9yYvgyj8","name":"TestRemove.test_rmtree_project.bef4f156","class":"project","created":1540905170000,"modified":1540905170000,"billTo":"org-counsyl","level":"ADMINISTER","dataUsage":0,"sponsoredDataUsage":0,"region":"aws:us-east-1","summary":"","description":"","protected":false,"restricted":false,"downloadRestricted":false,"containsPHI":false,"createdBy":{"user":"user-akumar_counsyl"},"version":0,"storageCost":0,"pendingTransfer":null,"tags":[],"defaultInstanceType":"mem2_hdd2_x2","archivalState":"live","archivalProgress":null,"totalSponsoredEgressBytes":0,"consumedSponsoredEgressBytes":0,"atSpendingLimit":false}'}
    headers:
      connection: [keep-alive]
      content-length: ['652']
      content-type: [application/json; charset=utf-8]
      date: ['Tue, 30 Oct 2018 13:12:50 GMT']
      server: [nginx]
      x-content-type-options: [nosniff]
      x-powered-by: [Express]
      x-request-id: [1540905170800-531512]
      x-upgrade-info: ['A recommended update (v0.267.0) is available for your client/SDK.
          You can download it from https://wiki.dnanexus.com/Downloads#Install']
    status: {code: 200, message: OK}
- request:
    body: !!python/unicode '{"folder": "/temp_folder", "parents": false}'
    headers:
      Content-Type: [application/json]
      DNAnexus-API: [1.0.0]
      User-Agent: [dxpy/0.266.1 (Darwin-18.0.0-x86_64-i386-64bit)]
    method: POST
    uri: https://api.dnanexus.com/project-FPG5VZQ0VxBPpjJk9yYvgyj8/newFolder
  response:
    body: {string: !!python/unicode '{"id":"project-FPG5VZQ0VxBPpjJk9yYvgyj8"}'}
    headers:
      connection: [keep-alive]
      content-length: ['41']
      content-type: [application/json; charset=utf-8]
      date: ['Tue, 30 Oct 2018 13:12:51 GMT']
      server: [nginx]
      x-content-type-options: [nosniff]
      x-powered-by: [Express]
      x-request-id: [1540905171120-523235]
      x-upgrade-info: ['A recommended update (v0.267.0) is available for your client/SDK.
          You can download it from https://wiki.dnanexus.com/Downloads#Install']
    status: {code: 200, message: OK}
- request:
    body: !!python/unicode '{"folder": "/", "parents": true}'
    headers:
      Content-Type: [application/json]
      DNAnexus-API: [1.0.0]
      User-Agent: [dxpy/0.266.1 (Darwin-18.0.0-x86_64-i386-64bit)]
    method: POST
    uri: https://api.dnanexus.com/project-FPG5VZQ0VxBPpjJk9yYvgyj8/newFolder
  response:
    body: {string: !!python/unicode '{"id":"project-FPG5VZQ0VxBPpjJk9yYvgyj8"}'}
    headers:
      connection: [keep-alive]
      content-length: ['41']
      content-type: [application/json; charset=utf-8]
      date: ['Tue, 30 Oct 2018 13:12:51 GMT']
      server: [nginx]
      x-content-type-options: [nosniff]
      x-powered-by: [Express]
      x-request-id: [1540905171519-674936]
      x-upgrade-info: ['A recommended update (v0.267.0) is available for your client/SDK.
          You can download it from https://wiki.dnanexus.com/Downloads#Install']
    status: {code: 200, message: OK}
- request:
    body: !!python/unicode '{"project": "project-FPG5VZQ0VxBPpjJk9yYvgyj8", "nonce":
      "faf456dc473a94a5ce74957675e64d95725d41865203e1ba1a9dde1a0d96b2b81540905171.603727",
      "folder": "/", "name": "temp_file.txt"}'
    headers:
      Content-Type: [application/json]
      DNAnexus-API: [1.0.0]
      User-Agent: [dxpy/0.266.1 (Darwin-18.0.0-x86_64-i386-64bit)]
    method: POST
    uri: https://api.dnanexus.com/file/new
  response:
    body: {string: !!python/unicode '{"id":"file-FPG5VZj0VxBFq57K4Pxxg7Zz"}'}
    headers:
      connection: [keep-alive]
      content-length: ['38']
      content-type: [application/json; charset=utf-8]
      date: ['Tue, 30 Oct 2018 13:12:51 GMT']
      server: [nginx]
      x-content-type-options: [nosniff]
      x-powered-by: [Express]
      x-request-id: [1540905171653-310231]
      x-upgrade-info: ['A recommended update (v0.267.0) is available for your client/SDK.
          You can download it from https://wiki.dnanexus.com/Downloads#Install']
    status: {code: 200, message: OK}
- request:
    body: !!python/unicode '{"fields": {"fileUploadParameters": true}}'
    headers:
      Content-Type: [application/json]
      DNAnexus-API: [1.0.0]
      User-Agent: [dxpy/0.266.1 (Darwin-18.0.0-x86_64-i386-64bit)]
    method: POST
    uri: https://api.dnanexus.com/project-FPG5VZQ0VxBPpjJk9yYvgyj8/describe
  response:
    body: {string: !!python/unicode '{"id":"project-FPG5VZQ0VxBPpjJk9yYvgyj8","fileUploadParameters":{"maximumPartSize":5368709120,"minimumPartSize":5242880,"maximumFileSize":5497558138880,"maximumNumParts":10000,"emptyLastPartAllowed":true}}'}
    headers:
      connection: [keep-alive]
      content-length: ['205']
      content-type: [application/json; charset=utf-8]
      date: ['Tue, 30 Oct 2018 13:12:52 GMT']
      server: [nginx]
      x-content-type-options: [nosniff]
      x-powered-by: [Express]
      x-request-id: [1540905172133-843735]
      x-upgrade-info: ['A recommended update (v0.267.0) is available for your client/SDK.
          You can download it from https://wiki.dnanexus.com/Downloads#Install']
    status: {code: 200, message: OK}
- request:
    body: !!python/unicode '{"index": 1, "size": 5, "md5": "73dfff57fe24e807bd4fb1bc4e07cd73"}'
    headers:
      Content-Type: [application/json]
      DNAnexus-API: [1.0.0]
      User-Agent: [dxpy/0.266.1 (Darwin-18.0.0-x86_64-i386-64bit)]
    method: POST
    uri: https://api.dnanexus.com/file-FPG5VZj0VxBFq57K4Pxxg7Zz/upload
  response:
    body: {string: !!python/unicode '{"url":"https://dnanexus-platform-upload-prod.s3.amazonaws.com/filev2/bd6a/file/open/file-FPG5VZj0VxBFq57K4Pxxg7Zz/1?X-Amz-Algorithm=AWS4-HMAC-SHA256&X-Amz-Credential=AKIAJDCC37XBLBSWJBVQ%2F20181030%2Fus-east-1%2Fs3%2Faws4_request&X-Amz-Date=20181030T131252Z&X-Amz-Expires=120&X-Amz-SignedHeaders=content-length%3Bcontent-md5%3Bcontent-type%3Bhost%3Bx-amz-server-side-encryption&X-Amz-Signature=205efc96ed96d3d897ea67e54e656d156f450d2d610b6a7e3fa1718145f59557","headers":{"host":"dnanexus-platform-upload-prod.s3.amazonaws.com","content-type":"binary/octet-stream","x-amz-server-side-encryption":"AES256","content-md5":"c9//V/4k6Ae9T7G8TgfNcw==","content-length":"5"},"expires":1540905292335}'}
    headers:
      connection: [keep-alive]
      content-length: ['692']
      content-type: [application/json; charset=utf-8]
      date: ['Tue, 30 Oct 2018 13:12:52 GMT']
      server: [nginx]
      x-content-type-options: [nosniff]
      x-powered-by: [Express]
      x-request-id: [1540905172268-943294]
      x-upgrade-info: ['A recommended update (v0.267.0) is available for your client/SDK.
          You can download it from https://wiki.dnanexus.com/Downloads#Install']
    status: {code: 200, message: OK}
- request:
    body: !!python/unicode data0
    headers:
      DNAnexus-API: [1.0.0]
      User-Agent: [dxpy/0.266.1 (Darwin-18.0.0-x86_64-i386-64bit)]
      content-length: ['5']
      content-md5: [c9//V/4k6Ae9T7G8TgfNcw==]
      content-type: [binary/octet-stream]
      host: [dnanexus-platform-upload-prod.s3.amazonaws.com]
      x-amz-server-side-encryption: [AES256]
    method: PUT
    uri: https://dnanexus-platform-upload-prod.s3.amazonaws.com/filev2/bd6a/file/open/file-FPG5VZj0VxBFq57K4Pxxg7Zz/1?X-Amz-Algorithm=AWS4-HMAC-SHA256&X-Amz-Credential=AKIAJDCC37XBLBSWJBVQ%2F20181030%2Fus-east-1%2Fs3%2Faws4_request&X-Amz-Date=20181030T131252Z&X-Amz-Expires=120&X-Amz-SignedHeaders=content-length%3Bcontent-md5%3Bcontent-type%3Bhost%3Bx-amz-server-side-encryption&X-Amz-Signature=205efc96ed96d3d897ea67e54e656d156f450d2d610b6a7e3fa1718145f59557
  response:
    body: {string: !!python/unicode ''}
    headers:
      content-length: ['0']
      date: ['Tue, 30 Oct 2018 13:12:53 GMT']
      etag: ['"73dfff57fe24e807bd4fb1bc4e07cd73"']
      server: [AmazonS3]
      x-amz-expiration: ['expiry-date="Wed, 21 Nov 2018 00:00:00 GMT", rule-id="3weekpurge"']
      x-amz-id-2: [Pa+CCFYmQBbU/7WoM1JnACOIKUy+ZNum9YYzIHTWkERNNo55DlSICMcMQGXIIELSl9GMO/qBTzs=]
      x-amz-request-id: [DAB2823FE23C2559]
      x-amz-server-side-encryption: [AES256]
    status: {code: 200, message: OK}
- request:
    body: !!python/unicode '{"project": "project-FPG5VZQ0VxBPpjJk9yYvgyj8", "fields":
      {"state": true}}'
    headers:
      Content-Type: [application/json]
      DNAnexus-API: [1.0.0]
      User-Agent: [dxpy/0.266.1 (Darwin-18.0.0-x86_64-i386-64bit)]
    method: POST
    uri: https://api.dnanexus.com/file-FPG5VZj0VxBFq57K4Pxxg7Zz/describe
  response:
    body: {string: !!python/unicode '{"id":"file-FPG5VZj0VxBFq57K4Pxxg7Zz","state":"open"}'}
    headers:
      connection: [keep-alive]
      content-length: ['53']
      content-type: [application/json; charset=utf-8]
      date: ['Tue, 30 Oct 2018 13:12:53 GMT']
      server: [nginx]
      x-content-type-options: [nosniff]
      x-powered-by: [Express]
      x-request-id: [1540905172821-250449]
      x-upgrade-info: ['A recommended update (v0.267.0) is available for your client/SDK.
          You can download it from https://wiki.dnanexus.com/Downloads#Install']
    status: {code: 200, message: OK}
- request:
    body: !!python/unicode '{}'
    headers:
      Content-Type: [application/json]
      DNAnexus-API: [1.0.0]
      User-Agent: [dxpy/0.266.1 (Darwin-18.0.0-x86_64-i386-64bit)]
    method: POST
    uri: https://api.dnanexus.com/file-FPG5VZj0VxBFq57K4Pxxg7Zz/close
  response:
    body: {string: !!python/unicode '{"id":"file-FPG5VZj0VxBFq57K4Pxxg7Zz"}'}
    headers:
      connection: [keep-alive]
      content-length: ['38']
      content-type: [application/json; charset=utf-8]
      date: ['Tue, 30 Oct 2018 13:12:53 GMT']
      server: [nginx]
      x-content-type-options: [nosniff]
      x-powered-by: [Express]
      x-request-id: [1540905173584-404675]
      x-upgrade-info: ['A recommended update (v0.267.0) is available for your client/SDK.
          You can download it from https://wiki.dnanexus.com/Downloads#Install']
    status: {code: 200, message: OK}
- request:
    body: !!python/unicode '{"folder": "/folder2", "parents": true}'
    headers:
      Content-Type: [application/json]
      DNAnexus-API: [1.0.0]
      User-Agent: [dxpy/0.266.1 (Darwin-18.0.0-x86_64-i386-64bit)]
    method: POST
    uri: https://api.dnanexus.com/project-FPG5VZQ0VxBPpjJk9yYvgyj8/newFolder
  response:
    body: {string: !!python/unicode '{"id":"project-FPG5VZQ0VxBPpjJk9yYvgyj8"}'}
    headers:
      connection: [keep-alive]
      content-length: ['41']
      content-type: [application/json; charset=utf-8]
      date: ['Tue, 30 Oct 2018 13:12:53 GMT']
      server: [nginx]
      x-content-type-options: [nosniff]
      x-powered-by: [Express]
      x-request-id: [1540905173803-772809]
      x-upgrade-info: ['A recommended update (v0.267.0) is available for your client/SDK.
          You can download it from https://wiki.dnanexus.com/Downloads#Install']
    status: {code: 200, message: OK}
- request:
    body: !!python/unicode '{"project": "project-FPG5VZQ0VxBPpjJk9yYvgyj8", "nonce":
      "dc811c506ec50fe170a0fb38b7842b663661a9f50ad63832c48ebcf8914d89ba1540905174.049864",
      "folder": "/folder2", "name": "file"}'
    headers:
      Content-Type: [application/json]
      DNAnexus-API: [1.0.0]
      User-Agent: [dxpy/0.266.1 (Darwin-18.0.0-x86_64-i386-64bit)]
    method: POST
    uri: https://api.dnanexus.com/file/new
  response:
    body: {string: !!python/unicode '{"id":"file-FPG5VbQ0VxB5p2jb3b7zZQY3"}'}
    headers:
      connection: [keep-alive]
      content-length: ['38']
      content-type: [application/json; charset=utf-8]
      date: ['Tue, 30 Oct 2018 13:12:54 GMT']
      server: [nginx]
      x-content-type-options: [nosniff]
      x-powered-by: [Express]
      x-request-id: [1540905174107-888162]
      x-upgrade-info: ['A recommended update (v0.267.0) is available for your client/SDK.
          You can download it from https://wiki.dnanexus.com/Downloads#Install']
    status: {code: 200, message: OK}
- request:
    body: !!python/unicode '{"fields": {"fileUploadParameters": true}}'
    headers:
      Content-Type: [application/json]
      DNAnexus-API: [1.0.0]
      User-Agent: [dxpy/0.266.1 (Darwin-18.0.0-x86_64-i386-64bit)]
    method: POST
    uri: https://api.dnanexus.com/project-FPG5VZQ0VxBPpjJk9yYvgyj8/describe
  response:
    body: {string: !!python/unicode '{"id":"project-FPG5VZQ0VxBPpjJk9yYvgyj8","fileUploadParameters":{"maximumPartSize":5368709120,"minimumPartSize":5242880,"maximumFileSize":5497558138880,"maximumNumParts":10000,"emptyLastPartAllowed":true}}'}
    headers:
      connection: [keep-alive]
      content-length: ['205']
      content-type: [application/json; charset=utf-8]
      date: ['Tue, 30 Oct 2018 13:12:54 GMT']
      server: [nginx]
      x-content-type-options: [nosniff]
      x-powered-by: [Express]
      x-request-id: [1540905174603-109934]
      x-upgrade-info: ['A recommended update (v0.267.0) is available for your client/SDK.
          You can download it from https://wiki.dnanexus.com/Downloads#Install']
    status: {code: 200, message: OK}
- request:
    body: !!python/unicode '{"index": 1, "size": 5, "md5": "89d903bc35dede724fd52c51437ff5fd"}'
    headers:
      Content-Type: [application/json]
      DNAnexus-API: [1.0.0]
      User-Agent: [dxpy/0.266.1 (Darwin-18.0.0-x86_64-i386-64bit)]
    method: POST
    uri: https://api.dnanexus.com/file-FPG5VbQ0VxB5p2jb3b7zZQY3/upload
  response:
    body: {string: !!python/unicode '{"url":"https://dnanexus-platform-upload-prod.s3.amazonaws.com/filev2/cf04/file/open/file-FPG5VbQ0VxB5p2jb3b7zZQY3/1?X-Amz-Algorithm=AWS4-HMAC-SHA256&X-Amz-Credential=AKIAJDCC37XBLBSWJBVQ%2F20181030%2Fus-east-1%2Fs3%2Faws4_request&X-Amz-Date=20181030T131254Z&X-Amz-Expires=120&X-Amz-SignedHeaders=content-length%3Bcontent-md5%3Bcontent-type%3Bhost%3Bx-amz-server-side-encryption&X-Amz-Signature=8198cd27d1404bfeecf9913af32db1e3bc1954d088f0bec5f6aacc6ab33dbe39","headers":{"host":"dnanexus-platform-upload-prod.s3.amazonaws.com","content-type":"binary/octet-stream","x-amz-server-side-encryption":"AES256","content-md5":"idkDvDXe3nJP1SxRQ3/1/Q==","content-length":"5"},"expires":1540905294932}'}
    headers:
      connection: [keep-alive]
      content-length: ['692']
      content-type: [application/json; charset=utf-8]
      date: ['Tue, 30 Oct 2018 13:12:54 GMT']
      server: [nginx]
      x-content-type-options: [nosniff]
      x-powered-by: [Express]
      x-request-id: [1540905174873-348033]
      x-upgrade-info: ['A recommended update (v0.267.0) is available for your client/SDK.
          You can download it from https://wiki.dnanexus.com/Downloads#Install']
    status: {code: 200, message: OK}
- request:
    body: !!python/unicode data1
    headers:
      DNAnexus-API: [1.0.0]
      User-Agent: [dxpy/0.266.1 (Darwin-18.0.0-x86_64-i386-64bit)]
      content-length: ['5']
      content-md5: [idkDvDXe3nJP1SxRQ3/1/Q==]
      content-type: [binary/octet-stream]
      host: [dnanexus-platform-upload-prod.s3.amazonaws.com]
      x-amz-server-side-encryption: [AES256]
    method: PUT
    uri: https://dnanexus-platform-upload-prod.s3.amazonaws.com/filev2/cf04/file/open/file-FPG5VbQ0VxB5p2jb3b7zZQY3/1?X-Amz-Algorithm=AWS4-HMAC-SHA256&X-Amz-Credential=AKIAJDCC37XBLBSWJBVQ%2F20181030%2Fus-east-1%2Fs3%2Faws4_request&X-Amz-Date=20181030T131254Z&X-Amz-Expires=120&X-Amz-SignedHeaders=content-length%3Bcontent-md5%3Bcontent-type%3Bhost%3Bx-amz-server-side-encryption&X-Amz-Signature=8198cd27d1404bfeecf9913af32db1e3bc1954d088f0bec5f6aacc6ab33dbe39
  response:
    body: {string: !!python/unicode ''}
    headers:
      content-length: ['0']
      date: ['Tue, 30 Oct 2018 13:12:56 GMT']
      etag: ['"89d903bc35dede724fd52c51437ff5fd"']
      server: [AmazonS3]
      x-amz-expiration: ['expiry-date="Wed, 21 Nov 2018 00:00:00 GMT", rule-id="3weekpurge"']
      x-amz-id-2: [N7wn1lMkiNedwydVaYXpSzoRUOVu68lhc/QFN1AV1D/dVTyZnslezmnjEpPmchXNKkvEDmnHj7Q=]
      x-amz-request-id: [47FC1AE74BA9C071]
      x-amz-server-side-encryption: [AES256]
    status: {code: 200, message: OK}
- request:
    body: !!python/unicode '{"project": "project-FPG5VZQ0VxBPpjJk9yYvgyj8", "fields":
      {"state": true}}'
    headers:
      Content-Type: [application/json]
      DNAnexus-API: [1.0.0]
      User-Agent: [dxpy/0.266.1 (Darwin-18.0.0-x86_64-i386-64bit)]
    method: POST
    uri: https://api.dnanexus.com/file-FPG5VbQ0VxB5p2jb3b7zZQY3/describe
  response:
    body: {string: !!python/unicode '{"id":"file-FPG5VbQ0VxB5p2jb3b7zZQY3","state":"open"}'}
    headers:
      connection: [keep-alive]
      content-length: ['53']
      content-type: [application/json; charset=utf-8]
      date: ['Tue, 30 Oct 2018 13:12:55 GMT']
      server: [nginx]
      x-content-type-options: [nosniff]
      x-powered-by: [Express]
      x-request-id: [1540905175237-332070]
      x-upgrade-info: ['A recommended update (v0.267.0) is available for your client/SDK.
          You can download it from https://wiki.dnanexus.com/Downloads#Install']
    status: {code: 200, message: OK}
- request:
    body: !!python/unicode '{}'
    headers:
      Content-Type: [application/json]
      DNAnexus-API: [1.0.0]
      User-Agent: [dxpy/0.266.1 (Darwin-18.0.0-x86_64-i386-64bit)]
    method: POST
    uri: https://api.dnanexus.com/file-FPG5VbQ0VxB5p2jb3b7zZQY3/close
  response:
    body: {string: !!python/unicode '{"id":"file-FPG5VbQ0VxB5p2jb3b7zZQY3"}'}
    headers:
      connection: [keep-alive]
      content-length: ['38']
      content-type: [application/json; charset=utf-8]
      date: ['Tue, 30 Oct 2018 13:12:55 GMT']
      server: [nginx]
      x-content-type-options: [nosniff]
      x-powered-by: [Express]
      x-request-id: [1540905175507-76488]
      x-upgrade-info: ['A recommended update (v0.267.0) is available for your client/SDK.
          You can download it from https://wiki.dnanexus.com/Downloads#Install']
    status: {code: 200, message: OK}
- request:
    body: !!python/unicode '{"limit": 2, "name": "TestRemove.test_rmtree_project.bef4f156",
      "level": "VIEW"}'
    headers:
      Content-Type: [application/json]
      DNAnexus-API: [1.0.0]
      User-Agent: [dxpy/0.266.1 (Darwin-18.0.0-x86_64-i386-64bit)]
    method: POST
    uri: https://api.dnanexus.com/system/findProjects
  response:
    body: {string: !!python/unicode '{"results":[{"id":"project-FPG5VZQ0VxBPpjJk9yYvgyj8","level":"ADMINISTER","permissionSources":["user-akumar_counsyl"],"public":false}],"next":null}'}
    headers:
      connection: [keep-alive]
      content-length: ['147']
      content-type: [application/json; charset=utf-8]
      date: ['Tue, 30 Oct 2018 13:12:55 GMT']
      server: [nginx]
      x-content-type-options: [nosniff]
      x-powered-by: [Express]
      x-request-id: [1540905175785-147966]
      x-upgrade-info: ['A recommended update (v0.267.0) is available for your client/SDK.
          You can download it from https://wiki.dnanexus.com/Downloads#Install']
    status: {code: 200, message: OK}
- request:
    body: !!python/unicode '{"folder": "/", "describe": {"fields": {"folder": true,
      "name": true}}, "only": "folders", "includeHidden": false}'
    headers:
      Content-Type: [application/json]
      DNAnexus-API: [1.0.0]
      User-Agent: [dxpy/0.266.1 (Darwin-18.0.0-x86_64-i386-64bit)]
    method: POST
    uri: https://api.dnanexus.com/project-FPG5VZQ0VxBPpjJk9yYvgyj8/listFolder
  response:
    body: {string: !!python/unicode '{"folders":["/folder2","/temp_folder"]}'}
    headers:
      connection: [keep-alive]
      content-length: ['39']
      content-type: [application/json; charset=utf-8]
      date: ['Tue, 30 Oct 2018 13:12:56 GMT']
      server: [nginx]
      x-content-type-options: [nosniff]
      x-powered-by: [Express]
      x-request-id: [1540905176040-86073]
      x-upgrade-info: ['A recommended update (v0.267.0) is available for your client/SDK.
          You can download it from https://wiki.dnanexus.com/Downloads#Install']
    status: {code: 200, message: OK}
- request:
    body: !!python/unicode '{"folder": "/", "describe": {"fields": {"folder": true,
      "name": true}}, "only": "objects", "includeHidden": false}'
    headers:
      Content-Type: [application/json]
      DNAnexus-API: [1.0.0]
      User-Agent: [dxpy/0.266.1 (Darwin-18.0.0-x86_64-i386-64bit)]
    method: POST
    uri: https://api.dnanexus.com/project-FPG5VZQ0VxBPpjJk9yYvgyj8/listFolder
  response:
    body: {string: !!python/unicode '{"objects":[{"id":"file-FPG5VZj0VxBFq57K4Pxxg7Zz","describe":{"id":"file-FPG5VZj0VxBFq57K4Pxxg7Zz","name":"temp_file.txt","folder":"/"}}]}'}
    headers:
      connection: [keep-alive]
      content-length: ['138']
      content-type: [application/json; charset=utf-8]
      date: ['Tue, 30 Oct 2018 13:12:56 GMT']
      server: [nginx]
      x-content-type-options: [nosniff]
      x-powered-by: [Express]
      x-request-id: [1540905176226-799334]
      x-upgrade-info: ['A recommended update (v0.267.0) is available for your client/SDK.
          You can download it from https://wiki.dnanexus.com/Downloads#Install']
    status: {code: 200, message: OK}
- request:
    body: !!python/unicode '{"limit": 2, "name": "TestRemove.test_rmtree_project.bef4f156",
      "level": "VIEW"}'
    headers:
      Content-Type: [application/json]
      DNAnexus-API: [1.0.0]
      User-Agent: [dxpy/0.266.1 (Darwin-18.0.0-x86_64-i386-64bit)]
    method: POST
    uri: https://api.dnanexus.com/system/findProjects
  response:
    body: {string: !!python/unicode '{"results":[{"id":"project-FPG5VZQ0VxBPpjJk9yYvgyj8","level":"ADMINISTER","permissionSources":["user-akumar_counsyl"],"public":false}],"next":null}'}
    headers:
      connection: [keep-alive]
      content-length: ['147']
      content-type: [application/json; charset=utf-8]
      date: ['Tue, 30 Oct 2018 13:12:56 GMT']
      server: [nginx]
      x-content-type-options: [nosniff]
      x-powered-by: [Express]
      x-request-id: [1540905176453-152607]
      x-upgrade-info: ['A recommended update (v0.267.0) is available for your client/SDK.
          You can download it from https://wiki.dnanexus.com/Downloads#Install']
    status: {code: 200, message: OK}
- request:
    body: !!python/unicode '{"force": false, "folder": "/folder2", "recurse": true,
      "partial": true}'
    headers:
      Content-Type: [application/json]
      DNAnexus-API: [1.0.0]
      User-Agent: [dxpy/0.266.1 (Darwin-18.0.0-x86_64-i386-64bit)]
    method: POST
    uri: https://api.dnanexus.com/project-FPG5VZQ0VxBPpjJk9yYvgyj8/removeFolder
  response:
    body: {string: !!python/unicode '{"id":"project-FPG5VZQ0VxBPpjJk9yYvgyj8","completed":true}'}
    headers:
      connection: [keep-alive]
      content-length: ['58']
      content-type: [application/json; charset=utf-8]
      date: ['Tue, 30 Oct 2018 13:12:57 GMT']
      server: [nginx]
      x-content-type-options: [nosniff]
      x-powered-by: [Express]
      x-request-id: [1540905176739-766187]
      x-upgrade-info: ['A recommended update (v0.267.0) is available for your client/SDK.
          You can download it from https://wiki.dnanexus.com/Downloads#Install']
    status: {code: 200, message: OK}
- request:
    body: !!python/unicode '{"limit": 2, "name": "TestRemove.test_rmtree_project.bef4f156",
      "level": "VIEW"}'
    headers:
      Content-Type: [application/json]
      DNAnexus-API: [1.0.0]
      User-Agent: [dxpy/0.266.1 (Darwin-18.0.0-x86_64-i386-64bit)]
    method: POST
    uri: https://api.dnanexus.com/system/findProjects
  response:
    body: {string: !!python/unicode '{"results":[{"id":"project-FPG5VZQ0VxBPpjJk9yYvgyj8","level":"ADMINISTER","permissionSources":["user-akumar_counsyl"],"public":false}],"next":null}'}
    headers:
      connection: [keep-alive]
      content-length: ['147']
      content-type: [application/json; charset=utf-8]
      date: ['Tue, 30 Oct 2018 13:12:58 GMT']
      server: [nginx]
      x-content-type-options: [nosniff]
      x-powered-by: [Express]
      x-request-id: [1540905177612-433231]
      x-upgrade-info: ['A recommended update (v0.267.0) is available for your client/SDK.
          You can download it from https://wiki.dnanexus.com/Downloads#Install']
    status: {code: 200, message: OK}
- request:
    body: !!python/unicode '{"force": false, "folder": "/temp_folder", "recurse":
      true, "partial": true}'
    headers:
      Content-Type: [application/json]
      DNAnexus-API: [1.0.0]
      User-Agent: [dxpy/0.266.1 (Darwin-18.0.0-x86_64-i386-64bit)]
    method: POST
    uri: https://api.dnanexus.com/project-FPG5VZQ0VxBPpjJk9yYvgyj8/removeFolder
  response:
    body: {string: !!python/unicode '{"id":"project-FPG5VZQ0VxBPpjJk9yYvgyj8","completed":true}'}
    headers:
      connection: [keep-alive]
      content-length: ['58']
      content-type: [application/json; charset=utf-8]
      date: ['Tue, 30 Oct 2018 13:12:58 GMT']
      server: [nginx]
      x-content-type-options: [nosniff]
      x-powered-by: [Express]
      x-request-id: [1540905178296-229968]
      x-upgrade-info: ['A recommended update (v0.267.0) is available for your client/SDK.
          You can download it from https://wiki.dnanexus.com/Downloads#Install']
    status: {code: 200, message: OK}
- request:
    body: !!python/unicode '{"limit": 2, "name": "TestRemove.test_rmtree_project.bef4f156",
      "level": "VIEW"}'
    headers:
      Content-Type: [application/json]
      DNAnexus-API: [1.0.0]
      User-Agent: [dxpy/0.266.1 (Darwin-18.0.0-x86_64-i386-64bit)]
    method: POST
    uri: https://api.dnanexus.com/system/findProjects
  response:
    body: {string: !!python/unicode '{"results":[{"id":"project-FPG5VZQ0VxBPpjJk9yYvgyj8","level":"ADMINISTER","permissionSources":["user-akumar_counsyl"],"public":false}],"next":null}'}
    headers:
      connection: [keep-alive]
      content-length: ['147']
      content-type: [application/json; charset=utf-8]
      date: ['Tue, 30 Oct 2018 13:12:59 GMT']
      server: [nginx]
      x-content-type-options: [nosniff]
      x-powered-by: [Express]
      x-request-id: [1540905178889-157275]
      x-upgrade-info: ['A recommended update (v0.267.0) is available for your client/SDK.
          You can download it from https://wiki.dnanexus.com/Downloads#Install']
    status: {code: 200, message: OK}
- request:
    body: !!python/unicode '{"objects": [{"project": "project-FPG5VZQ0VxBPpjJk9yYvgyj8",
      "folder": "/", "name": "temp_file.txt", "batchsize": 2}]}'
    headers:
      Content-Type: [application/json]
      DNAnexus-API: [1.0.0]
      User-Agent: [dxpy/0.266.1 (Darwin-18.0.0-x86_64-i386-64bit)]
    method: POST
    uri: https://api.dnanexus.com/system/resolveDataObjects
  response:
    body: {string: !!python/unicode '{"results":[[{"project":"project-FPG5VZQ0VxBPpjJk9yYvgyj8","id":"file-FPG5VZj0VxBFq57K4Pxxg7Zz"}]]}'}
    headers:
      connection: [keep-alive]
      content-length: ['99']
      content-type: [application/json; charset=utf-8]
      date: ['Tue, 30 Oct 2018 13:12:59 GMT']
      server: [nginx]
      x-content-type-options: [nosniff]
      x-powered-by: [Express]
      x-request-id: [1540905179235-182858]
      x-upgrade-info: ['A recommended update (v0.267.0) is available for your client/SDK.
          You can download it from https://wiki.dnanexus.com/Downloads#Install']
    status: {code: 200, message: OK}
- request:
    body: !!python/unicode '{"objects": ["file-FPG5VZj0VxBFq57K4Pxxg7Zz"]}'
    headers:
      Content-Type: [application/json]
      DNAnexus-API: [1.0.0]
      User-Agent: [dxpy/0.266.1 (Darwin-18.0.0-x86_64-i386-64bit)]
    method: POST
    uri: https://api.dnanexus.com/project-FPG5VZQ0VxBPpjJk9yYvgyj8/removeObjects
  response:
    body: {string: !!python/unicode '{"id":"project-FPG5VZQ0VxBPpjJk9yYvgyj8"}'}
    headers:
      connection: [keep-alive]
      content-length: ['41']
      content-type: [application/json; charset=utf-8]
      date: ['Tue, 30 Oct 2018 13:13:00 GMT']
      server: [nginx]
      x-content-type-options: [nosniff]
      x-powered-by: [Express]
      x-request-id: [1540905179535-847903]
      x-upgrade-info: ['A recommended update (v0.267.0) is available for your client/SDK.
          You can download it from https://wiki.dnanexus.com/Downloads#Install']
    status: {code: 200, message: OK}
- request:
    body: !!python/unicode '{"folder": "/", "describe": {"fields": {"folder": true,
      "name": true}}, "only": "all", "includeHidden": false}'
    headers:
      Content-Type: [application/json]
      DNAnexus-API: [1.0.0]
      User-Agent: [dxpy/0.266.1 (Darwin-18.0.0-x86_64-i386-64bit)]
    method: POST
    uri: https://api.dnanexus.com/project-FPG5VZQ0VxBPpjJk9yYvgyj8/listFolder
  response:
    body: {string: !!python/unicode '{"folders":[],"objects":[]}'}
    headers:
      connection: [keep-alive]
      content-length: ['27']
      content-type: [application/json; charset=utf-8]
      date: ['Tue, 30 Oct 2018 13:13:00 GMT']
      server: [nginx]
      x-content-type-options: [nosniff]
      x-powered-by: [Express]
      x-request-id: [1540905180218-117498]
      x-upgrade-info: ['A recommended update (v0.267.0) is available for your client/SDK.
          You can download it from https://wiki.dnanexus.com/Downloads#Install']
    status: {code: 200, message: OK}
- request:
    body: !!python/unicode '{}'
    headers:
      Content-Type: [application/json]
      DNAnexus-API: [1.0.0]
      User-Agent: [dxpy/0.266.1 (Darwin-18.0.0-x86_64-i386-64bit)]
    method: POST
    uri: https://api.dnanexus.com/project-FPG5VZQ0VxBPpjJk9yYvgyj8/describe
  response:
    body: {string: !!python/unicode '{"id":"project-FPG5VZQ0VxBPpjJk9yYvgyj8","name":"TestRemove.test_rmtree_project.bef4f156","class":"project","created":1540905170000,"modified":1540905179892,"billTo":"org-counsyl","level":"ADMINISTER","dataUsage":0,"sponsoredDataUsage":0,"region":"aws:us-east-1","summary":"","description":"","protected":false,"restricted":false,"downloadRestricted":false,"containsPHI":false,"createdBy":{"user":"user-akumar_counsyl"},"version":0,"storageCost":0,"pendingTransfer":null,"tags":[],"defaultInstanceType":"mem2_hdd2_x2","archivalState":"live","archivalProgress":null,"totalSponsoredEgressBytes":0,"consumedSponsoredEgressBytes":0,"atSpendingLimit":false}'}
    headers:
      connection: [keep-alive]
      content-length: ['652']
      content-type: [application/json; charset=utf-8]
      date: ['Tue, 30 Oct 2018 13:13:01 GMT']
      server: [nginx]
      x-content-type-options: [nosniff]
      x-powered-by: [Express]
      x-request-id: [1540905180753-717233]
      x-upgrade-info: ['A recommended update (v0.267.0) is available for your client/SDK.
          You can download it from https://wiki.dnanexus.com/Downloads#Install']
    status: {code: 200, message: OK}
- request:
    body: !!python/unicode '{}'
    headers:
      Content-Type: [application/json]
      DNAnexus-API: [1.0.0]
      User-Agent: [dxpy/0.266.1 (Darwin-18.0.0-x86_64-i386-64bit)]
    method: POST
    uri: https://api.dnanexus.com/project-FPG5VZQ0VxBPpjJk9yYvgyj8/destroy
  response:
    body: {string: !!python/unicode '{"id":"project-FPG5VZQ0VxBPpjJk9yYvgyj8"}'}
    headers:
      connection: [keep-alive]
      content-length: ['41']
      content-type: [application/json; charset=utf-8]
      date: ['Tue, 30 Oct 2018 13:13:04 GMT']
      server: [nginx]
      x-content-type-options: [nosniff]
      x-powered-by: [Express]
      x-request-id: [1540905181093-350568]
      x-upgrade-info: ['A recommended update (v0.267.0) is available for your client/SDK.
          You can download it from https://wiki.dnanexus.com/Downloads#Install']
    status: {code: 200, message: OK}
version: 1
