interactions:
- request:
    body: !!python/unicode '{"name": "TestCopyTree.test_dx_root_to_dx_root.b59d08cd"}'
    headers:
      Content-Type: [application/json]
      DNAnexus-API: [1.0.0]
      User-Agent: [dxpy/0.267.1 (Darwin-18.0.0-x86_64-i386-64bit)]
    method: POST
    uri: https://api.dnanexus.com/project/new
  response:
    body: {string: !!python/unicode '{"id":"project-FPbY9vj08gFZP61Q4bjV0pQf"}'}
    headers:
      connection: [keep-alive]
      content-length: ['41']
      content-type: [application/json; charset=utf-8]
      date: ['Tue, 13 Nov 2018 20:32:51 GMT']
      server: [nginx]
      x-content-type-options: [nosniff]
      x-powered-by: [Express]
      x-request-id: [1542141171537-441209]
    status: {code: 200, message: OK}
- request:
    body: !!python/unicode '{}'
    headers:
      Content-Type: [application/json]
      DNAnexus-API: [1.0.0]
      User-Agent: [dxpy/0.267.1 (Darwin-18.0.0-x86_64-i386-64bit)]
    method: POST
    uri: https://api.dnanexus.com/project-FPbY9vj08gFZP61Q4bjV0pQf/describe
  response:
    body: {string: !!python/unicode '{"id":"project-FPbY9vj08gFZP61Q4bjV0pQf","name":"TestCopyTree.test_dx_root_to_dx_root.b59d08cd","class":"project","created":1542141171000,"modified":1542141171000,"billTo":"org-counsyl","level":"ADMINISTER","dataUsage":0,"sponsoredDataUsage":0,"region":"aws:us-east-1","summary":"","description":"","protected":false,"restricted":false,"downloadRestricted":false,"containsPHI":false,"createdBy":{"user":"user-akumar_counsyl"},"version":0,"storageCost":0,"pendingTransfer":null,"tags":[],"defaultInstanceType":"mem2_hdd2_x2","archivalState":"live","archivalProgress":null,"totalSponsoredEgressBytes":0,"consumedSponsoredEgressBytes":0,"atSpendingLimit":false}'}
    headers:
      connection: [keep-alive]
      content-length: ['658']
      content-type: [application/json; charset=utf-8]
      date: ['Tue, 13 Nov 2018 20:32:51 GMT']
      server: [nginx]
      x-content-type-options: [nosniff]
      x-powered-by: [Express]
      x-request-id: [1542141171639-821040]
    status: {code: 200, message: OK}
- request:
    body: !!python/unicode '{"folder": "/temp_folder", "parents": true}'
    headers:
      Content-Type: [application/json]
      DNAnexus-API: [1.0.0]
      User-Agent: [dxpy/0.267.1 (Darwin-18.0.0-x86_64-i386-64bit)]
    method: POST
    uri: https://api.dnanexus.com/project-FPbY9vj08gFZP61Q4bjV0pQf/newFolder
  response:
    body: {string: !!python/unicode '{"id":"project-FPbY9vj08gFZP61Q4bjV0pQf"}'}
    headers:
      connection: [keep-alive]
      content-length: ['41']
      content-type: [application/json; charset=utf-8]
      date: ['Tue, 13 Nov 2018 20:32:51 GMT']
      server: [nginx]
      x-content-type-options: [nosniff]
      x-powered-by: [Express]
      x-request-id: [1542141171795-216868]
    status: {code: 200, message: OK}
- request:
    body: !!python/unicode '{"project": "project-FPbY9vj08gFZP61Q4bjV0pQf", "nonce":
      "22ee95e00cab6d997ebd2e563df79971aa48a7e01118909188247b8a6a1b85781542141171.847634",
      "folder": "/temp_folder", "name": "folder_file"}'
    headers:
      Content-Type: [application/json]
      DNAnexus-API: [1.0.0]
      User-Agent: [dxpy/0.267.1 (Darwin-18.0.0-x86_64-i386-64bit)]
    method: POST
    uri: https://api.dnanexus.com/file/new
  response:
    body: {string: !!python/unicode '{"id":"file-FPbY9vj08gFVgVFg2KzVq4Jf"}'}
    headers:
      connection: [keep-alive]
      content-length: ['38']
      content-type: [application/json; charset=utf-8]
      date: ['Tue, 13 Nov 2018 20:32:51 GMT']
      server: [nginx]
      x-content-type-options: [nosniff]
      x-powered-by: [Express]
      x-request-id: [1542141171893-562855]
    status: {code: 200, message: OK}
- request:
    body: !!python/unicode '{"fields": {"fileUploadParameters": true}}'
    headers:
      Content-Type: [application/json]
      DNAnexus-API: [1.0.0]
      User-Agent: [dxpy/0.267.1 (Darwin-18.0.0-x86_64-i386-64bit)]
    method: POST
    uri: https://api.dnanexus.com/project-FPbY9vj08gFZP61Q4bjV0pQf/describe
  response:
    body: {string: !!python/unicode '{"id":"project-FPbY9vj08gFZP61Q4bjV0pQf","fileUploadParameters":{"maximumPartSize":5368709120,"minimumPartSize":5242880,"maximumFileSize":5497558138880,"maximumNumParts":10000,"emptyLastPartAllowed":true}}'}
    headers:
      connection: [keep-alive]
      content-length: ['205']
      content-type: [application/json; charset=utf-8]
      date: ['Tue, 13 Nov 2018 20:32:52 GMT']
      server: [nginx]
      x-content-type-options: [nosniff]
      x-powered-by: [Express]
      x-request-id: [1542141172040-117762]
    status: {code: 200, message: OK}
- request:
    body: !!python/unicode '{"index": 1, "size": 4, "md5": "8d777f385d3dfec8815d20f7496026dc"}'
    headers:
      Content-Type: [application/json]
      DNAnexus-API: [1.0.0]
      User-Agent: [dxpy/0.267.1 (Darwin-18.0.0-x86_64-i386-64bit)]
    method: POST
    uri: https://api.dnanexus.com/file-FPbY9vj08gFVgVFg2KzVq4Jf/upload
  response:
    body: {string: !!python/unicode '{"url":"https://dnanexus-platform-upload-prod.s3.amazonaws.com/filev2/462a/file/open/file-FPbY9vj08gFVgVFg2KzVq4Jf/1?X-Amz-Algorithm=AWS4-HMAC-SHA256&X-Amz-Credential=AKIAJDCC37XBLBSWJBVQ%2F20181113%2Fus-east-1%2Fs3%2Faws4_request&X-Amz-Date=20181113T203252Z&X-Amz-Expires=120&X-Amz-SignedHeaders=content-length%3Bcontent-md5%3Bcontent-type%3Bhost%3Bx-amz-server-side-encryption&X-Amz-Signature=d67782a65fbcb441668b1ff253926e2dfc0e69a4dfaf69fc6cd1c225d2f8d6dd","headers":{"host":"dnanexus-platform-upload-prod.s3.amazonaws.com","content-type":"binary/octet-stream","x-amz-server-side-encryption":"AES256","content-md5":"jXd/OF09/siBXSD3SWAm3A==","content-length":"4"},"expires":1542141292150}'}
    headers:
      connection: [keep-alive]
      content-length: ['692']
      content-type: [application/json; charset=utf-8]
      date: ['Tue, 13 Nov 2018 20:32:52 GMT']
      server: [nginx]
      x-content-type-options: [nosniff]
      x-powered-by: [Express]
      x-request-id: [1542141172136-68915]
    status: {code: 200, message: OK}
- request:
    body: !!python/unicode data
    headers:
      DNAnexus-API: [1.0.0]
      User-Agent: [dxpy/0.267.1 (Darwin-18.0.0-x86_64-i386-64bit)]
      content-length: ['4']
      content-md5: [jXd/OF09/siBXSD3SWAm3A==]
      content-type: [binary/octet-stream]
      host: [dnanexus-platform-upload-prod.s3.amazonaws.com]
      x-amz-server-side-encryption: [AES256]
    method: PUT
    uri: https://dnanexus-platform-upload-prod.s3.amazonaws.com/filev2/462a/file/open/file-FPbY9vj08gFVgVFg2KzVq4Jf/1?X-Amz-Algorithm=AWS4-HMAC-SHA256&X-Amz-Credential=AKIAJDCC37XBLBSWJBVQ%2F20181113%2Fus-east-1%2Fs3%2Faws4_request&X-Amz-Date=20181113T203252Z&X-Amz-Expires=120&X-Amz-SignedHeaders=content-length%3Bcontent-md5%3Bcontent-type%3Bhost%3Bx-amz-server-side-encryption&X-Amz-Signature=d67782a65fbcb441668b1ff253926e2dfc0e69a4dfaf69fc6cd1c225d2f8d6dd
  response:
    body: {string: !!python/unicode ''}
    headers:
      content-length: ['0']
      date: ['Tue, 13 Nov 2018 20:32:53 GMT']
      etag: ['"8d777f385d3dfec8815d20f7496026dc"']
      server: [AmazonS3]
      x-amz-expiration: ['expiry-date="Wed, 05 Dec 2018 00:00:00 GMT", rule-id="3weekpurge"']
      x-amz-id-2: [5X7iV1WTu4hWJeWBqGWmqUzvWadYcLu8VtIBv9ZI3RBa0nyXWultPjbekuY4m5ZeCUWdt50n9s4=]
      x-amz-request-id: [110F9E8CAEC305E5]
      x-amz-server-side-encryption: [AES256]
    status: {code: 200, message: OK}
- request:
    body: !!python/unicode '{"project": "project-FPbY9vj08gFZP61Q4bjV0pQf", "fields":
      {"state": true}}'
    headers:
      Content-Type: [application/json]
      DNAnexus-API: [1.0.0]
      User-Agent: [dxpy/0.267.1 (Darwin-18.0.0-x86_64-i386-64bit)]
    method: POST
    uri: https://api.dnanexus.com/file-FPbY9vj08gFVgVFg2KzVq4Jf/describe
  response:
    body: {string: !!python/unicode '{"id":"file-FPbY9vj08gFVgVFg2KzVq4Jf","state":"open"}'}
    headers:
      connection: [keep-alive]
      content-length: ['53']
      content-type: [application/json; charset=utf-8]
      date: ['Tue, 13 Nov 2018 20:32:52 GMT']
      server: [nginx]
      x-content-type-options: [nosniff]
      x-powered-by: [Express]
      x-request-id: [1542141172626-171698]
    status: {code: 200, message: OK}
- request:
    body: !!python/unicode '{}'
    headers:
      Content-Type: [application/json]
      DNAnexus-API: [1.0.0]
      User-Agent: [dxpy/0.267.1 (Darwin-18.0.0-x86_64-i386-64bit)]
    method: POST
    uri: https://api.dnanexus.com/file-FPbY9vj08gFVgVFg2KzVq4Jf/close
  response:
    body: {string: !!python/unicode '{"id":"file-FPbY9vj08gFVgVFg2KzVq4Jf"}'}
    headers:
      connection: [keep-alive]
      content-length: ['38']
      content-type: [application/json; charset=utf-8]
      date: ['Tue, 13 Nov 2018 20:32:52 GMT']
      server: [nginx]
      x-content-type-options: [nosniff]
      x-powered-by: [Express]
      x-request-id: [1542141172719-437089]
    status: {code: 200, message: OK}
- request:
    body: !!python/unicode '{"project": "project-FPbY9vj08gFZP61Q4bjV0pQf", "fields":
      {"state": true}}'
    headers:
      Content-Type: [application/json]
      DNAnexus-API: [1.0.0]
      User-Agent: [dxpy/0.267.1 (Darwin-18.0.0-x86_64-i386-64bit)]
    method: POST
    uri: https://api.dnanexus.com/file-FPbY9vj08gFVgVFg2KzVq4Jf/describe
  response:
    body: {string: !!python/unicode '{"id":"file-FPbY9vj08gFVgVFg2KzVq4Jf","state":"closing"}'}
    headers:
      connection: [keep-alive]
      content-length: ['56']
      content-type: [application/json; charset=utf-8]
      date: ['Tue, 13 Nov 2018 20:32:52 GMT']
      server: [nginx]
      x-content-type-options: [nosniff]
      x-powered-by: [Express]
      x-request-id: [1542141172836-594390]
    status: {code: 200, message: OK}
- request:
    body: !!python/unicode '{"project": "project-FPbY9vj08gFZP61Q4bjV0pQf", "fields":
      {"state": true}}'
    headers:
      Content-Type: [application/json]
      DNAnexus-API: [1.0.0]
      User-Agent: [dxpy/0.267.1 (Darwin-18.0.0-x86_64-i386-64bit)]
    method: POST
    uri: https://api.dnanexus.com/file-FPbY9vj08gFVgVFg2KzVq4Jf/describe
  response:
    body: {string: !!python/unicode '{"id":"file-FPbY9vj08gFVgVFg2KzVq4Jf","state":"closed"}'}
    headers:
      connection: [keep-alive]
      content-length: ['55']
      content-type: [application/json; charset=utf-8]
      date: ['Tue, 13 Nov 2018 20:32:54 GMT']
      server: [nginx]
      x-content-type-options: [nosniff]
      x-powered-by: [Express]
      x-request-id: [1542141174933-966586]
    status: {code: 200, message: OK}
- request:
    body: !!python/unicode '{"name": "test_dx_root_to_dx_root.TempProj"}'
    headers:
      Content-Type: [application/json]
      DNAnexus-API: [1.0.0]
      User-Agent: [dxpy/0.267.1 (Darwin-18.0.0-x86_64-i386-64bit)]
    method: POST
    uri: https://api.dnanexus.com/project/new
  response:
    body: {string: !!python/unicode '{"id":"project-FPbY9xj0Yvv983Zv4x93BjF6"}'}
    headers:
      connection: [keep-alive]
      content-length: ['41']
      content-type: [application/json; charset=utf-8]
      date: ['Tue, 13 Nov 2018 20:32:55 GMT']
      server: [nginx]
      x-content-type-options: [nosniff]
      x-powered-by: [Express]
      x-request-id: [1542141175029-162553]
    status: {code: 200, message: OK}
- request:
    body: !!python/unicode '{"limit": 2, "name": "TestCopyTree.test_dx_root_to_dx_root.b59d08cd",
      "level": "VIEW"}'
    headers:
      Content-Type: [application/json]
      DNAnexus-API: [1.0.0]
      User-Agent: [dxpy/0.267.1 (Darwin-18.0.0-x86_64-i386-64bit)]
    method: POST
    uri: https://api.dnanexus.com/system/findProjects
  response:
    body: {string: !!python/unicode '{"results":[{"id":"project-FPbY9vj08gFZP61Q4bjV0pQf","level":"ADMINISTER","permissionSources":["user-akumar_counsyl"],"public":false}],"next":null}'}
    headers:
      connection: [keep-alive]
      content-length: ['147']
      content-type: [application/json; charset=utf-8]
      date: ['Tue, 13 Nov 2018 20:32:55 GMT']
      server: [nginx]
      x-content-type-options: [nosniff]
      x-powered-by: [Express]
      x-request-id: [1542141175149-384765]
    status: {code: 200, message: OK}
- request:
    body: !!python/unicode '{}'
    headers:
      Content-Type: [application/json]
      DNAnexus-API: [1.0.0]
      User-Agent: [dxpy/0.267.1 (Darwin-18.0.0-x86_64-i386-64bit)]
    method: POST
    uri: https://api.dnanexus.com/project-FPbY9vj08gFZP61Q4bjV0pQf/describe
  response:
    body: {string: !!python/unicode '{"id":"project-FPbY9vj08gFZP61Q4bjV0pQf","name":"TestCopyTree.test_dx_root_to_dx_root.b59d08cd","class":"project","created":1542141171000,"modified":1542141173072,"billTo":"org-counsyl","level":"ADMINISTER","dataUsage":3.725290298461914e-9,"sponsoredDataUsage":0,"region":"aws:us-east-1","summary":"","description":"","protected":false,"restricted":false,"downloadRestricted":false,"containsPHI":false,"createdBy":{"user":"user-akumar_counsyl"},"version":0,"storageCost":8.19563865661621e-11,"pendingTransfer":null,"tags":[],"defaultInstanceType":"mem2_hdd2_x2","archivalState":"live","archivalProgress":null,"totalSponsoredEgressBytes":0,"consumedSponsoredEgressBytes":0,"atSpendingLimit":false}'}
    headers:
      connection: [keep-alive]
      content-length: ['696']
      content-type: [application/json; charset=utf-8]
      date: ['Tue, 13 Nov 2018 20:32:55 GMT']
      server: [nginx]
      x-content-type-options: [nosniff]
      x-powered-by: [Express]
      x-request-id: [1542141175258-60425]
    status: {code: 200, message: OK}
- request:
    body: !!python/unicode '{"limit": 2, "name": "test_dx_root_to_dx_root.TempProj",
      "level": "VIEW"}'
    headers:
      Content-Type: [application/json]
      DNAnexus-API: [1.0.0]
      User-Agent: [dxpy/0.267.1 (Darwin-18.0.0-x86_64-i386-64bit)]
    method: POST
    uri: https://api.dnanexus.com/system/findProjects
  response:
    body: {string: !!python/unicode '{"results":[{"id":"project-FPbY9xj0Yvv983Zv4x93BjF6","level":"ADMINISTER","permissionSources":["user-akumar_counsyl"],"public":false}],"next":null}'}
    headers:
      connection: [keep-alive]
      content-length: ['147']
      content-type: [application/json; charset=utf-8]
      date: ['Tue, 13 Nov 2018 20:32:55 GMT']
      server: [nginx]
      x-content-type-options: [nosniff]
      x-powered-by: [Express]
      x-request-id: [1542141175363-267552]
    status: {code: 200, message: OK}
- request:
    body: !!python/unicode '{}'
    headers:
      Content-Type: [application/json]
      DNAnexus-API: [1.0.0]
      User-Agent: [dxpy/0.267.1 (Darwin-18.0.0-x86_64-i386-64bit)]
    method: POST
    uri: https://api.dnanexus.com/project-FPbY9xj0Yvv983Zv4x93BjF6/describe
  response:
    body: {string: !!python/unicode '{"id":"project-FPbY9xj0Yvv983Zv4x93BjF6","name":"test_dx_root_to_dx_root.TempProj","class":"project","created":1542141175000,"modified":1542141175000,"billTo":"org-counsyl","level":"ADMINISTER","dataUsage":0,"sponsoredDataUsage":0,"region":"aws:us-east-1","summary":"","description":"","protected":false,"restricted":false,"downloadRestricted":false,"containsPHI":false,"createdBy":{"user":"user-akumar_counsyl"},"version":0,"storageCost":0,"pendingTransfer":null,"tags":[],"defaultInstanceType":"mem2_hdd2_x2","archivalState":"live","archivalProgress":null,"totalSponsoredEgressBytes":0,"consumedSponsoredEgressBytes":0,"atSpendingLimit":false}'}
    headers:
      connection: [keep-alive]
      content-length: ['645']
      content-type: [application/json; charset=utf-8]
      date: ['Tue, 13 Nov 2018 20:32:55 GMT']
      server: [nginx]
      x-content-type-options: [nosniff]
      x-powered-by: [Express]
      x-request-id: [1542141175484-863880]
    status: {code: 200, message: OK}
- request:
    body: !!python/unicode '{"limit": 2, "name": "test_dx_root_to_dx_root.TempProj",
      "level": "VIEW"}'
    headers:
      Content-Type: [application/json]
      DNAnexus-API: [1.0.0]
      User-Agent: [dxpy/0.267.1 (Darwin-18.0.0-x86_64-i386-64bit)]
    method: POST
    uri: https://api.dnanexus.com/system/findProjects
  response:
    body: {string: !!python/unicode '{"results":[{"id":"project-FPbY9xj0Yvv983Zv4x93BjF6","level":"ADMINISTER","permissionSources":["user-akumar_counsyl"],"public":false}],"next":null}'}
    headers:
      connection: [keep-alive]
      content-length: ['147']
      content-type: [application/json; charset=utf-8]
      date: ['Tue, 13 Nov 2018 20:32:55 GMT']
      server: [nginx]
      x-content-type-options: [nosniff]
      x-powered-by: [Express]
      x-request-id: [1542141175596-690685]
    status: {code: 200, message: OK}
- request:
    body: !!python/unicode '{"folder": "/TestCopyTree.test_dx_root_to_dx_root.b59d08cd",
      "describe": {"fields": {"folder": true, "name": true}}, "only": "folders", "includeHidden":
      false}'
    headers:
      Content-Type: [application/json]
      DNAnexus-API: [1.0.0]
      User-Agent: [dxpy/0.267.1 (Darwin-18.0.0-x86_64-i386-64bit)]
    method: POST
    uri: https://api.dnanexus.com/project-FPbY9xj0Yvv983Zv4x93BjF6/listFolder
  response:
    body: {string: !!python/unicode '{"error":{"type":"ResourceNotFound","message":"The
        specified folder could not be found in project-FPbY9xj0Yvv983Zv4x93BjF6"}}'}
    headers:
      connection: [keep-alive]
      content-type: [application/json]
      date: ['Tue, 13 Nov 2018 20:32:55 GMT']
      server: [nginx]
      transfer-encoding: [chunked]
      vary: [Accept-Encoding]
      x-content-type-options: [nosniff]
      x-powered-by: [Express]
      x-request-id: [1542141175723-784559]
    status: {code: 404, message: Not Found}
- request:
    body: !!python/unicode '{"folder": "/TestCopyTree.test_dx_root_to_dx_root.b59d08cd",
      "parents": true}'
    headers:
      Content-Type: [application/json]
      DNAnexus-API: [1.0.0]
      User-Agent: [dxpy/0.267.1 (Darwin-18.0.0-x86_64-i386-64bit)]
    method: POST
    uri: https://api.dnanexus.com/project-FPbY9xj0Yvv983Zv4x93BjF6/newFolder
  response:
    body: {string: !!python/unicode '{"id":"project-FPbY9xj0Yvv983Zv4x93BjF6"}'}
    headers:
      connection: [keep-alive]
      content-length: ['41']
      content-type: [application/json; charset=utf-8]
      date: ['Tue, 13 Nov 2018 20:32:56 GMT']
      server: [nginx]
      x-content-type-options: [nosniff]
      x-powered-by: [Express]
      x-request-id: [1542141176069-516518]
    status: {code: 200, message: OK}
- request:
    body: !!python/unicode '{"folders": ["/"], "project": "project-FPbY9xj0Yvv983Zv4x93BjF6",
      "destination": "/TestCopyTree.test_dx_root_to_dx_root.b59d08cd", "objects":
      [], "parents": false}'
    headers:
      Content-Type: [application/json]
      DNAnexus-API: [1.0.0]
      User-Agent: [dxpy/0.267.1 (Darwin-18.0.0-x86_64-i386-64bit)]
    method: POST
    uri: https://api.dnanexus.com/project-FPbY9vj08gFZP61Q4bjV0pQf/clone
  response:
    body: {string: !!python/unicode '{"id":"project-FPbY9vj08gFZP61Q4bjV0pQf","project":"project-FPbY9xj0Yvv983Zv4x93BjF6","exists":[]}'}
    headers:
      connection: [keep-alive]
      content-length: ['98']
      content-type: [application/json; charset=utf-8]
      date: ['Tue, 13 Nov 2018 20:32:56 GMT']
      server: [nginx]
      x-content-type-options: [nosniff]
      x-powered-by: [Express]
      x-request-id: [1542141176185-90869]
    status: {code: 200, message: OK}
- request:
    body: !!python/unicode '{"limit": 2, "name": "test_dx_root_to_dx_root.TempProj",
      "level": "VIEW"}'
    headers:
      Content-Type: [application/json]
      DNAnexus-API: [1.0.0]
      User-Agent: [dxpy/0.267.1 (Darwin-18.0.0-x86_64-i386-64bit)]
    method: POST
    uri: https://api.dnanexus.com/system/findProjects
  response:
    body: {string: !!python/unicode '{"results":[{"id":"project-FPbY9xj0Yvv983Zv4x93BjF6","level":"ADMINISTER","permissionSources":["user-akumar_counsyl"],"public":false}],"next":null}'}
    headers:
      connection: [keep-alive]
      content-length: ['147']
      content-type: [application/json; charset=utf-8]
      date: ['Tue, 13 Nov 2018 20:32:56 GMT']
      server: [nginx]
      x-content-type-options: [nosniff]
      x-powered-by: [Express]
      x-request-id: [1542141176397-499866]
    status: {code: 200, message: OK}
- request:
    body: !!python/unicode '{"objects": [{"project": "project-FPbY9xj0Yvv983Zv4x93BjF6",
      "folder": "/TestCopyTree.test_dx_root_to_dx_root.b59d08cd/temp_folder", "name":
      "folder_file", "batchsize": 2}]}'
    headers:
      Content-Type: [application/json]
      DNAnexus-API: [1.0.0]
      User-Agent: [dxpy/0.267.1 (Darwin-18.0.0-x86_64-i386-64bit)]
    method: POST
    uri: https://api.dnanexus.com/system/resolveDataObjects
  response:
    body: {string: !!python/unicode '{"results":[[{"project":"project-FPbY9xj0Yvv983Zv4x93BjF6","id":"file-FPbY9vj08gFVgVFg2KzVq4Jf"}]]}'}
    headers:
      connection: [keep-alive]
      content-length: ['99']
      content-type: [application/json; charset=utf-8]
      date: ['Tue, 13 Nov 2018 20:32:56 GMT']
      server: [nginx]
      x-content-type-options: [nosniff]
      x-powered-by: [Express]
      x-request-id: [1542141176533-237263]
    status: {code: 200, message: OK}
- request:
    body: !!python/unicode '{"project": "project-FPbY9xj0Yvv983Zv4x93BjF6"}'
    headers:
      Content-Type: [application/json]
      DNAnexus-API: [1.0.0]
      User-Agent: [dxpy/0.267.1 (Darwin-18.0.0-x86_64-i386-64bit)]
    method: POST
    uri: https://api.dnanexus.com/file-FPbY9vj08gFVgVFg2KzVq4Jf/describe
  response:
    body: {string: !!python/unicode '{"id":"file-FPbY9vj08gFVgVFg2KzVq4Jf","project":"project-FPbY9xj0Yvv983Zv4x93BjF6","class":"file","sponsored":false,"name":"folder_file","types":[],"state":"closed","hidden":false,"links":[],"folder":"/TestCopyTree.test_dx_root_to_dx_root.b59d08cd/temp_folder","tags":[],"created":1542141171000,"modified":1542141176267,"createdBy":{"user":"user-akumar_counsyl"},"media":"text/plain","archivalState":"live","size":4}'}
    headers:
      connection: [keep-alive]
      content-length: ['416']
      content-type: [application/json; charset=utf-8]
      date: ['Tue, 13 Nov 2018 20:32:56 GMT']
      server: [nginx]
      x-content-type-options: [nosniff]
      x-powered-by: [Express]
      x-request-id: [1542141176628-372277]
    status: {code: 200, message: OK}
- request:
    body: !!python/unicode '{}'
    headers:
      Content-Type: [application/json]
      DNAnexus-API: [1.0.0]
      User-Agent: [dxpy/0.267.1 (Darwin-18.0.0-x86_64-i386-64bit)]
    method: POST
    uri: https://api.dnanexus.com/project-FPbY9xj0Yvv983Zv4x93BjF6/destroy
  response:
    body: {string: !!python/unicode '{"id":"project-FPbY9xj0Yvv983Zv4x93BjF6"}'}
    headers:
      connection: [keep-alive]
      content-length: ['41']
      content-type: [application/json; charset=utf-8]
      date: ['Tue, 13 Nov 2018 20:32:59 GMT']
      server: [nginx]
      x-content-type-options: [nosniff]
      x-powered-by: [Express]
      x-request-id: [1542141176735-64047]
    status: {code: 200, message: OK}
- request:
    body: !!python/unicode '{}'
    headers:
      Content-Type: [application/json]
      DNAnexus-API: [1.0.0]
      User-Agent: [dxpy/0.267.1 (Darwin-18.0.0-x86_64-i386-64bit)]
    method: POST
    uri: https://api.dnanexus.com/project-FPbY9vj08gFZP61Q4bjV0pQf/destroy
  response:
    body: {string: !!python/unicode '{"id":"project-FPbY9vj08gFZP61Q4bjV0pQf"}'}
    headers:
      connection: [keep-alive]
      content-length: ['41']
      content-type: [application/json; charset=utf-8]
      date: ['Tue, 13 Nov 2018 20:33:01 GMT']
      server: [nginx]
      x-content-type-options: [nosniff]
      x-powered-by: [Express]
      x-request-id: [1542141179439-560428]
    status: {code: 200, message: OK}
version: 1
