interactions:
- request:
    body: !!python/unicode '{"name": "TestCopyTree.test_dx_dir_to_dx_dir_same_project.31c7195e"}'
    headers:
      Content-Type: [application/json]
      DNAnexus-API: [1.0.0]
      User-Agent: [dxpy/0.267.1 (Darwin-18.0.0-x86_64-i386-64bit)]
    method: POST
    uri: https://api.dnanexus.com/project/new
  response:
    body: {string: !!python/unicode '{"id":"project-FPbY91004P31X71F8q6pKGx3"}'}
    headers:
      connection: [keep-alive]
      content-length: ['41']
      content-type: [application/json; charset=utf-8]
      date: ['Tue, 13 Nov 2018 20:31:00 GMT']
      server: [nginx]
      x-content-type-options: [nosniff]
      x-powered-by: [Express]
      x-request-id: [1542141060122-799325]
    status: {code: 200, message: OK}
- request:
    body: !!python/unicode '{}'
    headers:
      Content-Type: [application/json]
      DNAnexus-API: [1.0.0]
      User-Agent: [dxpy/0.267.1 (Darwin-18.0.0-x86_64-i386-64bit)]
    method: POST
    uri: https://api.dnanexus.com/project-FPbY91004P31X71F8q6pKGx3/describe
  response:
    body: {string: !!python/unicode '{"id":"project-FPbY91004P31X71F8q6pKGx3","name":"TestCopyTree.test_dx_dir_to_dx_dir_same_project.31c7195e","class":"project","created":1542141060000,"modified":1542141060000,"billTo":"org-counsyl","level":"ADMINISTER","dataUsage":0,"sponsoredDataUsage":0,"region":"aws:us-east-1","summary":"","description":"","protected":false,"restricted":false,"downloadRestricted":false,"containsPHI":false,"createdBy":{"user":"user-akumar_counsyl"},"version":0,"storageCost":0,"pendingTransfer":null,"tags":[],"defaultInstanceType":"mem2_hdd2_x2","archivalState":"live","archivalProgress":null,"totalSponsoredEgressBytes":0,"consumedSponsoredEgressBytes":0,"atSpendingLimit":false}'}
    headers:
      connection: [keep-alive]
      content-length: ['669']
      content-type: [application/json; charset=utf-8]
      date: ['Tue, 13 Nov 2018 20:31:00 GMT']
      server: [nginx]
      x-content-type-options: [nosniff]
      x-powered-by: [Express]
      x-request-id: [1542141060236-68361]
    status: {code: 200, message: OK}
- request:
    body: !!python/unicode '{"folder": "/temp_folder", "parents": true}'
    headers:
      Content-Type: [application/json]
      DNAnexus-API: [1.0.0]
      User-Agent: [dxpy/0.267.1 (Darwin-18.0.0-x86_64-i386-64bit)]
    method: POST
    uri: https://api.dnanexus.com/project-FPbY91004P31X71F8q6pKGx3/newFolder
  response:
    body: {string: !!python/unicode '{"id":"project-FPbY91004P31X71F8q6pKGx3"}'}
    headers:
      connection: [keep-alive]
      content-length: ['41']
      content-type: [application/json; charset=utf-8]
      date: ['Tue, 13 Nov 2018 20:31:00 GMT']
      server: [nginx]
      x-content-type-options: [nosniff]
      x-powered-by: [Express]
      x-request-id: [1542141060356-149169]
    status: {code: 200, message: OK}
- request:
    body: !!python/unicode '{"project": "project-FPbY91004P31X71F8q6pKGx3", "nonce":
      "a26a04fe2c43013b4e33ba322648c0a7c61deafe5867c61b33a38534a54103cf1542141060.406436",
      "folder": "/temp_folder", "name": "folder_file"}'
    headers:
      Content-Type: [application/json]
      DNAnexus-API: [1.0.0]
      User-Agent: [dxpy/0.267.1 (Darwin-18.0.0-x86_64-i386-64bit)]
    method: POST
    uri: https://api.dnanexus.com/file/new
  response:
    body: {string: !!python/unicode '{"id":"file-FPbY91004P39GXBB2vpY85K6"}'}
    headers:
      connection: [keep-alive]
      content-length: ['38']
      content-type: [application/json; charset=utf-8]
      date: ['Tue, 13 Nov 2018 20:31:00 GMT']
      server: [nginx]
      x-content-type-options: [nosniff]
      x-powered-by: [Express]
      x-request-id: [1542141060450-834399]
    status: {code: 200, message: OK}
- request:
    body: !!python/unicode '{"fields": {"fileUploadParameters": true}}'
    headers:
      Content-Type: [application/json]
      DNAnexus-API: [1.0.0]
      User-Agent: [dxpy/0.267.1 (Darwin-18.0.0-x86_64-i386-64bit)]
    method: POST
    uri: https://api.dnanexus.com/project-FPbY91004P31X71F8q6pKGx3/describe
  response:
    body: {string: !!python/unicode '{"id":"project-FPbY91004P31X71F8q6pKGx3","fileUploadParameters":{"maximumPartSize":5368709120,"minimumPartSize":5242880,"maximumFileSize":5497558138880,"maximumNumParts":10000,"emptyLastPartAllowed":true}}'}
    headers:
      connection: [keep-alive]
      content-length: ['205']
      content-type: [application/json; charset=utf-8]
      date: ['Tue, 13 Nov 2018 20:31:00 GMT']
      server: [nginx]
      x-content-type-options: [nosniff]
      x-powered-by: [Express]
      x-request-id: [1542141060582-448509]
    status: {code: 200, message: OK}
- request:
    body: !!python/unicode '{"index": 1, "size": 5, "md5": "73dfff57fe24e807bd4fb1bc4e07cd73"}'
    headers:
      Content-Type: [application/json]
      DNAnexus-API: [1.0.0]
      User-Agent: [dxpy/0.267.1 (Darwin-18.0.0-x86_64-i386-64bit)]
    method: POST
    uri: https://api.dnanexus.com/file-FPbY91004P39GXBB2vpY85K6/upload
  response:
    body: {string: !!python/unicode '{"url":"https://dnanexus-platform-upload-prod.s3.amazonaws.com/filev2/2d1c/file/open/file-FPbY91004P39GXBB2vpY85K6/1?X-Amz-Algorithm=AWS4-HMAC-SHA256&X-Amz-Credential=AKIAJDCC37XBLBSWJBVQ%2F20181113%2Fus-east-1%2Fs3%2Faws4_request&X-Amz-Date=20181113T203100Z&X-Amz-Expires=120&X-Amz-SignedHeaders=content-length%3Bcontent-md5%3Bcontent-type%3Bhost%3Bx-amz-server-side-encryption&X-Amz-Signature=33f8cf7de47b5e391670998f2eded4824961c6ef823120f10c3b7f51d3667a1b","headers":{"host":"dnanexus-platform-upload-prod.s3.amazonaws.com","content-type":"binary/octet-stream","x-amz-server-side-encryption":"AES256","content-md5":"c9//V/4k6Ae9T7G8TgfNcw==","content-length":"5"},"expires":1542141180696}'}
    headers:
      connection: [keep-alive]
      content-length: ['692']
      content-type: [application/json; charset=utf-8]
      date: ['Tue, 13 Nov 2018 20:31:00 GMT']
      server: [nginx]
      x-content-type-options: [nosniff]
      x-powered-by: [Express]
      x-request-id: [1542141060678-662262]
    status: {code: 200, message: OK}
- request:
    body: !!python/unicode data0
    headers:
      DNAnexus-API: [1.0.0]
      User-Agent: [dxpy/0.267.1 (Darwin-18.0.0-x86_64-i386-64bit)]
      content-length: ['5']
      content-md5: [c9//V/4k6Ae9T7G8TgfNcw==]
      content-type: [binary/octet-stream]
      host: [dnanexus-platform-upload-prod.s3.amazonaws.com]
      x-amz-server-side-encryption: [AES256]
    method: PUT
    uri: https://dnanexus-platform-upload-prod.s3.amazonaws.com/filev2/2d1c/file/open/file-FPbY91004P39GXBB2vpY85K6/1?X-Amz-Algorithm=AWS4-HMAC-SHA256&X-Amz-Credential=AKIAJDCC37XBLBSWJBVQ%2F20181113%2Fus-east-1%2Fs3%2Faws4_request&X-Amz-Date=20181113T203100Z&X-Amz-Expires=120&X-Amz-SignedHeaders=content-length%3Bcontent-md5%3Bcontent-type%3Bhost%3Bx-amz-server-side-encryption&X-Amz-Signature=33f8cf7de47b5e391670998f2eded4824961c6ef823120f10c3b7f51d3667a1b
  response:
    body: {string: !!python/unicode ''}
    headers:
      content-length: ['0']
      date: ['Tue, 13 Nov 2018 20:31:02 GMT']
      etag: ['"73dfff57fe24e807bd4fb1bc4e07cd73"']
      server: [AmazonS3]
      x-amz-expiration: ['expiry-date="Wed, 05 Dec 2018 00:00:00 GMT", rule-id="3weekpurge"']
      x-amz-id-2: [ndZVUEaiDNiEx+EP02cXY4EyNqTIKmJrNHdexrbD7LZNGO9oVyRXCobcOTFvBJKeYoXMUQ0WtXk=]
      x-amz-request-id: [CEEAC779F8112753]
      x-amz-server-side-encryption: [AES256]
    status: {code: 200, message: OK}
- request:
    body: !!python/unicode '{"project": "project-FPbY91004P31X71F8q6pKGx3", "fields":
      {"state": true}}'
    headers:
      Content-Type: [application/json]
      DNAnexus-API: [1.0.0]
      User-Agent: [dxpy/0.267.1 (Darwin-18.0.0-x86_64-i386-64bit)]
    method: POST
    uri: https://api.dnanexus.com/file-FPbY91004P39GXBB2vpY85K6/describe
  response:
    body: {string: !!python/unicode '{"id":"file-FPbY91004P39GXBB2vpY85K6","state":"open"}'}
    headers:
      connection: [keep-alive]
      content-length: ['53']
      content-type: [application/json; charset=utf-8]
      date: ['Tue, 13 Nov 2018 20:31:01 GMT']
      server: [nginx]
      x-content-type-options: [nosniff]
      x-powered-by: [Express]
      x-request-id: [1542141061179-958594]
    status: {code: 200, message: OK}
- request:
    body: !!python/unicode '{}'
    headers:
      Content-Type: [application/json]
      DNAnexus-API: [1.0.0]
      User-Agent: [dxpy/0.267.1 (Darwin-18.0.0-x86_64-i386-64bit)]
    method: POST
    uri: https://api.dnanexus.com/file-FPbY91004P39GXBB2vpY85K6/close
  response:
    body: {string: !!python/unicode '{"id":"file-FPbY91004P39GXBB2vpY85K6"}'}
    headers:
      connection: [keep-alive]
      content-length: ['38']
      content-type: [application/json; charset=utf-8]
      date: ['Tue, 13 Nov 2018 20:31:01 GMT']
      server: [nginx]
      x-content-type-options: [nosniff]
      x-powered-by: [Express]
      x-request-id: [1542141061275-986014]
    status: {code: 200, message: OK}
- request:
    body: !!python/unicode '{"limit": 2, "name": "TestCopyTree.test_dx_dir_to_dx_dir_same_project.31c7195e",
      "level": "VIEW"}'
    headers:
      Content-Type: [application/json]
      DNAnexus-API: [1.0.0]
      User-Agent: [dxpy/0.267.1 (Darwin-18.0.0-x86_64-i386-64bit)]
    method: POST
    uri: https://api.dnanexus.com/system/findProjects
  response:
    body: {string: !!python/unicode '{"results":[{"id":"project-FPbY91004P31X71F8q6pKGx3","level":"ADMINISTER","permissionSources":["user-akumar_counsyl"],"public":false}],"next":null}'}
    headers:
      connection: [keep-alive]
      content-length: ['147']
      content-type: [application/json; charset=utf-8]
      date: ['Tue, 13 Nov 2018 20:31:01 GMT']
      server: [nginx]
      x-content-type-options: [nosniff]
      x-powered-by: [Express]
      x-request-id: [1542141061431-775133]
    status: {code: 200, message: OK}
- request:
    body: !!python/unicode '{"folder": "/temp_folder", "describe": {"fields": {"folder":
      true, "name": true}}, "only": "folders", "includeHidden": false}'
    headers:
      Content-Type: [application/json]
      DNAnexus-API: [1.0.0]
      User-Agent: [dxpy/0.267.1 (Darwin-18.0.0-x86_64-i386-64bit)]
    method: POST
    uri: https://api.dnanexus.com/project-FPbY91004P31X71F8q6pKGx3/listFolder
  response:
    body: {string: !!python/unicode '{"folders":[]}'}
    headers:
      connection: [keep-alive]
      content-length: ['14']
      content-type: [application/json; charset=utf-8]
      date: ['Tue, 13 Nov 2018 20:31:01 GMT']
      server: [nginx]
      x-content-type-options: [nosniff]
      x-powered-by: [Express]
      x-request-id: [1542141061571-226530]
    status: {code: 200, message: OK}
- request:
    body: !!python/unicode '{"limit": 2, "name": "TestCopyTree.test_dx_dir_to_dx_dir_same_project.31c7195e",
      "level": "VIEW"}'
    headers:
      Content-Type: [application/json]
      DNAnexus-API: [1.0.0]
      User-Agent: [dxpy/0.267.1 (Darwin-18.0.0-x86_64-i386-64bit)]
    method: POST
    uri: https://api.dnanexus.com/system/findProjects
  response:
    body: {string: !!python/unicode '{"results":[{"id":"project-FPbY91004P31X71F8q6pKGx3","level":"ADMINISTER","permissionSources":["user-akumar_counsyl"],"public":false}],"next":null}'}
    headers:
      connection: [keep-alive]
      content-length: ['147']
      content-type: [application/json; charset=utf-8]
      date: ['Tue, 13 Nov 2018 20:31:01 GMT']
      server: [nginx]
      x-content-type-options: [nosniff]
      x-powered-by: [Express]
      x-request-id: [1542141061665-690035]
    status: {code: 200, message: OK}
- request:
    body: !!python/unicode '{"folder": "/new_folder/folder2", "describe": {"fields":
      {"folder": true, "name": true}}, "only": "folders", "includeHidden": false}'
    headers:
      Content-Type: [application/json]
      DNAnexus-API: [1.0.0]
      User-Agent: [dxpy/0.267.1 (Darwin-18.0.0-x86_64-i386-64bit)]
    method: POST
    uri: https://api.dnanexus.com/project-FPbY91004P31X71F8q6pKGx3/listFolder
  response:
    body: {string: !!python/unicode '{"error":{"type":"ResourceNotFound","message":"The
        specified folder could not be found in project-FPbY91004P31X71F8q6pKGx3"}}'}
    headers:
      connection: [keep-alive]
      content-type: [application/json]
      date: ['Tue, 13 Nov 2018 20:31:01 GMT']
      server: [nginx]
      transfer-encoding: [chunked]
      vary: [Accept-Encoding]
      x-content-type-options: [nosniff]
      x-powered-by: [Express]
      x-request-id: [1542141061785-953970]
    status: {code: 404, message: Not Found}
- request:
    body: !!python/unicode '{"limit": 2, "name": "TestCopyTree.test_dx_dir_to_dx_dir_same_project.31c7195e",
      "level": "VIEW"}'
    headers:
      Content-Type: [application/json]
      DNAnexus-API: [1.0.0]
      User-Agent: [dxpy/0.267.1 (Darwin-18.0.0-x86_64-i386-64bit)]
    method: POST
    uri: https://api.dnanexus.com/system/findProjects
  response:
    body: {string: !!python/unicode '{"results":[{"id":"project-FPbY91004P31X71F8q6pKGx3","level":"ADMINISTER","permissionSources":["user-akumar_counsyl"],"public":false}],"next":null}'}
    headers:
      connection: [keep-alive]
      content-length: ['147']
      content-type: [application/json; charset=utf-8]
      date: ['Tue, 13 Nov 2018 20:31:02 GMT']
      server: [nginx]
      x-content-type-options: [nosniff]
      x-powered-by: [Express]
      x-request-id: [1542141062123-629522]
    status: {code: 200, message: OK}
- request:
    body: !!python/unicode '{"folder": "/new_folder", "parents": true}'
    headers:
      Content-Type: [application/json]
      DNAnexus-API: [1.0.0]
      User-Agent: [dxpy/0.267.1 (Darwin-18.0.0-x86_64-i386-64bit)]
    method: POST
    uri: https://api.dnanexus.com/project-FPbY91004P31X71F8q6pKGx3/newFolder
  response:
    body: {string: !!python/unicode '{"id":"project-FPbY91004P31X71F8q6pKGx3"}'}
    headers:
      connection: [keep-alive]
      content-length: ['41']
      content-type: [application/json; charset=utf-8]
      date: ['Tue, 13 Nov 2018 20:31:02 GMT']
      server: [nginx]
      x-content-type-options: [nosniff]
      x-powered-by: [Express]
      x-request-id: [1542141062235-254467]
    status: {code: 200, message: OK}
- request:
    body: !!python/unicode '{"folders": ["/temp_folder"], "destination": "/new_folder"}'
    headers:
      Content-Type: [application/json]
      DNAnexus-API: [1.0.0]
      User-Agent: [dxpy/0.267.1 (Darwin-18.0.0-x86_64-i386-64bit)]
    method: POST
    uri: https://api.dnanexus.com/project-FPbY91004P31X71F8q6pKGx3/move
  response:
    body: {string: !!python/unicode '{"id":"project-FPbY91004P31X71F8q6pKGx3"}'}
    headers:
      connection: [keep-alive]
      content-length: ['41']
      content-type: [application/json; charset=utf-8]
      date: ['Tue, 13 Nov 2018 20:31:02 GMT']
      server: [nginx]
      x-content-type-options: [nosniff]
      x-powered-by: [Express]
      x-request-id: [1542141062358-552845]
    status: {code: 200, message: OK}
- request:
    body: !!python/unicode '{"folder": "/new_folder/temp_folder", "name": "folder2"}'
    headers:
      Content-Type: [application/json]
      DNAnexus-API: [1.0.0]
      User-Agent: [dxpy/0.267.1 (Darwin-18.0.0-x86_64-i386-64bit)]
    method: POST
    uri: https://api.dnanexus.com/project-FPbY91004P31X71F8q6pKGx3/renameFolder
  response:
    body: {string: !!python/unicode '{"id":"project-FPbY91004P31X71F8q6pKGx3"}'}
    headers:
      connection: [keep-alive]
      content-length: ['41']
      content-type: [application/json; charset=utf-8]
      date: ['Tue, 13 Nov 2018 20:31:02 GMT']
      server: [nginx]
      x-content-type-options: [nosniff]
      x-powered-by: [Express]
      x-request-id: [1542141062483-539312]
    status: {code: 200, message: OK}
- request:
    body: !!python/unicode '{"limit": 2, "name": "TestCopyTree.test_dx_dir_to_dx_dir_same_project.31c7195e",
      "level": "VIEW"}'
    headers:
      Content-Type: [application/json]
      DNAnexus-API: [1.0.0]
      User-Agent: [dxpy/0.267.1 (Darwin-18.0.0-x86_64-i386-64bit)]
    method: POST
    uri: https://api.dnanexus.com/system/findProjects
  response:
    body: {string: !!python/unicode '{"results":[{"id":"project-FPbY91004P31X71F8q6pKGx3","level":"ADMINISTER","permissionSources":["user-akumar_counsyl"],"public":false}],"next":null}'}
    headers:
      connection: [keep-alive]
      content-length: ['147']
      content-type: [application/json; charset=utf-8]
      date: ['Tue, 13 Nov 2018 20:31:02 GMT']
      server: [nginx]
      x-content-type-options: [nosniff]
      x-powered-by: [Express]
      x-request-id: [1542141062614-717215]
    status: {code: 200, message: OK}
- request:
    body: !!python/unicode '{"folder": "/new_folder/folder2", "describe": {"fields":
      {"folder": true, "name": true}}, "only": "folders", "includeHidden": false}'
    headers:
      Content-Type: [application/json]
      DNAnexus-API: [1.0.0]
      User-Agent: [dxpy/0.267.1 (Darwin-18.0.0-x86_64-i386-64bit)]
    method: POST
    uri: https://api.dnanexus.com/project-FPbY91004P31X71F8q6pKGx3/listFolder
  response:
    body: {string: !!python/unicode '{"folders":[]}'}
    headers:
      connection: [keep-alive]
      content-length: ['14']
      content-type: [application/json; charset=utf-8]
      date: ['Tue, 13 Nov 2018 20:31:02 GMT']
      server: [nginx]
      x-content-type-options: [nosniff]
      x-powered-by: [Express]
      x-request-id: [1542141062729-448751]
    status: {code: 200, message: OK}
- request:
    body: !!python/unicode '{"limit": 2, "name": "TestCopyTree.test_dx_dir_to_dx_dir_same_project.31c7195e",
      "level": "VIEW"}'
    headers:
      Content-Type: [application/json]
      DNAnexus-API: [1.0.0]
      User-Agent: [dxpy/0.267.1 (Darwin-18.0.0-x86_64-i386-64bit)]
    method: POST
    uri: https://api.dnanexus.com/system/findProjects
  response:
    body: {string: !!python/unicode '{"results":[{"id":"project-FPbY91004P31X71F8q6pKGx3","level":"ADMINISTER","permissionSources":["user-akumar_counsyl"],"public":false}],"next":null}'}
    headers:
      connection: [keep-alive]
      content-length: ['147']
      content-type: [application/json; charset=utf-8]
      date: ['Tue, 13 Nov 2018 20:31:02 GMT']
      server: [nginx]
      x-content-type-options: [nosniff]
      x-powered-by: [Express]
      x-request-id: [1542141062833-177411]
    status: {code: 200, message: OK}
- request:
    body: !!python/unicode '{"objects": [{"project": "project-FPbY91004P31X71F8q6pKGx3",
      "folder": "/new_folder/folder2", "name": "folder_file", "batchsize": 2}]}'
    headers:
      Content-Type: [application/json]
      DNAnexus-API: [1.0.0]
      User-Agent: [dxpy/0.267.1 (Darwin-18.0.0-x86_64-i386-64bit)]
    method: POST
    uri: https://api.dnanexus.com/system/resolveDataObjects
  response:
    body: {string: !!python/unicode '{"results":[[{"project":"project-FPbY91004P31X71F8q6pKGx3","id":"file-FPbY91004P39GXBB2vpY85K6"}]]}'}
    headers:
      connection: [keep-alive]
      content-length: ['99']
      content-type: [application/json; charset=utf-8]
      date: ['Tue, 13 Nov 2018 20:31:02 GMT']
      server: [nginx]
      x-content-type-options: [nosniff]
      x-powered-by: [Express]
      x-request-id: [1542141062970-380558]
    status: {code: 200, message: OK}
- request:
    body: !!python/unicode '{"project": "project-FPbY91004P31X71F8q6pKGx3"}'
    headers:
      Content-Type: [application/json]
      DNAnexus-API: [1.0.0]
      User-Agent: [dxpy/0.267.1 (Darwin-18.0.0-x86_64-i386-64bit)]
    method: POST
    uri: https://api.dnanexus.com/file-FPbY91004P39GXBB2vpY85K6/describe
  response:
    body: {string: !!python/unicode '{"id":"file-FPbY91004P39GXBB2vpY85K6","project":"project-FPbY91004P31X71F8q6pKGx3","class":"file","sponsored":false,"name":"folder_file","types":[],"state":"closed","hidden":false,"links":[],"folder":"/new_folder/folder2","tags":[],"created":1542141060000,"modified":1542141061724,"createdBy":{"user":"user-akumar_counsyl"},"media":"text/plain","archivalState":"live","size":5}'}
    headers:
      connection: [keep-alive]
      content-length: ['377']
      content-type: [application/json; charset=utf-8]
      date: ['Tue, 13 Nov 2018 20:31:03 GMT']
      server: [nginx]
      x-content-type-options: [nosniff]
      x-powered-by: [Express]
      x-request-id: [1542141063062-125694]
    status: {code: 200, message: OK}
- request:
    body: !!python/unicode '{}'
    headers:
      Content-Type: [application/json]
      DNAnexus-API: [1.0.0]
      User-Agent: [dxpy/0.267.1 (Darwin-18.0.0-x86_64-i386-64bit)]
    method: POST
    uri: https://api.dnanexus.com/project-FPbY91004P31X71F8q6pKGx3/destroy
  response:
    body: {string: !!python/unicode '{"id":"project-FPbY91004P31X71F8q6pKGx3"}'}
    headers:
      connection: [keep-alive]
      content-length: ['41']
      content-type: [application/json; charset=utf-8]
      date: ['Tue, 13 Nov 2018 20:31:05 GMT']
      server: [nginx]
      x-content-type-options: [nosniff]
      x-powered-by: [Express]
      x-request-id: [1542141063157-959194]
    status: {code: 200, message: OK}
version: 1
