interactions:
- request:
    body: !!python/unicode '{"name": "TestCopyTree.test_dx_dir_to_dx_root_same_project.d811c5c1"}'
    headers:
      Content-Type: [application/json]
      DNAnexus-API: [1.0.0]
      User-Agent: [dxpy/0.267.0 (Darwin-18.0.0-x86_64-i386-64bit)]
    method: POST
    uri: https://api.dnanexus.com/project/new
  response:
    body: {string: !!python/unicode '{"id":"project-FP9k8700Px1Pvv365P3k8Zvp"}'}
    headers:
      connection: [keep-alive]
      content-length: ['41']
      content-type: [application/json; charset=utf-8]
      date: ['Fri, 26 Oct 2018 22:24:28 GMT']
      server: [nginx]
      x-content-type-options: [nosniff]
      x-powered-by: [Express]
      x-request-id: [1540592668665-968728]
    status: {code: 200, message: OK}
- request:
    body: !!python/unicode '{}'
    headers:
      Content-Type: [application/json]
      DNAnexus-API: [1.0.0]
      User-Agent: [dxpy/0.267.0 (Darwin-18.0.0-x86_64-i386-64bit)]
    method: POST
    uri: https://api.dnanexus.com/project-FP9k8700Px1Pvv365P3k8Zvp/describe
  response:
    body: {string: !!python/unicode '{"id":"project-FP9k8700Px1Pvv365P3k8Zvp","name":"TestCopyTree.test_dx_dir_to_dx_root_same_project.d811c5c1","class":"project","created":1540592668000,"modified":1540592668000,"billTo":"org-counsyl","level":"ADMINISTER","dataUsage":0,"sponsoredDataUsage":0,"region":"aws:us-east-1","summary":"","description":"","protected":false,"restricted":false,"downloadRestricted":false,"containsPHI":false,"createdBy":{"user":"user-akumar_counsyl"},"version":0,"storageCost":0,"pendingTransfer":null,"tags":[],"defaultInstanceType":"mem2_hdd2_x2","archivalState":"live","archivalProgress":null,"totalSponsoredEgressBytes":0,"consumedSponsoredEgressBytes":0,"atSpendingLimit":false}'}
    headers:
      connection: [keep-alive]
      content-length: ['670']
      content-type: [application/json; charset=utf-8]
      date: ['Fri, 26 Oct 2018 22:24:28 GMT']
      server: [nginx]
      x-content-type-options: [nosniff]
      x-powered-by: [Express]
      x-request-id: [1540592668800-145586]
    status: {code: 200, message: OK}
- request:
    body: !!python/unicode '{"parents": true, "folder": "/temp_folder/another_folder"}'
    headers:
      Content-Type: [application/json]
      DNAnexus-API: [1.0.0]
      User-Agent: [dxpy/0.267.0 (Darwin-18.0.0-x86_64-i386-64bit)]
    method: POST
    uri: https://api.dnanexus.com/project-FP9k8700Px1Pvv365P3k8Zvp/newFolder
  response:
    body: {string: !!python/unicode '{"id":"project-FP9k8700Px1Pvv365P3k8Zvp"}'}
    headers:
      connection: [keep-alive]
      content-length: ['41']
      content-type: [application/json; charset=utf-8]
      date: ['Fri, 26 Oct 2018 22:24:29 GMT']
      server: [nginx]
      x-content-type-options: [nosniff]
      x-powered-by: [Express]
      x-request-id: [1540592668993-770181]
    status: {code: 200, message: OK}
- request:
    body: !!python/unicode '{"name": "temp_file.txt", "project": "project-FP9k8700Px1Pvv365P3k8Zvp",
      "folder": "/temp_folder/another_folder", "nonce": "9bfe30a6b9c739c68e3ebbb4f13f91e03435a7d0fb7c936f721c15ea676b406b1540592669.074498"}'
    headers:
      Content-Type: [application/json]
      DNAnexus-API: [1.0.0]
      User-Agent: [dxpy/0.267.0 (Darwin-18.0.0-x86_64-i386-64bit)]
    method: POST
    uri: https://api.dnanexus.com/file/new
  response:
    body: {string: !!python/unicode '{"id":"file-FP9k8780Px15vgj6Jkpx4b1x"}'}
    headers:
      connection: [keep-alive]
      content-length: ['38']
      content-type: [application/json; charset=utf-8]
      date: ['Fri, 26 Oct 2018 22:24:29 GMT']
      server: [nginx]
      x-content-type-options: [nosniff]
      x-powered-by: [Express]
      x-request-id: [1540592669118-464113]
    status: {code: 200, message: OK}
- request:
    body: !!python/unicode '{"fields": {"fileUploadParameters": true}}'
    headers:
      Content-Type: [application/json]
      DNAnexus-API: [1.0.0]
      User-Agent: [dxpy/0.267.0 (Darwin-18.0.0-x86_64-i386-64bit)]
    method: POST
    uri: https://api.dnanexus.com/project-FP9k8700Px1Pvv365P3k8Zvp/describe
  response:
    body: {string: !!python/unicode '{"id":"project-FP9k8700Px1Pvv365P3k8Zvp","fileUploadParameters":{"maximumPartSize":5368709120,"minimumPartSize":5242880,"maximumFileSize":5497558138880,"maximumNumParts":10000,"emptyLastPartAllowed":true}}'}
    headers:
      connection: [keep-alive]
      content-length: ['205']
      content-type: [application/json; charset=utf-8]
      date: ['Fri, 26 Oct 2018 22:24:29 GMT']
      server: [nginx]
      x-content-type-options: [nosniff]
      x-powered-by: [Express]
      x-request-id: [1540592669332-419812]
    status: {code: 200, message: OK}
- request:
    body: !!python/unicode '{"size": 5, "md5": "73dfff57fe24e807bd4fb1bc4e07cd73",
      "index": 1}'
    headers:
      Content-Type: [application/json]
      DNAnexus-API: [1.0.0]
      User-Agent: [dxpy/0.267.0 (Darwin-18.0.0-x86_64-i386-64bit)]
    method: POST
    uri: https://api.dnanexus.com/file-FP9k8780Px15vgj6Jkpx4b1x/upload
  response:
    body: {string: !!python/unicode '{"url":"https://dnanexus-platform-upload-prod.s3.amazonaws.com/filev2/1014/file/open/file-FP9k8780Px15vgj6Jkpx4b1x/1?X-Amz-Algorithm=AWS4-HMAC-SHA256&X-Amz-Credential=AKIAJDCC37XBLBSWJBVQ%2F20181026%2Fus-east-1%2Fs3%2Faws4_request&X-Amz-Date=20181026T222429Z&X-Amz-Expires=120&X-Amz-SignedHeaders=content-length%3Bcontent-md5%3Bcontent-type%3Bhost%3Bx-amz-server-side-encryption&X-Amz-Signature=cea1e9b63dca2eb7775c65009898c65077445ae898fc201a1ca636895e29472b","headers":{"host":"dnanexus-platform-upload-prod.s3.amazonaws.com","content-type":"binary/octet-stream","x-amz-server-side-encryption":"AES256","content-md5":"c9//V/4k6Ae9T7G8TgfNcw==","content-length":"5"},"expires":1540592789534}'}
    headers:
      connection: [keep-alive]
      content-length: ['692']
      content-type: [application/json; charset=utf-8]
      date: ['Fri, 26 Oct 2018 22:24:29 GMT']
      server: [nginx]
      x-content-type-options: [nosniff]
      x-powered-by: [Express]
      x-request-id: [1540592669503-441128]
    status: {code: 200, message: OK}
- request:
    body: !!python/unicode data0
    headers:
      DNAnexus-API: [1.0.0]
      User-Agent: [dxpy/0.267.0 (Darwin-18.0.0-x86_64-i386-64bit)]
      content-length: ['5']
      content-md5: [c9//V/4k6Ae9T7G8TgfNcw==]
      content-type: [binary/octet-stream]
      host: [dnanexus-platform-upload-prod.s3.amazonaws.com]
      x-amz-server-side-encryption: [AES256]
    method: PUT
    uri: https://dnanexus-platform-upload-prod.s3.amazonaws.com/filev2/1014/file/open/file-FP9k8780Px15vgj6Jkpx4b1x/1?X-Amz-Algorithm=AWS4-HMAC-SHA256&X-Amz-Credential=AKIAJDCC37XBLBSWJBVQ%2F20181026%2Fus-east-1%2Fs3%2Faws4_request&X-Amz-Date=20181026T222429Z&X-Amz-Expires=120&X-Amz-SignedHeaders=content-length%3Bcontent-md5%3Bcontent-type%3Bhost%3Bx-amz-server-side-encryption&X-Amz-Signature=cea1e9b63dca2eb7775c65009898c65077445ae898fc201a1ca636895e29472b
  response:
    body: {string: !!python/unicode ''}
    headers:
      content-length: ['0']
      date: ['Fri, 26 Oct 2018 22:24:30 GMT']
      etag: ['"73dfff57fe24e807bd4fb1bc4e07cd73"']
      server: [AmazonS3]
      x-amz-expiration: ['expiry-date="Sat, 17 Nov 2018 00:00:00 GMT", rule-id="3weekpurge"']
      x-amz-id-2: [0nUXWmfAMhGSq/Hu9/nqJZ0VtUkDD4hA1Wlac0ol2jcJ4jfsLnq9jn5hy278eI4tRMxmc5ASpJs=]
      x-amz-request-id: [9BCEC8A843828672]
      x-amz-server-side-encryption: [AES256]
    status: {code: 200, message: OK}
- request:
    body: !!python/unicode '{"project": "project-FP9k8700Px1Pvv365P3k8Zvp", "fields":
      {"state": true}}'
    headers:
      Content-Type: [application/json]
      DNAnexus-API: [1.0.0]
      User-Agent: [dxpy/0.267.0 (Darwin-18.0.0-x86_64-i386-64bit)]
    method: POST
    uri: https://api.dnanexus.com/file-FP9k8780Px15vgj6Jkpx4b1x/describe
  response:
    body: {string: !!python/unicode '{"id":"file-FP9k8780Px15vgj6Jkpx4b1x","state":"open"}'}
    headers:
      connection: [keep-alive]
      content-length: ['53']
      content-type: [application/json; charset=utf-8]
      date: ['Fri, 26 Oct 2018 22:24:30 GMT']
      server: [nginx]
      x-content-type-options: [nosniff]
      x-powered-by: [Express]
      x-request-id: [1540592670216-445197]
    status: {code: 200, message: OK}
- request:
    body: !!python/unicode '{}'
    headers:
      Content-Type: [application/json]
      DNAnexus-API: [1.0.0]
      User-Agent: [dxpy/0.267.0 (Darwin-18.0.0-x86_64-i386-64bit)]
    method: POST
    uri: https://api.dnanexus.com/file-FP9k8780Px15vgj6Jkpx4b1x/close
  response:
    body: {string: !!python/unicode '{"id":"file-FP9k8780Px15vgj6Jkpx4b1x"}'}
    headers:
      connection: [keep-alive]
      content-length: ['38']
      content-type: [application/json; charset=utf-8]
      date: ['Fri, 26 Oct 2018 22:24:30 GMT']
      server: [nginx]
      x-content-type-options: [nosniff]
      x-powered-by: [Express]
      x-request-id: [1540592670332-326335]
    status: {code: 200, message: OK}
- request:
    body: !!python/unicode '{"limit": 2, "name": "TestCopyTree.test_dx_dir_to_dx_root_same_project.d811c5c1",
      "level": "VIEW"}'
    headers:
      Content-Type: [application/json]
      DNAnexus-API: [1.0.0]
      User-Agent: [dxpy/0.267.0 (Darwin-18.0.0-x86_64-i386-64bit)]
    method: POST
    uri: https://api.dnanexus.com/system/findProjects
  response:
    body: {string: !!python/unicode '{"results":[{"id":"project-FP9k8700Px1Pvv365P3k8Zvp","level":"ADMINISTER","permissionSources":["user-akumar_counsyl"],"public":false}],"next":null}'}
    headers:
      connection: [keep-alive]
      content-length: ['147']
      content-type: [application/json; charset=utf-8]
      date: ['Fri, 26 Oct 2018 22:24:30 GMT']
      server: [nginx]
      x-content-type-options: [nosniff]
      x-powered-by: [Express]
      x-request-id: [1540592670460-520416]
    status: {code: 200, message: OK}
- request:
    body: !!python/unicode '{"includeHidden": false, "only": "folders", "folder":
      "/temp_folder/another_folder", "describe": {"fields": {"name": true, "folder":
      true}}}'
    headers:
      Content-Type: [application/json]
      DNAnexus-API: [1.0.0]
      User-Agent: [dxpy/0.267.0 (Darwin-18.0.0-x86_64-i386-64bit)]
    method: POST
    uri: https://api.dnanexus.com/project-FP9k8700Px1Pvv365P3k8Zvp/listFolder
  response:
    body: {string: !!python/unicode '{"folders":[]}'}
    headers:
      connection: [keep-alive]
      content-length: ['14']
      content-type: [application/json; charset=utf-8]
      date: ['Fri, 26 Oct 2018 22:24:30 GMT']
      server: [nginx]
      x-content-type-options: [nosniff]
      x-powered-by: [Express]
      x-request-id: [1540592670600-543589]
    status: {code: 200, message: OK}
- request:
    body: !!python/unicode '{"limit": 2, "name": "TestCopyTree.test_dx_dir_to_dx_root_same_project.d811c5c1",
      "level": "VIEW"}'
    headers:
      Content-Type: [application/json]
      DNAnexus-API: [1.0.0]
      User-Agent: [dxpy/0.267.0 (Darwin-18.0.0-x86_64-i386-64bit)]
    method: POST
    uri: https://api.dnanexus.com/system/findProjects
  response:
    body: {string: !!python/unicode '{"results":[{"id":"project-FP9k8700Px1Pvv365P3k8Zvp","level":"ADMINISTER","permissionSources":["user-akumar_counsyl"],"public":false}],"next":null}'}
    headers:
      connection: [keep-alive]
      content-length: ['147']
      content-type: [application/json; charset=utf-8]
      date: ['Fri, 26 Oct 2018 22:24:30 GMT']
      server: [nginx]
      x-content-type-options: [nosniff]
      x-powered-by: [Express]
      x-request-id: [1540592670712-826545]
    status: {code: 200, message: OK}
- request:
    body: !!python/unicode '{"limit": 2, "name": "TestCopyTree.test_dx_dir_to_dx_root_same_project.d811c5c1",
      "level": "VIEW"}'
    headers:
      Content-Type: [application/json]
      DNAnexus-API: [1.0.0]
      User-Agent: [dxpy/0.267.0 (Darwin-18.0.0-x86_64-i386-64bit)]
    method: POST
    uri: https://api.dnanexus.com/system/findProjects
  response:
    body: {string: !!python/unicode '{"results":[{"id":"project-FP9k8700Px1Pvv365P3k8Zvp","level":"ADMINISTER","permissionSources":["user-akumar_counsyl"],"public":false}],"next":null}'}
    headers:
      connection: [keep-alive]
      content-length: ['147']
      content-type: [application/json; charset=utf-8]
      date: ['Fri, 26 Oct 2018 22:24:30 GMT']
      server: [nginx]
      x-content-type-options: [nosniff]
      x-powered-by: [Express]
      x-request-id: [1540592670861-584427]
    status: {code: 200, message: OK}
- request:
    body: !!python/unicode '{}'
    headers:
      Content-Type: [application/json]
      DNAnexus-API: [1.0.0]
      User-Agent: [dxpy/0.267.0 (Darwin-18.0.0-x86_64-i386-64bit)]
    method: POST
    uri: https://api.dnanexus.com/project-FP9k8700Px1Pvv365P3k8Zvp/describe
  response:
    body: {string: !!python/unicode '{"id":"project-FP9k8700Px1Pvv365P3k8Zvp","name":"TestCopyTree.test_dx_dir_to_dx_root_same_project.d811c5c1","class":"project","created":1540592668000,"modified":1540592670849,"billTo":"org-counsyl","level":"ADMINISTER","dataUsage":4.6566128730773926e-9,"sponsoredDataUsage":0,"region":"aws:us-east-1","summary":"","description":"","protected":false,"restricted":false,"downloadRestricted":false,"containsPHI":false,"createdBy":{"user":"user-akumar_counsyl"},"version":0,"storageCost":1.0244548320770262e-10,"pendingTransfer":null,"tags":[],"defaultInstanceType":"mem2_hdd2_x2","archivalState":"live","archivalProgress":null,"totalSponsoredEgressBytes":0,"consumedSponsoredEgressBytes":0,"atSpendingLimit":false}'}
    headers:
      connection: [keep-alive]
      content-length: ['711']
      content-type: [application/json; charset=utf-8]
      date: ['Fri, 26 Oct 2018 22:24:31 GMT']
      server: [nginx]
      x-content-type-options: [nosniff]
      x-powered-by: [Express]
      x-request-id: [1540592670999-368754]
    status: {code: 200, message: OK}
- request:
    body: !!python/unicode '{"limit": 2, "name": "TestCopyTree.test_dx_dir_to_dx_root_same_project.d811c5c1",
      "level": "VIEW"}'
    headers:
      Content-Type: [application/json]
      DNAnexus-API: [1.0.0]
      User-Agent: [dxpy/0.267.0 (Darwin-18.0.0-x86_64-i386-64bit)]
    method: POST
    uri: https://api.dnanexus.com/system/findProjects
  response:
    body: {string: !!python/unicode '{"results":[{"id":"project-FP9k8700Px1Pvv365P3k8Zvp","level":"ADMINISTER","permissionSources":["user-akumar_counsyl"],"public":false}],"next":null}'}
    headers:
      connection: [keep-alive]
      content-length: ['147']
      content-type: [application/json; charset=utf-8]
      date: ['Fri, 26 Oct 2018 22:24:31 GMT']
      server: [nginx]
      x-content-type-options: [nosniff]
      x-powered-by: [Express]
      x-request-id: [1540592671117-903456]
    status: {code: 200, message: OK}
- request:
    body: !!python/unicode '{"includeHidden": false, "only": "folders", "folder":
      "/another_folder", "describe": {"fields": {"name": true, "folder": true}}}'
    headers:
      Content-Type: [application/json]
      DNAnexus-API: [1.0.0]
      User-Agent: [dxpy/0.267.0 (Darwin-18.0.0-x86_64-i386-64bit)]
    method: POST
    uri: https://api.dnanexus.com/project-FP9k8700Px1Pvv365P3k8Zvp/listFolder
  response:
    body: {string: !!python/unicode '{"error":{"type":"ResourceNotFound","message":"The
        specified folder could not be found in project-FP9k8700Px1Pvv365P3k8Zvp"}}'}
    headers:
      connection: [keep-alive]
      content-type: [application/json]
      date: ['Fri, 26 Oct 2018 22:24:31 GMT']
      server: [nginx]
      transfer-encoding: [chunked]
      vary: [Accept-Encoding]
      x-content-type-options: [nosniff]
      x-powered-by: [Express]
      x-request-id: [1540592671294-71535]
    status: {code: 404, message: Not Found}
- request:
    body: !!python/unicode '{"folders": ["/temp_folder/another_folder"], "destination":
      "/"}'
    headers:
      Content-Type: [application/json]
      DNAnexus-API: [1.0.0]
      User-Agent: [dxpy/0.267.0 (Darwin-18.0.0-x86_64-i386-64bit)]
    method: POST
    uri: https://api.dnanexus.com/project-FP9k8700Px1Pvv365P3k8Zvp/move
  response:
    body: {string: !!python/unicode '{"id":"project-FP9k8700Px1Pvv365P3k8Zvp"}'}
    headers:
      connection: [keep-alive]
      content-length: ['41']
      content-type: [application/json; charset=utf-8]
      date: ['Fri, 26 Oct 2018 22:24:31 GMT']
      server: [nginx]
      x-content-type-options: [nosniff]
      x-powered-by: [Express]
      x-request-id: [1540592671692-630675]
    status: {code: 200, message: OK}
- request:
    body: !!python/unicode '{"limit": 2, "name": "TestCopyTree.test_dx_dir_to_dx_root_same_project.d811c5c1",
      "level": "VIEW"}'
    headers:
      Content-Type: [application/json]
      DNAnexus-API: [1.0.0]
      User-Agent: [dxpy/0.267.0 (Darwin-18.0.0-x86_64-i386-64bit)]
    method: POST
    uri: https://api.dnanexus.com/system/findProjects
  response:
    body: {string: !!python/unicode '{"results":[{"id":"project-FP9k8700Px1Pvv365P3k8Zvp","level":"ADMINISTER","permissionSources":["user-akumar_counsyl"],"public":false}],"next":null}'}
    headers:
      connection: [keep-alive]
      content-length: ['147']
      content-type: [application/json; charset=utf-8]
      date: ['Fri, 26 Oct 2018 22:24:31 GMT']
      server: [nginx]
      x-content-type-options: [nosniff]
      x-powered-by: [Express]
      x-request-id: [1540592671834-118320]
    status: {code: 200, message: OK}
- request:
    body: !!python/unicode '{"objects": [{"name": "temp_file.txt", "project": "project-FP9k8700Px1Pvv365P3k8Zvp",
      "batchsize": 2, "folder": "/another_folder"}]}'
    headers:
      Content-Type: [application/json]
      DNAnexus-API: [1.0.0]
      User-Agent: [dxpy/0.267.0 (Darwin-18.0.0-x86_64-i386-64bit)]
    method: POST
    uri: https://api.dnanexus.com/system/resolveDataObjects
  response:
    body: {string: !!python/unicode '{"results":[[{"project":"project-FP9k8700Px1Pvv365P3k8Zvp","id":"file-FP9k8780Px15vgj6Jkpx4b1x"}]]}'}
    headers:
      connection: [keep-alive]
      content-length: ['99']
      content-type: [application/json; charset=utf-8]
      date: ['Fri, 26 Oct 2018 22:24:31 GMT']
      server: [nginx]
      x-content-type-options: [nosniff]
      x-powered-by: [Express]
      x-request-id: [1540592671967-289199]
    status: {code: 200, message: OK}
- request:
    body: !!python/unicode '{"project": "project-FP9k8700Px1Pvv365P3k8Zvp"}'
    headers:
      Content-Type: [application/json]
      DNAnexus-API: [1.0.0]
      User-Agent: [dxpy/0.267.0 (Darwin-18.0.0-x86_64-i386-64bit)]
    method: POST
    uri: https://api.dnanexus.com/file-FP9k8780Px15vgj6Jkpx4b1x/describe
  response:
    body: {string: !!python/unicode '{"id":"file-FP9k8780Px15vgj6Jkpx4b1x","project":"project-FP9k8700Px1Pvv365P3k8Zvp","class":"file","sponsored":false,"name":"temp_file.txt","types":[],"state":"closed","hidden":false,"links":[],"folder":"/another_folder","tags":[],"created":1540592669000,"modified":1540592670849,"createdBy":{"user":"user-akumar_counsyl"},"media":"text/plain","archivalState":"live","size":5}'}
    headers:
      connection: [keep-alive]
      content-length: ['375']
      content-type: [application/json; charset=utf-8]
      date: ['Fri, 26 Oct 2018 22:24:32 GMT']
      server: [nginx]
      x-content-type-options: [nosniff]
      x-powered-by: [Express]
      x-request-id: [1540592672076-577916]
    status: {code: 200, message: OK}
- request:
    body: !!python/unicode '{}'
    headers:
      Content-Type: [application/json]
      DNAnexus-API: [1.0.0]
      User-Agent: [dxpy/0.267.0 (Darwin-18.0.0-x86_64-i386-64bit)]
    method: POST
    uri: https://api.dnanexus.com/project-FP9k8700Px1Pvv365P3k8Zvp/destroy
  response:
    body: {string: !!python/unicode '{"id":"project-FP9k8700Px1Pvv365P3k8Zvp"}'}
    headers:
      connection: [keep-alive]
      content-length: ['41']
      content-type: [application/json; charset=utf-8]
      date: ['Fri, 26 Oct 2018 22:24:34 GMT']
      server: [nginx]
      x-content-type-options: [nosniff]
      x-powered-by: [Express]
      x-request-id: [1540592672186-47136]
    status: {code: 200, message: OK}
version: 1
