interactions:
- request:
    body: !!python/unicode '{"name": "TestExists.test_true_file.189ad350"}'
    headers:
      Content-Type: [application/json]
      DNAnexus-API: [1.0.0]
      User-Agent: [dxpy/0.267.0 (Darwin-18.0.0-x86_64-i386-64bit)]
    method: POST
    uri: https://api.dnanexus.com/project/new
  response:
    body: {string: !!python/unicode '{"id":"project-FP9k4380k0Pf8GXkJpbYfZy1"}'}
    headers:
      connection: [keep-alive]
      content-length: ['41']
      content-type: [application/json; charset=utf-8]
      date: ['Fri, 26 Oct 2018 22:15:42 GMT']
      server: [nginx]
      x-content-type-options: [nosniff]
      x-powered-by: [Express]
      x-request-id: [1540592141973-469554]
    status: {code: 200, message: OK}
- request:
    body: !!python/unicode '{}'
    headers:
      Content-Type: [application/json]
      DNAnexus-API: [1.0.0]
      User-Agent: [dxpy/0.267.0 (Darwin-18.0.0-x86_64-i386-64bit)]
    method: POST
    uri: https://api.dnanexus.com/project-FP9k4380k0Pf8GXkJpbYfZy1/describe
  response:
    body: {string: !!python/unicode '{"id":"project-FP9k4380k0Pf8GXkJpbYfZy1","name":"TestExists.test_true_file.189ad350","class":"project","created":1540592141000,"modified":1540592141000,"billTo":"org-counsyl","level":"ADMINISTER","dataUsage":0,"sponsoredDataUsage":0,"region":"aws:us-east-1","summary":"","description":"","protected":false,"restricted":false,"downloadRestricted":false,"containsPHI":false,"createdBy":{"user":"user-akumar_counsyl"},"version":0,"storageCost":0,"pendingTransfer":null,"tags":[],"defaultInstanceType":"mem2_hdd2_x2","archivalState":"live","archivalProgress":null,"totalSponsoredEgressBytes":0,"consumedSponsoredEgressBytes":0,"atSpendingLimit":false}'}
    headers:
      connection: [keep-alive]
      content-length: ['647']
      content-type: [application/json; charset=utf-8]
      date: ['Fri, 26 Oct 2018 22:15:42 GMT']
      server: [nginx]
      x-content-type-options: [nosniff]
      x-powered-by: [Express]
      x-request-id: [1540592142143-588872]
    status: {code: 200, message: OK}
- request:
    body: !!python/unicode '{"parents": true, "folder": "/temp_folder"}'
    headers:
      Content-Type: [application/json]
      DNAnexus-API: [1.0.0]
      User-Agent: [dxpy/0.267.0 (Darwin-18.0.0-x86_64-i386-64bit)]
    method: POST
    uri: https://api.dnanexus.com/project-FP9k4380k0Pf8GXkJpbYfZy1/newFolder
  response:
    body: {string: !!python/unicode '{"id":"project-FP9k4380k0Pf8GXkJpbYfZy1"}'}
    headers:
      connection: [keep-alive]
      content-length: ['41']
      content-type: [application/json; charset=utf-8]
      date: ['Fri, 26 Oct 2018 22:15:42 GMT']
      server: [nginx]
      x-content-type-options: [nosniff]
      x-powered-by: [Express]
      x-request-id: [1540592142385-353395]
    status: {code: 200, message: OK}
- request:
    body: !!python/unicode '{"name": "folder_file.txt", "project": "project-FP9k4380k0Pf8GXkJpbYfZy1",
      "folder": "/temp_folder", "nonce": "935acbd06b95bb7abab4c2725ae7c7513b44100d980c4c459e2209011e89380f1540592142.511492"}'
    headers:
      Content-Type: [application/json]
      DNAnexus-API: [1.0.0]
      User-Agent: [dxpy/0.267.0 (Darwin-18.0.0-x86_64-i386-64bit)]
    method: POST
    uri: https://api.dnanexus.com/file/new
  response:
    body: {string: !!python/unicode '{"id":"file-FP9k43Q0k0PqPYg95F286zBz"}'}
    headers:
      connection: [keep-alive]
      content-length: ['38']
      content-type: [application/json; charset=utf-8]
      date: ['Fri, 26 Oct 2018 22:15:42 GMT']
      server: [nginx]
      x-content-type-options: [nosniff]
      x-powered-by: [Express]
      x-request-id: [1540592142568-80986]
    status: {code: 200, message: OK}
- request:
    body: !!python/unicode '{"fields": {"fileUploadParameters": true}}'
    headers:
      Content-Type: [application/json]
      DNAnexus-API: [1.0.0]
      User-Agent: [dxpy/0.267.0 (Darwin-18.0.0-x86_64-i386-64bit)]
    method: POST
    uri: https://api.dnanexus.com/project-FP9k4380k0Pf8GXkJpbYfZy1/describe
  response:
    body: {string: !!python/unicode '{"id":"project-FP9k4380k0Pf8GXkJpbYfZy1","fileUploadParameters":{"maximumPartSize":5368709120,"minimumPartSize":5242880,"maximumFileSize":5497558138880,"maximumNumParts":10000,"emptyLastPartAllowed":true}}'}
    headers:
      connection: [keep-alive]
      content-length: ['205']
      content-type: [application/json; charset=utf-8]
      date: ['Fri, 26 Oct 2018 22:15:42 GMT']
      server: [nginx]
      x-content-type-options: [nosniff]
      x-powered-by: [Express]
      x-request-id: [1540592142815-804627]
    status: {code: 200, message: OK}
- request:
    body: !!python/unicode '{"size": 5, "md5": "73dfff57fe24e807bd4fb1bc4e07cd73",
      "index": 1}'
    headers:
      Content-Type: [application/json]
      DNAnexus-API: [1.0.0]
      User-Agent: [dxpy/0.267.0 (Darwin-18.0.0-x86_64-i386-64bit)]
    method: POST
    uri: https://api.dnanexus.com/file-FP9k43Q0k0PqPYg95F286zBz/upload
  response:
    body: {string: !!python/unicode '{"url":"https://dnanexus-platform-upload-prod.s3.amazonaws.com/filev2/8afd/file/open/file-FP9k43Q0k0PqPYg95F286zBz/1?X-Amz-Algorithm=AWS4-HMAC-SHA256&X-Amz-Credential=AKIAJDCC37XBLBSWJBVQ%2F20181026%2Fus-east-1%2Fs3%2Faws4_request&X-Amz-Date=20181026T221542Z&X-Amz-Expires=120&X-Amz-SignedHeaders=content-length%3Bcontent-md5%3Bcontent-type%3Bhost%3Bx-amz-server-side-encryption&X-Amz-Signature=df7ce4c619db5a31d2b6388988869c8e319dd59e82d69f76038f06db0e04f887","headers":{"host":"dnanexus-platform-upload-prod.s3.amazonaws.com","content-type":"binary/octet-stream","x-amz-server-side-encryption":"AES256","content-md5":"c9//V/4k6Ae9T7G8TgfNcw==","content-length":"5"},"expires":1540592262991}'}
    headers:
      connection: [keep-alive]
      content-length: ['692']
      content-type: [application/json; charset=utf-8]
      date: ['Fri, 26 Oct 2018 22:15:43 GMT']
      server: [nginx]
      x-content-type-options: [nosniff]
      x-powered-by: [Express]
      x-request-id: [1540592142941-504771]
    status: {code: 200, message: OK}
- request:
    body: !!python/unicode data0
    headers:
      DNAnexus-API: [1.0.0]
      User-Agent: [dxpy/0.267.0 (Darwin-18.0.0-x86_64-i386-64bit)]
      content-length: ['5']
      content-md5: [c9//V/4k6Ae9T7G8TgfNcw==]
      content-type: [binary/octet-stream]
      host: [dnanexus-platform-upload-prod.s3.amazonaws.com]
      x-amz-server-side-encryption: [AES256]
    method: PUT
    uri: https://dnanexus-platform-upload-prod.s3.amazonaws.com/filev2/8afd/file/open/file-FP9k43Q0k0PqPYg95F286zBz/1?X-Amz-Algorithm=AWS4-HMAC-SHA256&X-Amz-Credential=AKIAJDCC37XBLBSWJBVQ%2F20181026%2Fus-east-1%2Fs3%2Faws4_request&X-Amz-Date=20181026T221542Z&X-Amz-Expires=120&X-Amz-SignedHeaders=content-length%3Bcontent-md5%3Bcontent-type%3Bhost%3Bx-amz-server-side-encryption&X-Amz-Signature=df7ce4c619db5a31d2b6388988869c8e319dd59e82d69f76038f06db0e04f887
  response:
    body: {string: !!python/unicode ''}
    headers:
      content-length: ['0']
      date: ['Fri, 26 Oct 2018 22:15:44 GMT']
      etag: ['"73dfff57fe24e807bd4fb1bc4e07cd73"']
      server: [AmazonS3]
      x-amz-expiration: ['expiry-date="Sat, 17 Nov 2018 00:00:00 GMT", rule-id="3weekpurge"']
      x-amz-id-2: [qbHXqBFwwid74v/yYaO3T8cWtXWdAljTYTd9N+2do9fOD98Ehs/KUxNc5sZwj7Khuq0rQl2KBS0=]
      x-amz-request-id: [ADCAB2257114EA12]
      x-amz-server-side-encryption: [AES256]
    status: {code: 200, message: OK}
- request:
    body: !!python/unicode '{"project": "project-FP9k4380k0Pf8GXkJpbYfZy1", "fields":
      {"state": true}}'
    headers:
      Content-Type: [application/json]
      DNAnexus-API: [1.0.0]
      User-Agent: [dxpy/0.267.0 (Darwin-18.0.0-x86_64-i386-64bit)]
    method: POST
    uri: https://api.dnanexus.com/file-FP9k43Q0k0PqPYg95F286zBz/describe
  response:
    body: {string: !!python/unicode '{"id":"file-FP9k43Q0k0PqPYg95F286zBz","state":"open"}'}
    headers:
      connection: [keep-alive]
      content-length: ['53']
      content-type: [application/json; charset=utf-8]
      date: ['Fri, 26 Oct 2018 22:15:43 GMT']
      server: [nginx]
      x-content-type-options: [nosniff]
      x-powered-by: [Express]
      x-request-id: [1540592143652-254555]
    status: {code: 200, message: OK}
- request:
    body: !!python/unicode '{}'
    headers:
      Content-Type: [application/json]
      DNAnexus-API: [1.0.0]
      User-Agent: [dxpy/0.267.0 (Darwin-18.0.0-x86_64-i386-64bit)]
    method: POST
    uri: https://api.dnanexus.com/file-FP9k43Q0k0PqPYg95F286zBz/close
  response:
    body: {string: !!python/unicode '{"id":"file-FP9k43Q0k0PqPYg95F286zBz"}'}
    headers:
      connection: [keep-alive]
      content-length: ['38']
      content-type: [application/json; charset=utf-8]
      date: ['Fri, 26 Oct 2018 22:15:43 GMT']
      server: [nginx]
      x-content-type-options: [nosniff]
      x-powered-by: [Express]
      x-request-id: [1540592143776-406036]
    status: {code: 200, message: OK}
- request:
    body: !!python/unicode '{"limit": 2, "name": "TestExists.test_true_file.189ad350",
      "level": "VIEW"}'
    headers:
      Content-Type: [application/json]
      DNAnexus-API: [1.0.0]
      User-Agent: [dxpy/0.267.0 (Darwin-18.0.0-x86_64-i386-64bit)]
    method: POST
    uri: https://api.dnanexus.com/system/findProjects
  response:
    body: {string: !!python/unicode '{"results":[{"id":"project-FP9k4380k0Pf8GXkJpbYfZy1","level":"ADMINISTER","permissionSources":["user-akumar_counsyl"],"public":false}],"next":null}'}
    headers:
      connection: [keep-alive]
      content-length: ['147']
      content-type: [application/json; charset=utf-8]
      date: ['Fri, 26 Oct 2018 22:15:43 GMT']
      server: [nginx]
      x-content-type-options: [nosniff]
      x-powered-by: [Express]
      x-request-id: [1540592143935-214701]
    status: {code: 200, message: OK}
- request:
    body: !!python/unicode '{"objects": [{"name": "folder_file.txt", "project": "project-FP9k4380k0Pf8GXkJpbYfZy1",
      "batchsize": 2, "folder": "/temp_folder"}]}'
    headers:
      Content-Type: [application/json]
      DNAnexus-API: [1.0.0]
      User-Agent: [dxpy/0.267.0 (Darwin-18.0.0-x86_64-i386-64bit)]
    method: POST
    uri: https://api.dnanexus.com/system/resolveDataObjects
  response:
    body: {string: !!python/unicode '{"results":[[{"project":"project-FP9k4380k0Pf8GXkJpbYfZy1","id":"file-FP9k43Q0k0PqPYg95F286zBz"}]]}'}
    headers:
      connection: [keep-alive]
      content-length: ['99']
      content-type: [application/json; charset=utf-8]
      date: ['Fri, 26 Oct 2018 22:15:44 GMT']
      server: [nginx]
      x-content-type-options: [nosniff]
      x-powered-by: [Express]
      x-request-id: [1540592144096-650424]
    status: {code: 200, message: OK}
- request:
    body: !!python/unicode '{"project": "project-FP9k4380k0Pf8GXkJpbYfZy1"}'
    headers:
      Content-Type: [application/json]
      DNAnexus-API: [1.0.0]
      User-Agent: [dxpy/0.267.0 (Darwin-18.0.0-x86_64-i386-64bit)]
    method: POST
    uri: https://api.dnanexus.com/file-FP9k43Q0k0PqPYg95F286zBz/describe
  response:
    body: {string: !!python/unicode '{"id":"file-FP9k43Q0k0PqPYg95F286zBz","project":"project-FP9k4380k0Pf8GXkJpbYfZy1","class":"file","sponsored":false,"name":"folder_file.txt","types":[],"state":"closing","hidden":false,"links":[],"folder":"/temp_folder","tags":[],"created":1540592142000,"modified":1540592144314,"createdBy":{"user":"user-akumar_counsyl"},"media":"","archivalState":"live"}'}
    headers:
      connection: [keep-alive]
      content-length: ['356']
      content-type: [application/json; charset=utf-8]
      date: ['Fri, 26 Oct 2018 22:15:44 GMT']
      server: [nginx]
      x-content-type-options: [nosniff]
      x-powered-by: [Express]
      x-request-id: [1540592144244-6949]
    status: {code: 200, message: OK}
- request:
    body: !!python/unicode '{}'
    headers:
      Content-Type: [application/json]
      DNAnexus-API: [1.0.0]
      User-Agent: [dxpy/0.267.0 (Darwin-18.0.0-x86_64-i386-64bit)]
    method: POST
    uri: https://api.dnanexus.com/project-FP9k4380k0Pf8GXkJpbYfZy1/destroy
  response:
    body: {string: !!python/unicode '{"id":"project-FP9k4380k0Pf8GXkJpbYfZy1"}'}
    headers:
      connection: [keep-alive]
      content-length: ['41']
      content-type: [application/json; charset=utf-8]
      date: ['Fri, 26 Oct 2018 22:15:47 GMT']
      server: [nginx]
      x-content-type-options: [nosniff]
      x-powered-by: [Express]
      x-request-id: [1540592144466-862812]
    status: {code: 200, message: OK}
version: 1
